<html>
<body>
<pre>
<h1>µVision Build Log</h1>
<h2>Project:</h2>
C:\Nordic Semiconductor\GCC\nrf51822_v6.0.0\Board\nrf6310\device_firmware_updates\bootloader - gcc\arm\bootloader.uvproj
Project File Date:  07/25/2014

<h2>Output:</h2>
Build target 'dfu_dual_bank_ble (s110)'
compiling bootloader.c...
linking...
Program Size: Code=19360 RO-data=256 RW-data=260 ZI-data=5968  
FromELF: creating hex file...
".\_build\bootloader.axf" - 0 Error(s), 0 Warning(s).
"nrfjprog.exe" --reset --program "C:\Nordic Semiconductor\GCC\nrf51822_v6.0.0\Board\nrf6310\device_firmware_updates\bootloader - gcc\arm\_build\bootloader.HEX" 
Parsing hex file(s).
Checking that there is no data to be written in region 0.
Checking that there are no UICR conflicts.
Checking that the area to download is erased, and erasing if necessary.
Erasing pages 212 to 231.
Programming.
Applying system reset.
" --reset --program "C:\Nordic Semiconductor\GCC\nrf51822_v6.0.0\Board\nrf6310\device_firmware_updates\bootloader - gcc\arm\_build\bootloader.HEX" 
Parsing hex file(s).
Checking that there is no data to be written in region 0.
Checking that there are no UICR conflicts.
Checking that the area to download is erased, and erasing if necessary.
Erasing pages 212 to 231.
Programming.
Applying system reset.
to 231.
Programming.
Applying system reset.
d erase protection mechanism.
Applying system reset.
.
Applying system reset.
e.c...
compiling ble_conn_params.c...
compiling ble_srv_common.c...
linking...
Program Size: Code=12424 RO-data=256 RW-data=244 ZI-data=5968  
compiling system_nrf51.c...
compiling main.c...
compiling dfu_dual_bank.c...
compiling bootloader.c...
compiling bootloader_util_arm.c...
compiling app_timer.c...
compiling app_scheduler.c...
compiling app_gpiote.c...
compiling softdevice_handler.c...
compiling pstorage.c...
compiling hci_mem_pool.c...
compiling dfu_transport_ble.c...
compiling ble_conn_params.c...
compiling ble_srv_common.c...
linking...
Program Size: Code=12424 RO-data=256 RW-data=244 ZI-data=5968  
FromELF: creating hex file...
".\_build\bootloader.axf" - 0 Error(s), 0 Warning(s).
*** Completed Cross-Module-Optimization after 3 iteration(s).
