<!doctype html public "-//w3c//dtd html 4.0 transitional//en">
<html><head>
<title>Static Call Graph - [.\_build\bootloader.axf]</title></head>
<body><HR>
<H1>Static Call Graph for image .\_build\bootloader.axf</H1><HR>
<BR><P>#&#060CALLGRAPH&#062# ARM Linker, 5.03 [Build 76]: Last Updated: Tue Jul 29 15:07:17 2014
<BR><P>
<H3>Maximum Stack Usage =        352 bytes + Unknown(Functions without stacksize, Cycles, Untraceable Function Pointers)</H3><H3>
Call chain for Maximum Stack Depth:</H3>
__rt_entry_main &rArr; main &rArr; bootloader_dfu_start &rArr; dfu_transport_update_start &rArr; advertising_init &rArr; ble_advdata_set &rArr; adv_data_encode &rArr; uuid_list_encode &rArr; uuid_list_sized_encode
<P>
<H3>
Functions with no stack information
</H3><UL>
 <LI><a href="#[be]">__user_initial_stackheap</a>
</UL>
</UL>
<P>
<H3>
Mutually Recursive functions
</H3> <LI><a href="#[6]">NMI_Handler</a>&nbsp;&nbsp;&nbsp;&rArr;&nbsp;&nbsp;&nbsp;<a href="#[6]">NMI_Handler</a><BR>
 <LI><a href="#[7]">HardFault_Handler</a>&nbsp;&nbsp;&nbsp;&rArr;&nbsp;&nbsp;&nbsp;<a href="#[7]">HardFault_Handler</a><BR>
 <LI><a href="#[8]">SVC_Handler</a>&nbsp;&nbsp;&nbsp;&rArr;&nbsp;&nbsp;&nbsp;<a href="#[8]">SVC_Handler</a><BR>
 <LI><a href="#[9]">PendSV_Handler</a>&nbsp;&nbsp;&nbsp;&rArr;&nbsp;&nbsp;&nbsp;<a href="#[9]">PendSV_Handler</a><BR>
 <LI><a href="#[a]">SysTick_Handler</a>&nbsp;&nbsp;&nbsp;&rArr;&nbsp;&nbsp;&nbsp;<a href="#[a]">SysTick_Handler</a><BR>
 <LI><a href="#[11]">ADC_IRQHandler</a>&nbsp;&nbsp;&nbsp;&rArr;&nbsp;&nbsp;&nbsp;<a href="#[11]">ADC_IRQHandler</a><BR>
 <LI><a href="#[45]">__asm___11_app_timer_c_cd27f9c3__nrf_delay_us</a>&nbsp;&nbsp;&nbsp;&rArr;&nbsp;&nbsp;&nbsp;<a href="#[45]">__asm___11_app_timer_c_cd27f9c3__nrf_delay_us</a><BR>
</UL>
<P>
<H3>
Function Pointers
</H3><UL>
 <LI><a href="#[11]">ADC_IRQHandler</a> from arm_startup_nrf51.o(.text) referenced from arm_startup_nrf51.o(RESET)
 <LI><a href="#[19]">CCM_AAR_IRQHandler</a> from arm_startup_nrf51.o(.text) referenced from arm_startup_nrf51.o(RESET)
 <LI><a href="#[18]">ECB_IRQHandler</a> from arm_startup_nrf51.o(.text) referenced from arm_startup_nrf51.o(RESET)
 <LI><a href="#[10]">GPIOTE_IRQHandler</a> from app_gpiote.o(.text) referenced from arm_startup_nrf51.o(RESET)
 <LI><a href="#[7]">HardFault_Handler</a> from arm_startup_nrf51.o(.text) referenced from arm_startup_nrf51.o(RESET)
 <LI><a href="#[1d]">LPCOMP_IRQHandler</a> from arm_startup_nrf51.o(.text) referenced from arm_startup_nrf51.o(RESET)
 <LI><a href="#[6]">NMI_Handler</a> from arm_startup_nrf51.o(.text) referenced from arm_startup_nrf51.o(RESET)
 <LI><a href="#[b]">POWER_CLOCK_IRQHandler</a> from arm_startup_nrf51.o(.text) referenced from arm_startup_nrf51.o(RESET)
 <LI><a href="#[9]">PendSV_Handler</a> from arm_startup_nrf51.o(.text) referenced from arm_startup_nrf51.o(RESET)
 <LI><a href="#[1c]">QDEC_IRQHandler</a> from arm_startup_nrf51.o(.text) referenced from arm_startup_nrf51.o(RESET)
 <LI><a href="#[c]">RADIO_IRQHandler</a> from arm_startup_nrf51.o(.text) referenced from arm_startup_nrf51.o(RESET)
 <LI><a href="#[17]">RNG_IRQHandler</a> from arm_startup_nrf51.o(.text) referenced from arm_startup_nrf51.o(RESET)
 <LI><a href="#[15]">RTC0_IRQHandler</a> from arm_startup_nrf51.o(.text) referenced from arm_startup_nrf51.o(RESET)
 <LI><a href="#[1b]">RTC1_IRQHandler</a> from app_timer.o(.text) referenced from arm_startup_nrf51.o(RESET)
 <LI><a href="#[5]">Reset_Handler</a> from arm_startup_nrf51.o(.text) referenced from arm_startup_nrf51.o(RESET)
 <LI><a href="#[e]">SPI0_TWI0_IRQHandler</a> from arm_startup_nrf51.o(.text) referenced from arm_startup_nrf51.o(RESET)
 <LI><a href="#[f]">SPI1_TWI1_IRQHandler</a> from arm_startup_nrf51.o(.text) referenced from arm_startup_nrf51.o(RESET)
 <LI><a href="#[8]">SVC_Handler</a> from arm_startup_nrf51.o(.text) referenced from arm_startup_nrf51.o(RESET)
 <LI><a href="#[1e]">SWI0_IRQHandler</a> from app_timer.o(.text) referenced from arm_startup_nrf51.o(RESET)
 <LI><a href="#[1f]">SWI1_IRQHandler</a> from arm_startup_nrf51.o(.text) referenced from arm_startup_nrf51.o(RESET)
 <LI><a href="#[20]">SWI2_IRQHandler</a> from softdevice_handler.o(.text) referenced from arm_startup_nrf51.o(RESET)
 <LI><a href="#[21]">SWI3_IRQHandler</a> from arm_startup_nrf51.o(.text) referenced from arm_startup_nrf51.o(RESET)
 <LI><a href="#[22]">SWI4_IRQHandler</a> from arm_startup_nrf51.o(.text) referenced from arm_startup_nrf51.o(RESET)
 <LI><a href="#[23]">SWI5_IRQHandler</a> from arm_startup_nrf51.o(.text) referenced from arm_startup_nrf51.o(RESET)
 <LI><a href="#[a]">SysTick_Handler</a> from arm_startup_nrf51.o(.text) referenced from arm_startup_nrf51.o(RESET)
 <LI><a href="#[24]">SystemInit</a> from system_nrf51.o(.text) referenced from arm_startup_nrf51.o(.text)
 <LI><a href="#[16]">TEMP_IRQHandler</a> from arm_startup_nrf51.o(.text) referenced from arm_startup_nrf51.o(RESET)
 <LI><a href="#[12]">TIMER0_IRQHandler</a> from arm_startup_nrf51.o(.text) referenced from arm_startup_nrf51.o(RESET)
 <LI><a href="#[13]">TIMER1_IRQHandler</a> from arm_startup_nrf51.o(.text) referenced from arm_startup_nrf51.o(RESET)
 <LI><a href="#[14]">TIMER2_IRQHandler</a> from arm_startup_nrf51.o(.text) referenced from arm_startup_nrf51.o(RESET)
 <LI><a href="#[d]">UART0_IRQHandler</a> from arm_startup_nrf51.o(.text) referenced from arm_startup_nrf51.o(RESET)
 <LI><a href="#[1a]">WDT_IRQHandler</a> from arm_startup_nrf51.o(.text) referenced from arm_startup_nrf51.o(RESET)
 <LI><a href="#[35]">__main</a> from __main.o(!!!main) referenced from arm_startup_nrf51.o(.text)
 <LI><a href="#[27]">app_timer_evt_get</a> from main.o(.text) referenced from main.o(.text)
 <LI><a href="#[26]">app_timer_evt_schedule</a> from main.o(.text) referenced from main.o(.text)
 <LI><a href="#[2f]">ble_evt_dispatch</a> from dfu_transport_ble.o(.text) referenced from dfu_transport_ble.o(.text)
 <LI><a href="#[33]">conn_params_error_handler</a> from dfu_transport_ble.o(.text) referenced from dfu_transport_ble.o(.text)
 <LI><a href="#[30]">dfu_cb_handler</a> from dfu_transport_ble.o(.text) referenced from dfu_transport_ble.o(.text)
 <LI><a href="#[2c]">dfu_timeout_handler</a> from dfu_dual_bank.o(.text) referenced from dfu_dual_bank.o(.text)
 <LI><a href="#[31]">on_dfu_evt</a> from dfu_transport_ble.o(.text) referenced from dfu_transport_ble.o(.text)
 <LI><a href="#[2b]">pstorage_callback_handler</a> from dfu_dual_bank.o(.text) referenced 2 times from dfu_dual_bank.o(.text)
 <LI><a href="#[32]">service_error_handler</a> from dfu_transport_ble.o(.text) referenced from dfu_transport_ble.o(.text)
 <LI><a href="#[2e]">softdevice_assertion_handler</a> from softdevice_handler.o(.text) referenced from softdevice_handler.o(.text)
 <LI><a href="#[2a]">softdevice_evt_get</a> from main.o(.text) referenced from main.o(.text)
 <LI><a href="#[28]">softdevice_evt_schedule</a> from main.o(.text) referenced from main.o(.text)
 <LI><a href="#[29]">sys_evt_dispatch</a> from main.o(.text) referenced from main.o(.text)
 <LI><a href="#[34]">update_timeout_handler</a> from ble_conn_params.o(.text) referenced from ble_conn_params.o(.text)
</UL>
<P>
<H3>
Global Symbols
</H3>
<P><STRONG><a name="[35]"></a>__main</STRONG> (Thumb, 8 bytes, Stack size 0 bytes, __main.o(!!!main))
<BR><BR>[Calls]<UL><LI><a href="#[36]">&gt;&gt;</a>&nbsp;&nbsp;&nbsp;__scatterload
<LI><a href="#[37]">&gt;&gt;</a>&nbsp;&nbsp;&nbsp;__rt_entry
</UL>

<P><STRONG><a name="[36]"></a>__scatterload</STRONG> (Thumb, 0 bytes, Stack size unknown bytes, __scatter.o(!!!scatter))
<BR><BR>[Called By]<UL><LI><a href="#[35]">&gt;&gt;</a>&nbsp;&nbsp;&nbsp;__main
</UL>

<P><STRONG><a name="[38]"></a>__scatterload_rt2</STRONG> (Thumb, 52 bytes, Stack size unknown bytes, __scatter.o(!!!scatter), UNUSED)
<BR><BR>[Calls]<UL><LI><a href="#[37]">&gt;&gt;</a>&nbsp;&nbsp;&nbsp;__rt_entry
</UL>

<P><STRONG><a name="[c1]"></a>__scatterload_rt2_thumb_only</STRONG> (Thumb, 0 bytes, Stack size unknown bytes, __scatter.o(!!!scatter), UNUSED)

<P><STRONG><a name="[c2]"></a>__scatterload_null</STRONG> (Thumb, 0 bytes, Stack size unknown bytes, __scatter.o(!!!scatter), UNUSED)

<P><STRONG><a name="[39]"></a>__scatterload_copy</STRONG> (Thumb, 26 bytes, Stack size unknown bytes, __scatter_copy.o(!!handler_copy), UNUSED)
<BR><BR>[Calls]<UL><LI><a href="#[39]">&gt;&gt;</a>&nbsp;&nbsp;&nbsp;__scatterload_copy
</UL>
<BR>[Called By]<UL><LI><a href="#[39]">&gt;&gt;</a>&nbsp;&nbsp;&nbsp;__scatterload_copy
</UL>

<P><STRONG><a name="[c3]"></a>__scatterload_zeroinit</STRONG> (Thumb, 28 bytes, Stack size unknown bytes, __scatter_zi.o(!!handler_zi), UNUSED)

<P><STRONG><a name="[3d]"></a>__rt_lib_init</STRONG> (Thumb, 0 bytes, Stack size unknown bytes, libinit.o(.ARM.Collect$$libinit$$00000000))
<BR><BR>[Called By]<UL><LI><a href="#[3c]">&gt;&gt;</a>&nbsp;&nbsp;&nbsp;__rt_entry_li
</UL>

<P><STRONG><a name="[c4]"></a>__rt_lib_init_fp_1</STRONG> (Thumb, 0 bytes, Stack size unknown bytes, libinit2.o(.ARM.Collect$$libinit$$00000001))

<P><STRONG><a name="[c5]"></a>__rt_lib_init_alloca_1</STRONG> (Thumb, 0 bytes, Stack size unknown bytes, libinit2.o(.ARM.Collect$$libinit$$0000002C))

<P><STRONG><a name="[c6]"></a>__rt_lib_init_argv_1</STRONG> (Thumb, 0 bytes, Stack size unknown bytes, libinit2.o(.ARM.Collect$$libinit$$0000002A))

<P><STRONG><a name="[c7]"></a>__rt_lib_init_atexit_1</STRONG> (Thumb, 0 bytes, Stack size unknown bytes, libinit2.o(.ARM.Collect$$libinit$$00000019))

<P><STRONG><a name="[c8]"></a>__rt_lib_init_clock_1</STRONG> (Thumb, 0 bytes, Stack size unknown bytes, libinit2.o(.ARM.Collect$$libinit$$0000001F))

<P><STRONG><a name="[c9]"></a>__rt_lib_init_cpp_1</STRONG> (Thumb, 0 bytes, Stack size unknown bytes, libinit2.o(.ARM.Collect$$libinit$$00000030))

<P><STRONG><a name="[ca]"></a>__rt_lib_init_exceptions_1</STRONG> (Thumb, 0 bytes, Stack size unknown bytes, libinit2.o(.ARM.Collect$$libinit$$0000002E))

<P><STRONG><a name="[cb]"></a>__rt_lib_init_fp_trap_1</STRONG> (Thumb, 0 bytes, Stack size unknown bytes, libinit2.o(.ARM.Collect$$libinit$$0000001D))

<P><STRONG><a name="[cc]"></a>__rt_lib_init_getenv_1</STRONG> (Thumb, 0 bytes, Stack size unknown bytes, libinit2.o(.ARM.Collect$$libinit$$00000021))

<P><STRONG><a name="[cd]"></a>__rt_lib_init_heap_1</STRONG> (Thumb, 0 bytes, Stack size unknown bytes, libinit2.o(.ARM.Collect$$libinit$$00000008))

<P><STRONG><a name="[ce]"></a>__rt_lib_init_lc_collate_1</STRONG> (Thumb, 0 bytes, Stack size unknown bytes, libinit2.o(.ARM.Collect$$libinit$$0000000F))

<P><STRONG><a name="[cf]"></a>__rt_lib_init_lc_ctype_1</STRONG> (Thumb, 0 bytes, Stack size unknown bytes, libinit2.o(.ARM.Collect$$libinit$$00000011))

<P><STRONG><a name="[d0]"></a>__rt_lib_init_lc_monetary_1</STRONG> (Thumb, 0 bytes, Stack size unknown bytes, libinit2.o(.ARM.Collect$$libinit$$00000013))

<P><STRONG><a name="[d1]"></a>__rt_lib_init_lc_numeric_1</STRONG> (Thumb, 0 bytes, Stack size unknown bytes, libinit2.o(.ARM.Collect$$libinit$$00000015))

<P><STRONG><a name="[d2]"></a>__rt_lib_init_lc_time_1</STRONG> (Thumb, 0 bytes, Stack size unknown bytes, libinit2.o(.ARM.Collect$$libinit$$00000017))

<P><STRONG><a name="[d3]"></a>__rt_lib_init_rand_1</STRONG> (Thumb, 0 bytes, Stack size unknown bytes, libinit2.o(.ARM.Collect$$libinit$$0000000C))

<P><STRONG><a name="[d4]"></a>__rt_lib_init_return</STRONG> (Thumb, 0 bytes, Stack size unknown bytes, libinit2.o(.ARM.Collect$$libinit$$00000031))

<P><STRONG><a name="[d5]"></a>__rt_lib_init_signal_1</STRONG> (Thumb, 0 bytes, Stack size unknown bytes, libinit2.o(.ARM.Collect$$libinit$$0000001B))

<P><STRONG><a name="[d6]"></a>__rt_lib_init_stdio_1</STRONG> (Thumb, 0 bytes, Stack size unknown bytes, libinit2.o(.ARM.Collect$$libinit$$00000023))

<P><STRONG><a name="[d7]"></a>__rt_lib_init_user_alloc_1</STRONG> (Thumb, 0 bytes, Stack size unknown bytes, libinit2.o(.ARM.Collect$$libinit$$0000000A))

<P><STRONG><a name="[42]"></a>__rt_lib_shutdown</STRONG> (Thumb, 0 bytes, Stack size unknown bytes, libshutdown.o(.ARM.Collect$$libshutdown$$00000000))
<BR><BR>[Called By]<UL><LI><a href="#[41]">&gt;&gt;</a>&nbsp;&nbsp;&nbsp;__rt_exit_ls
</UL>

<P><STRONG><a name="[d8]"></a>__rt_lib_shutdown_fp_trap_1</STRONG> (Thumb, 0 bytes, Stack size unknown bytes, libshutdown2.o(.ARM.Collect$$libshutdown$$00000006))

<P><STRONG><a name="[d9]"></a>__rt_lib_shutdown_heap_1</STRONG> (Thumb, 0 bytes, Stack size unknown bytes, libshutdown2.o(.ARM.Collect$$libshutdown$$0000000E))

<P><STRONG><a name="[da]"></a>__rt_lib_shutdown_return</STRONG> (Thumb, 0 bytes, Stack size unknown bytes, libshutdown2.o(.ARM.Collect$$libshutdown$$0000000F))

<P><STRONG><a name="[db]"></a>__rt_lib_shutdown_signal_1</STRONG> (Thumb, 0 bytes, Stack size unknown bytes, libshutdown2.o(.ARM.Collect$$libshutdown$$00000009))

<P><STRONG><a name="[dc]"></a>__rt_lib_shutdown_stdio_1</STRONG> (Thumb, 0 bytes, Stack size unknown bytes, libshutdown2.o(.ARM.Collect$$libshutdown$$00000003))

<P><STRONG><a name="[dd]"></a>__rt_lib_shutdown_user_alloc_1</STRONG> (Thumb, 0 bytes, Stack size unknown bytes, libshutdown2.o(.ARM.Collect$$libshutdown$$0000000B))

<P><STRONG><a name="[37]"></a>__rt_entry</STRONG> (Thumb, 0 bytes, Stack size unknown bytes, rtentry.o(.ARM.Collect$$rtentry$$00000000))
<BR><BR>[Called By]<UL><LI><a href="#[38]">&gt;&gt;</a>&nbsp;&nbsp;&nbsp;__scatterload_rt2
<LI><a href="#[35]">&gt;&gt;</a>&nbsp;&nbsp;&nbsp;__main
</UL>

<P><STRONG><a name="[de]"></a>__rt_entry_presh_1</STRONG> (Thumb, 0 bytes, Stack size unknown bytes, rtentry2.o(.ARM.Collect$$rtentry$$00000002))

<P><STRONG><a name="[3a]"></a>__rt_entry_sh</STRONG> (Thumb, 0 bytes, Stack size unknown bytes, rtentry4.o(.ARM.Collect$$rtentry$$00000004))
<BR><BR>[Stack]<UL><LI>Max Depth = 8 + Unknown Stack Size
<LI>Call Chain = __rt_entry_sh &rArr; __user_setup_stackheap
</UL>
<BR>[Calls]<UL><LI><a href="#[3b]">&gt;&gt;</a>&nbsp;&nbsp;&nbsp;__user_setup_stackheap
</UL>

<P><STRONG><a name="[3c]"></a>__rt_entry_li</STRONG> (Thumb, 0 bytes, Stack size unknown bytes, rtentry2.o(.ARM.Collect$$rtentry$$0000000A))
<BR><BR>[Calls]<UL><LI><a href="#[3d]">&gt;&gt;</a>&nbsp;&nbsp;&nbsp;__rt_lib_init
</UL>

<P><STRONG><a name="[df]"></a>__rt_entry_postsh_1</STRONG> (Thumb, 0 bytes, Stack size unknown bytes, rtentry2.o(.ARM.Collect$$rtentry$$00000009))

<P><STRONG><a name="[3e]"></a>__rt_entry_main</STRONG> (Thumb, 0 bytes, Stack size unknown bytes, rtentry2.o(.ARM.Collect$$rtentry$$0000000D))
<BR><BR>[Stack]<UL><LI>Max Depth = 352 + Unknown Stack Size
<LI>Call Chain = __rt_entry_main &rArr; main &rArr; bootloader_dfu_start &rArr; dfu_transport_update_start &rArr; advertising_init &rArr; ble_advdata_set &rArr; adv_data_encode &rArr; uuid_list_encode &rArr; uuid_list_sized_encode
</UL>
<BR>[Calls]<UL><LI><a href="#[3f]">&gt;&gt;</a>&nbsp;&nbsp;&nbsp;main
<LI><a href="#[40]">&gt;&gt;</a>&nbsp;&nbsp;&nbsp;exit
</UL>

<P><STRONG><a name="[e0]"></a>__rt_entry_postli_1</STRONG> (Thumb, 0 bytes, Stack size unknown bytes, rtentry2.o(.ARM.Collect$$rtentry$$0000000C))

<P><STRONG><a name="[c0]"></a>__rt_exit</STRONG> (Thumb, 0 bytes, Stack size unknown bytes, rtexit.o(.ARM.Collect$$rtexit$$00000000))
<BR><BR>[Called By]<UL><LI><a href="#[40]">&gt;&gt;</a>&nbsp;&nbsp;&nbsp;exit
</UL>

<P><STRONG><a name="[41]"></a>__rt_exit_ls</STRONG> (Thumb, 0 bytes, Stack size unknown bytes, rtexit2.o(.ARM.Collect$$rtexit$$00000003))
<BR><BR>[Calls]<UL><LI><a href="#[42]">&gt;&gt;</a>&nbsp;&nbsp;&nbsp;__rt_lib_shutdown
</UL>

<P><STRONG><a name="[e1]"></a>__rt_exit_prels_1</STRONG> (Thumb, 0 bytes, Stack size unknown bytes, rtexit2.o(.ARM.Collect$$rtexit$$00000002))

<P><STRONG><a name="[43]"></a>__rt_exit_exit</STRONG> (Thumb, 0 bytes, Stack size unknown bytes, rtexit2.o(.ARM.Collect$$rtexit$$00000004))
<BR><BR>[Calls]<UL><LI><a href="#[44]">&gt;&gt;</a>&nbsp;&nbsp;&nbsp;_sys_exit
</UL>

<P><STRONG><a name="[74]"></a>StartApplication</STRONG> (Thumb, 12 bytes, Stack size 0 bytes, bootloader_util_arm.o(.emb_text))
<BR><BR>[Called By]<UL><LI><a href="#[72]">&gt;&gt;</a>&nbsp;&nbsp;&nbsp;bootloader_util_app_start
</UL>

<P><STRONG><a name="[45]"></a>__asm___11_app_timer_c_cd27f9c3__nrf_delay_us</STRONG> (Thumb, 30 bytes, Stack size 0 bytes, app_timer.o(.emb_text))
<BR><BR>[Calls]<UL><LI><a href="#[45]">&gt;&gt;</a>&nbsp;&nbsp;&nbsp;__asm___11_app_timer_c_cd27f9c3__nrf_delay_us
</UL>
<BR>[Called By]<UL><LI><a href="#[45]">&gt;&gt;</a>&nbsp;&nbsp;&nbsp;__asm___11_app_timer_c_cd27f9c3__nrf_delay_us
<LI><a href="#[88]">&gt;&gt;</a>&nbsp;&nbsp;&nbsp;compare_reg_update
<LI><a href="#[80]">&gt;&gt;</a>&nbsp;&nbsp;&nbsp;rtc1_stop
</UL>

<P><STRONG><a name="[ae]"></a>__aeabi_memcpy4</STRONG> (Thumb, 56 bytes, Stack size 0 bytes, rt_memcpy.o(.emb_text))
<BR><BR>[Called By]<UL><LI><a href="#[8d]">&gt;&gt;</a>&nbsp;&nbsp;&nbsp;__aeabi_memcpy
<LI><a href="#[aa]">&gt;&gt;</a>&nbsp;&nbsp;&nbsp;ble_conn_params_init
</UL>

<P><STRONG><a name="[e2]"></a>__aeabi_memcpy8</STRONG> (Thumb, 0 bytes, Stack size 0 bytes, rt_memcpy.o(.emb_text), UNUSED)

<P><STRONG><a name="[24]"></a>SystemInit</STRONG> (Thumb, 64 bytes, Stack size 8 bytes, system_nrf51.o(.text))
<BR><BR>[Stack]<UL><LI>Max Depth = 8<LI>Call Chain = SystemInit
</UL>
<BR>[Calls]<UL><LI><a href="#[46]">&gt;&gt;</a>&nbsp;&nbsp;&nbsp;is_manual_peripheral_setup_needed
</UL>
<BR>[Address Reference Count : 1]<UL><LI> arm_startup_nrf51.o(.text)
</UL>
<P><STRONG><a name="[5]"></a>Reset_Handler</STRONG> (Thumb, 26 bytes, Stack size 0 bytes, arm_startup_nrf51.o(.text))
<BR>[Address Reference Count : 1]<UL><LI> arm_startup_nrf51.o(RESET)
</UL>
<P><STRONG><a name="[6]"></a>NMI_Handler</STRONG> (Thumb, 2 bytes, Stack size 0 bytes, arm_startup_nrf51.o(.text))
<BR><BR>[Calls]<UL><LI><a href="#[6]">&gt;&gt;</a>&nbsp;&nbsp;&nbsp;NMI_Handler
</UL>
<BR>[Called By]<UL><LI><a href="#[6]">&gt;&gt;</a>&nbsp;&nbsp;&nbsp;NMI_Handler
</UL>
<BR>[Address Reference Count : 1]<UL><LI> arm_startup_nrf51.o(RESET)
</UL>
<P><STRONG><a name="[7]"></a>HardFault_Handler</STRONG> (Thumb, 2 bytes, Stack size 0 bytes, arm_startup_nrf51.o(.text))
<BR><BR>[Calls]<UL><LI><a href="#[7]">&gt;&gt;</a>&nbsp;&nbsp;&nbsp;HardFault_Handler
</UL>
<BR>[Called By]<UL><LI><a href="#[7]">&gt;&gt;</a>&nbsp;&nbsp;&nbsp;HardFault_Handler
</UL>
<BR>[Address Reference Count : 1]<UL><LI> arm_startup_nrf51.o(RESET)
</UL>
<P><STRONG><a name="[8]"></a>SVC_Handler</STRONG> (Thumb, 2 bytes, Stack size 0 bytes, arm_startup_nrf51.o(.text))
<BR><BR>[Calls]<UL><LI><a href="#[8]">&gt;&gt;</a>&nbsp;&nbsp;&nbsp;SVC_Handler
</UL>
<BR>[Called By]<UL><LI><a href="#[8]">&gt;&gt;</a>&nbsp;&nbsp;&nbsp;SVC_Handler
</UL>
<BR>[Address Reference Count : 1]<UL><LI> arm_startup_nrf51.o(RESET)
</UL>
<P><STRONG><a name="[9]"></a>PendSV_Handler</STRONG> (Thumb, 2 bytes, Stack size 0 bytes, arm_startup_nrf51.o(.text))
<BR><BR>[Calls]<UL><LI><a href="#[9]">&gt;&gt;</a>&nbsp;&nbsp;&nbsp;PendSV_Handler
</UL>
<BR>[Called By]<UL><LI><a href="#[9]">&gt;&gt;</a>&nbsp;&nbsp;&nbsp;PendSV_Handler
</UL>
<BR>[Address Reference Count : 1]<UL><LI> arm_startup_nrf51.o(RESET)
</UL>
<P><STRONG><a name="[a]"></a>SysTick_Handler</STRONG> (Thumb, 2 bytes, Stack size 0 bytes, arm_startup_nrf51.o(.text))
<BR><BR>[Calls]<UL><LI><a href="#[a]">&gt;&gt;</a>&nbsp;&nbsp;&nbsp;SysTick_Handler
</UL>
<BR>[Called By]<UL><LI><a href="#[a]">&gt;&gt;</a>&nbsp;&nbsp;&nbsp;SysTick_Handler
</UL>
<BR>[Address Reference Count : 1]<UL><LI> arm_startup_nrf51.o(RESET)
</UL>
<P><STRONG><a name="[11]"></a>ADC_IRQHandler</STRONG> (Thumb, 0 bytes, Stack size 0 bytes, arm_startup_nrf51.o(.text))
<BR><BR>[Calls]<UL><LI><a href="#[11]">&gt;&gt;</a>&nbsp;&nbsp;&nbsp;ADC_IRQHandler
</UL>
<BR>[Called By]<UL><LI><a href="#[11]">&gt;&gt;</a>&nbsp;&nbsp;&nbsp;ADC_IRQHandler
</UL>
<BR>[Address Reference Count : 1]<UL><LI> arm_startup_nrf51.o(RESET)
</UL>
<P><STRONG><a name="[19]"></a>CCM_AAR_IRQHandler</STRONG> (Thumb, 0 bytes, Stack size 0 bytes, arm_startup_nrf51.o(.text))
<BR>[Address Reference Count : 1]<UL><LI> arm_startup_nrf51.o(RESET)
</UL>
<P><STRONG><a name="[18]"></a>ECB_IRQHandler</STRONG> (Thumb, 0 bytes, Stack size 0 bytes, arm_startup_nrf51.o(.text))
<BR>[Address Reference Count : 1]<UL><LI> arm_startup_nrf51.o(RESET)
</UL>
<P><STRONG><a name="[1d]"></a>LPCOMP_IRQHandler</STRONG> (Thumb, 0 bytes, Stack size 0 bytes, arm_startup_nrf51.o(.text))
<BR>[Address Reference Count : 1]<UL><LI> arm_startup_nrf51.o(RESET)
</UL>
<P><STRONG><a name="[b]"></a>POWER_CLOCK_IRQHandler</STRONG> (Thumb, 0 bytes, Stack size 0 bytes, arm_startup_nrf51.o(.text))
<BR>[Address Reference Count : 1]<UL><LI> arm_startup_nrf51.o(RESET)
</UL>
<P><STRONG><a name="[1c]"></a>QDEC_IRQHandler</STRONG> (Thumb, 0 bytes, Stack size 0 bytes, arm_startup_nrf51.o(.text))
<BR>[Address Reference Count : 1]<UL><LI> arm_startup_nrf51.o(RESET)
</UL>
<P><STRONG><a name="[c]"></a>RADIO_IRQHandler</STRONG> (Thumb, 0 bytes, Stack size 0 bytes, arm_startup_nrf51.o(.text))
<BR>[Address Reference Count : 1]<UL><LI> arm_startup_nrf51.o(RESET)
</UL>
<P><STRONG><a name="[17]"></a>RNG_IRQHandler</STRONG> (Thumb, 0 bytes, Stack size 0 bytes, arm_startup_nrf51.o(.text))
<BR>[Address Reference Count : 1]<UL><LI> arm_startup_nrf51.o(RESET)
</UL>
<P><STRONG><a name="[15]"></a>RTC0_IRQHandler</STRONG> (Thumb, 0 bytes, Stack size 0 bytes, arm_startup_nrf51.o(.text))
<BR>[Address Reference Count : 1]<UL><LI> arm_startup_nrf51.o(RESET)
</UL>
<P><STRONG><a name="[e]"></a>SPI0_TWI0_IRQHandler</STRONG> (Thumb, 0 bytes, Stack size 0 bytes, arm_startup_nrf51.o(.text))
<BR>[Address Reference Count : 1]<UL><LI> arm_startup_nrf51.o(RESET)
</UL>
<P><STRONG><a name="[f]"></a>SPI1_TWI1_IRQHandler</STRONG> (Thumb, 0 bytes, Stack size 0 bytes, arm_startup_nrf51.o(.text))
<BR>[Address Reference Count : 1]<UL><LI> arm_startup_nrf51.o(RESET)
</UL>
<P><STRONG><a name="[1f]"></a>SWI1_IRQHandler</STRONG> (Thumb, 0 bytes, Stack size 0 bytes, arm_startup_nrf51.o(.text))
<BR>[Address Reference Count : 1]<UL><LI> arm_startup_nrf51.o(RESET)
</UL>
<P><STRONG><a name="[21]"></a>SWI3_IRQHandler</STRONG> (Thumb, 0 bytes, Stack size 0 bytes, arm_startup_nrf51.o(.text))
<BR>[Address Reference Count : 1]<UL><LI> arm_startup_nrf51.o(RESET)
</UL>
<P><STRONG><a name="[22]"></a>SWI4_IRQHandler</STRONG> (Thumb, 0 bytes, Stack size 0 bytes, arm_startup_nrf51.o(.text))
<BR>[Address Reference Count : 1]<UL><LI> arm_startup_nrf51.o(RESET)
</UL>
<P><STRONG><a name="[23]"></a>SWI5_IRQHandler</STRONG> (Thumb, 0 bytes, Stack size 0 bytes, arm_startup_nrf51.o(.text))
<BR>[Address Reference Count : 1]<UL><LI> arm_startup_nrf51.o(RESET)
</UL>
<P><STRONG><a name="[16]"></a>TEMP_IRQHandler</STRONG> (Thumb, 0 bytes, Stack size 0 bytes, arm_startup_nrf51.o(.text))
<BR>[Address Reference Count : 1]<UL><LI> arm_startup_nrf51.o(RESET)
</UL>
<P><STRONG><a name="[12]"></a>TIMER0_IRQHandler</STRONG> (Thumb, 0 bytes, Stack size 0 bytes, arm_startup_nrf51.o(.text))
<BR>[Address Reference Count : 1]<UL><LI> arm_startup_nrf51.o(RESET)
</UL>
<P><STRONG><a name="[13]"></a>TIMER1_IRQHandler</STRONG> (Thumb, 0 bytes, Stack size 0 bytes, arm_startup_nrf51.o(.text))
<BR>[Address Reference Count : 1]<UL><LI> arm_startup_nrf51.o(RESET)
</UL>
<P><STRONG><a name="[14]"></a>TIMER2_IRQHandler</STRONG> (Thumb, 0 bytes, Stack size 0 bytes, arm_startup_nrf51.o(.text))
<BR>[Address Reference Count : 1]<UL><LI> arm_startup_nrf51.o(RESET)
</UL>
<P><STRONG><a name="[d]"></a>UART0_IRQHandler</STRONG> (Thumb, 0 bytes, Stack size 0 bytes, arm_startup_nrf51.o(.text))
<BR>[Address Reference Count : 1]<UL><LI> arm_startup_nrf51.o(RESET)
</UL>
<P><STRONG><a name="[1a]"></a>WDT_IRQHandler</STRONG> (Thumb, 0 bytes, Stack size 0 bytes, arm_startup_nrf51.o(.text))
<BR>[Address Reference Count : 1]<UL><LI> arm_startup_nrf51.o(RESET)
</UL>
<P><STRONG><a name="[be]"></a>__user_initial_stackheap</STRONG> (Thumb, 0 bytes, Stack size unknown bytes, arm_startup_nrf51.o(.text))
<BR><BR>[Called By]<UL><LI><a href="#[3b]">&gt;&gt;</a>&nbsp;&nbsp;&nbsp;__user_setup_stackheap
</UL>

<P><STRONG><a name="[47]"></a>app_error_handler</STRONG> (Thumb, 12 bytes, Stack size 0 bytes, main.o(.text))
<BR><BR>[Calls]<UL><LI><a href="#[48]">&gt;&gt;</a>&nbsp;&nbsp;&nbsp;NVIC_SystemReset
</UL>
<BR>[Called By]<UL><LI><a href="#[20]">&gt;&gt;</a>&nbsp;&nbsp;&nbsp;SWI2_IRQHandler
<LI><a href="#[81]">&gt;&gt;</a>&nbsp;&nbsp;&nbsp;timer_timeouts_check
<LI><a href="#[70]">&gt;&gt;</a>&nbsp;&nbsp;&nbsp;dfu_transport_update_start
<LI><a href="#[6d]">&gt;&gt;</a>&nbsp;&nbsp;&nbsp;dfu_transport_close
<LI><a href="#[6a]">&gt;&gt;</a>&nbsp;&nbsp;&nbsp;bootloader_settings_save
<LI><a href="#[2d]">&gt;&gt;</a>&nbsp;&nbsp;&nbsp;pstorage_callback_handler
<LI><a href="#[58]">&gt;&gt;</a>&nbsp;&nbsp;&nbsp;bootloader_dfu_update_process
<LI><a href="#[67]">&gt;&gt;</a>&nbsp;&nbsp;&nbsp;dfu_image_activate
<LI><a href="#[5c]">&gt;&gt;</a>&nbsp;&nbsp;&nbsp;dfu_init
<LI><a href="#[59]">&gt;&gt;</a>&nbsp;&nbsp;&nbsp;dfu_timer_restart
<LI><a href="#[2b]">&gt;&gt;</a>&nbsp;&nbsp;&nbsp;pstorage_callback_handler
<LI><a href="#[57]">&gt;&gt;</a>&nbsp;&nbsp;&nbsp;intern_softdevice_events_execute
<LI><a href="#[51]">&gt;&gt;</a>&nbsp;&nbsp;&nbsp;bootloader_dfu_start
<LI><a href="#[53]">&gt;&gt;</a>&nbsp;&nbsp;&nbsp;bootloader_app_start
<LI><a href="#[54]">&gt;&gt;</a>&nbsp;&nbsp;&nbsp;app_sched_event_put
<LI><a href="#[3f]">&gt;&gt;</a>&nbsp;&nbsp;&nbsp;main
<LI><a href="#[49]">&gt;&gt;</a>&nbsp;&nbsp;&nbsp;assert_nrf_callback
<LI><a href="#[2a]">&gt;&gt;</a>&nbsp;&nbsp;&nbsp;softdevice_evt_get
<LI><a href="#[27]">&gt;&gt;</a>&nbsp;&nbsp;&nbsp;app_timer_evt_get
<LI><a href="#[4e]">&gt;&gt;</a>&nbsp;&nbsp;&nbsp;ble_stack_init
<LI><a href="#[a9]">&gt;&gt;</a>&nbsp;&nbsp;&nbsp;advertising_init
<LI><a href="#[a8]">&gt;&gt;</a>&nbsp;&nbsp;&nbsp;gap_params_init
<LI><a href="#[a1]">&gt;&gt;</a>&nbsp;&nbsp;&nbsp;init_data_process
<LI><a href="#[a0]">&gt;&gt;</a>&nbsp;&nbsp;&nbsp;start_data_process
<LI><a href="#[32]">&gt;&gt;</a>&nbsp;&nbsp;&nbsp;service_error_handler
<LI><a href="#[a3]">&gt;&gt;</a>&nbsp;&nbsp;&nbsp;on_ble_evt
<LI><a href="#[a2]">&gt;&gt;</a>&nbsp;&nbsp;&nbsp;advertising_start
<LI><a href="#[31]">&gt;&gt;</a>&nbsp;&nbsp;&nbsp;on_dfu_evt
<LI><a href="#[33]">&gt;&gt;</a>&nbsp;&nbsp;&nbsp;conn_params_error_handler
<LI><a href="#[9b]">&gt;&gt;</a>&nbsp;&nbsp;&nbsp;app_data_process
<LI><a href="#[99]">&gt;&gt;</a>&nbsp;&nbsp;&nbsp;dfu_error_notify
<LI><a href="#[30]">&gt;&gt;</a>&nbsp;&nbsp;&nbsp;dfu_cb_handler
</UL>

<P><STRONG><a name="[49]"></a>assert_nrf_callback</STRONG> (Thumb, 10 bytes, Stack size 0 bytes, main.o(.text))
<BR><BR>[Calls]<UL><LI><a href="#[47]">&gt;&gt;</a>&nbsp;&nbsp;&nbsp;app_error_handler
</UL>
<BR>[Called By]<UL><LI><a href="#[2e]">&gt;&gt;</a>&nbsp;&nbsp;&nbsp;softdevice_assertion_handler
</UL>

<P><STRONG><a name="[3f]"></a>main</STRONG> (Thumb, 258 bytes, Stack size 8 bytes, main.o(.text))
<BR><BR>[Stack]<UL><LI>Max Depth = 352<LI>Call Chain = main &rArr; bootloader_dfu_start &rArr; dfu_transport_update_start &rArr; advertising_init &rArr; ble_advdata_set &rArr; adv_data_encode &rArr; uuid_list_encode &rArr; uuid_list_sized_encode
</UL>
<BR>[Calls]<UL><LI><a href="#[51]">&gt;&gt;</a>&nbsp;&nbsp;&nbsp;bootloader_dfu_start
<LI><a href="#[53]">&gt;&gt;</a>&nbsp;&nbsp;&nbsp;bootloader_app_start
<LI><a href="#[50]">&gt;&gt;</a>&nbsp;&nbsp;&nbsp;bootloader_app_is_valid
<LI><a href="#[4c]">&gt;&gt;</a>&nbsp;&nbsp;&nbsp;app_timer_init
<LI><a href="#[4f]">&gt;&gt;</a>&nbsp;&nbsp;&nbsp;app_sched_init
<LI><a href="#[4d]">&gt;&gt;</a>&nbsp;&nbsp;&nbsp;app_gpiote_init
<LI><a href="#[47]">&gt;&gt;</a>&nbsp;&nbsp;&nbsp;app_error_handler
<LI><a href="#[4e]">&gt;&gt;</a>&nbsp;&nbsp;&nbsp;ble_stack_init
<LI><a href="#[52]">&gt;&gt;</a>&nbsp;&nbsp;&nbsp;nrf_gpio_pin_clear
<LI><a href="#[4b]">&gt;&gt;</a>&nbsp;&nbsp;&nbsp;nrf_gpio_cfg_output
<LI><a href="#[48]">&gt;&gt;</a>&nbsp;&nbsp;&nbsp;NVIC_SystemReset
</UL>
<BR>[Called By]<UL><LI><a href="#[3e]">&gt;&gt;</a>&nbsp;&nbsp;&nbsp;__rt_entry_main
</UL>

<P><STRONG><a name="[5c]"></a>dfu_init</STRONG> (Thumb, 170 bytes, Stack size 48 bytes, dfu_dual_bank.o(.text))
<BR><BR>[Stack]<UL><LI>Max Depth = 200<LI>Call Chain = dfu_init &rArr; bootloader_dfu_update_process &rArr; bootloader_settings_save &rArr; pstorage_store &rArr; cmd_queue_enqueue &rArr; cmd_process &rArr; swap_state_process &rArr; __ARM_common_switch8
</UL>
<BR>[Calls]<UL><LI><a href="#[5d]">&gt;&gt;</a>&nbsp;&nbsp;&nbsp;pstorage_raw_register
<LI><a href="#[5f]">&gt;&gt;</a>&nbsp;&nbsp;&nbsp;pstorage_raw_clear
<LI><a href="#[5e]">&gt;&gt;</a>&nbsp;&nbsp;&nbsp;bootloader_settings_get
<LI><a href="#[58]">&gt;&gt;</a>&nbsp;&nbsp;&nbsp;bootloader_dfu_update_process
<LI><a href="#[5b]">&gt;&gt;</a>&nbsp;&nbsp;&nbsp;app_timer_start
<LI><a href="#[60]">&gt;&gt;</a>&nbsp;&nbsp;&nbsp;app_timer_create
<LI><a href="#[47]">&gt;&gt;</a>&nbsp;&nbsp;&nbsp;app_error_handler
</UL>
<BR>[Called By]<UL><LI><a href="#[51]">&gt;&gt;</a>&nbsp;&nbsp;&nbsp;bootloader_dfu_start
</UL>

<P><STRONG><a name="[a6]"></a>dfu_register_callback</STRONG> (Thumb, 6 bytes, Stack size 0 bytes, dfu_dual_bank.o(.text))
<BR><BR>[Called By]<UL><LI><a href="#[70]">&gt;&gt;</a>&nbsp;&nbsp;&nbsp;dfu_transport_update_start
</UL>

<P><STRONG><a name="[61]"></a>dfu_image_size_set</STRONG> (Thumb, 50 bytes, Stack size 16 bytes, dfu_dual_bank.o(.text))
<BR><BR>[Stack]<UL><LI>Max Depth = 56<LI>Call Chain = dfu_image_size_set &rArr; dfu_timer_restart &rArr; app_timer_start
</UL>
<BR>[Calls]<UL><LI><a href="#[59]">&gt;&gt;</a>&nbsp;&nbsp;&nbsp;dfu_timer_restart
</UL>
<BR>[Called By]<UL><LI><a href="#[a0]">&gt;&gt;</a>&nbsp;&nbsp;&nbsp;start_data_process
</UL>

<P><STRONG><a name="[62]"></a>dfu_data_pkt_handle</STRONG> (Thumb, 110 bytes, Stack size 16 bytes, dfu_dual_bank.o(.text))
<BR><BR>[Stack]<UL><LI>Max Depth = 136<LI>Call Chain = dfu_data_pkt_handle &rArr; pstorage_raw_store &rArr; cmd_queue_enqueue &rArr; cmd_process &rArr; swap_state_process &rArr; __ARM_common_switch8
</UL>
<BR>[Calls]<UL><LI><a href="#[63]">&gt;&gt;</a>&nbsp;&nbsp;&nbsp;pstorage_raw_store
<LI><a href="#[59]">&gt;&gt;</a>&nbsp;&nbsp;&nbsp;dfu_timer_restart
</UL>
<BR>[Called By]<UL><LI><a href="#[9b]">&gt;&gt;</a>&nbsp;&nbsp;&nbsp;app_data_process
</UL>

<P><STRONG><a name="[64]"></a>dfu_init_pkt_handle</STRONG> (Thumb, 74 bytes, Stack size 24 bytes, dfu_dual_bank.o(.text))
<BR><BR>[Stack]<UL><LI>Max Depth = 64<LI>Call Chain = dfu_init_pkt_handle &rArr; dfu_timer_restart &rArr; app_timer_start
</UL>
<BR>[Calls]<UL><LI><a href="#[59]">&gt;&gt;</a>&nbsp;&nbsp;&nbsp;dfu_timer_restart
</UL>
<BR>[Called By]<UL><LI><a href="#[a1]">&gt;&gt;</a>&nbsp;&nbsp;&nbsp;init_data_process
</UL>

<P><STRONG><a name="[65]"></a>dfu_image_validate</STRONG> (Thumb, 76 bytes, Stack size 16 bytes, dfu_dual_bank.o(.text))
<BR><BR>[Stack]<UL><LI>Max Depth = 56<LI>Call Chain = dfu_image_validate &rArr; dfu_timer_restart &rArr; app_timer_start
</UL>
<BR>[Calls]<UL><LI><a href="#[66]">&gt;&gt;</a>&nbsp;&nbsp;&nbsp;crc16_compute
<LI><a href="#[59]">&gt;&gt;</a>&nbsp;&nbsp;&nbsp;dfu_timer_restart
</UL>
<BR>[Called By]<UL><LI><a href="#[31]">&gt;&gt;</a>&nbsp;&nbsp;&nbsp;on_dfu_evt
</UL>

<P><STRONG><a name="[67]"></a>dfu_image_activate</STRONG> (Thumb, 100 bytes, Stack size 24 bytes, dfu_dual_bank.o(.text))
<BR><BR>[Stack]<UL><LI>Max Depth = 176<LI>Call Chain = dfu_image_activate &rArr; bootloader_dfu_update_process &rArr; bootloader_settings_save &rArr; pstorage_store &rArr; cmd_queue_enqueue &rArr; cmd_process &rArr; swap_state_process &rArr; __ARM_common_switch8
</UL>
<BR>[Calls]<UL><LI><a href="#[63]">&gt;&gt;</a>&nbsp;&nbsp;&nbsp;pstorage_raw_store
<LI><a href="#[5f]">&gt;&gt;</a>&nbsp;&nbsp;&nbsp;pstorage_raw_clear
<LI><a href="#[58]">&gt;&gt;</a>&nbsp;&nbsp;&nbsp;bootloader_dfu_update_process
<LI><a href="#[5a]">&gt;&gt;</a>&nbsp;&nbsp;&nbsp;app_timer_stop
<LI><a href="#[47]">&gt;&gt;</a>&nbsp;&nbsp;&nbsp;app_error_handler
</UL>
<BR>[Called By]<UL><LI><a href="#[31]">&gt;&gt;</a>&nbsp;&nbsp;&nbsp;on_dfu_evt
</UL>

<P><STRONG><a name="[68]"></a>dfu_reset</STRONG> (Thumb, 10 bytes, Stack size 8 bytes, dfu_dual_bank.o(.text))
<BR><BR>[Stack]<UL><LI>Max Depth = 160<LI>Call Chain = dfu_reset &rArr; bootloader_dfu_update_process &rArr; bootloader_settings_save &rArr; pstorage_store &rArr; cmd_queue_enqueue &rArr; cmd_process &rArr; swap_state_process &rArr; __ARM_common_switch8
</UL>
<BR>[Calls]<UL><LI><a href="#[58]">&gt;&gt;</a>&nbsp;&nbsp;&nbsp;bootloader_dfu_update_process
</UL>
<BR>[Called By]<UL><LI><a href="#[31]">&gt;&gt;</a>&nbsp;&nbsp;&nbsp;on_dfu_evt
</UL>

<P><STRONG><a name="[50]"></a>bootloader_app_is_valid</STRONG> (Thumb, 60 bytes, Stack size 16 bytes, bootloader.o(.text))
<BR><BR>[Stack]<UL><LI>Max Depth = 24<LI>Call Chain = bootloader_app_is_valid &rArr; crc16_compute
</UL>
<BR>[Calls]<UL><LI><a href="#[69]">&gt;&gt;</a>&nbsp;&nbsp;&nbsp;bootloader_util_settings_get
<LI><a href="#[66]">&gt;&gt;</a>&nbsp;&nbsp;&nbsp;crc16_compute
</UL>
<BR>[Called By]<UL><LI><a href="#[3f]">&gt;&gt;</a>&nbsp;&nbsp;&nbsp;main
</UL>

<P><STRONG><a name="[58]"></a>bootloader_dfu_update_process</STRONG> (Thumb, 142 bytes, Stack size 24 bytes, bootloader.o(.text))
<BR><BR>[Stack]<UL><LI>Max Depth = 152<LI>Call Chain = bootloader_dfu_update_process &rArr; bootloader_settings_save &rArr; pstorage_store &rArr; cmd_queue_enqueue &rArr; cmd_process &rArr; swap_state_process &rArr; __ARM_common_switch8
</UL>
<BR>[Calls]<UL><LI><a href="#[6d]">&gt;&gt;</a>&nbsp;&nbsp;&nbsp;dfu_transport_close
<LI><a href="#[69]">&gt;&gt;</a>&nbsp;&nbsp;&nbsp;bootloader_util_settings_get
<LI><a href="#[6a]">&gt;&gt;</a>&nbsp;&nbsp;&nbsp;bootloader_settings_save
<LI><a href="#[47]">&gt;&gt;</a>&nbsp;&nbsp;&nbsp;app_error_handler
</UL>
<BR>[Called By]<UL><LI><a href="#[68]">&gt;&gt;</a>&nbsp;&nbsp;&nbsp;dfu_reset
<LI><a href="#[67]">&gt;&gt;</a>&nbsp;&nbsp;&nbsp;dfu_image_activate
<LI><a href="#[5c]">&gt;&gt;</a>&nbsp;&nbsp;&nbsp;dfu_init
<LI><a href="#[2c]">&gt;&gt;</a>&nbsp;&nbsp;&nbsp;dfu_timeout_handler
</UL>

<P><STRONG><a name="[51]"></a>bootloader_dfu_start</STRONG> (Thumb, 88 bytes, Stack size 24 bytes, bootloader.o(.text))
<BR><BR>[Stack]<UL><LI>Max Depth = 344<LI>Call Chain = bootloader_dfu_start &rArr; dfu_transport_update_start &rArr; advertising_init &rArr; ble_advdata_set &rArr; adv_data_encode &rArr; uuid_list_encode &rArr; uuid_list_sized_encode
</UL>
<BR>[Calls]<UL><LI><a href="#[6f]">&gt;&gt;</a>&nbsp;&nbsp;&nbsp;pstorage_register
<LI><a href="#[6e]">&gt;&gt;</a>&nbsp;&nbsp;&nbsp;pstorage_init
<LI><a href="#[70]">&gt;&gt;</a>&nbsp;&nbsp;&nbsp;dfu_transport_update_start
<LI><a href="#[71]">&gt;&gt;</a>&nbsp;&nbsp;&nbsp;app_sched_execute
<LI><a href="#[5c]">&gt;&gt;</a>&nbsp;&nbsp;&nbsp;dfu_init
<LI><a href="#[47]">&gt;&gt;</a>&nbsp;&nbsp;&nbsp;app_error_handler
</UL>
<BR>[Called By]<UL><LI><a href="#[3f]">&gt;&gt;</a>&nbsp;&nbsp;&nbsp;main
</UL>

<P><STRONG><a name="[53]"></a>bootloader_app_start</STRONG> (Thumb, 86 bytes, Stack size 16 bytes, bootloader.o(.text))
<BR><BR>[Stack]<UL><LI>Max Depth = 24<LI>Call Chain = bootloader_app_start &rArr; bootloader_util_app_start
</UL>
<BR>[Calls]<UL><LI><a href="#[72]">&gt;&gt;</a>&nbsp;&nbsp;&nbsp;bootloader_util_app_start
<LI><a href="#[47]">&gt;&gt;</a>&nbsp;&nbsp;&nbsp;app_error_handler
</UL>
<BR>[Called By]<UL><LI><a href="#[3f]">&gt;&gt;</a>&nbsp;&nbsp;&nbsp;main
</UL>

<P><STRONG><a name="[5e]"></a>bootloader_settings_get</STRONG> (Thumb, 38 bytes, Stack size 24 bytes, bootloader.o(.text))
<BR><BR>[Stack]<UL><LI>Max Depth = 88<LI>Call Chain = bootloader_settings_get &rArr; pstorage_load &rArr; __aeabi_memcpy
</UL>
<BR>[Calls]<UL><LI><a href="#[73]">&gt;&gt;</a>&nbsp;&nbsp;&nbsp;pstorage_load
</UL>
<BR>[Called By]<UL><LI><a href="#[5c]">&gt;&gt;</a>&nbsp;&nbsp;&nbsp;dfu_init
</UL>

<P><STRONG><a name="[72]"></a>bootloader_util_app_start</STRONG> (Thumb, 8 bytes, Stack size 8 bytes, bootloader_util_arm.o(.text))
<BR><BR>[Stack]<UL><LI>Max Depth = 8<LI>Call Chain = bootloader_util_app_start
</UL>
<BR>[Calls]<UL><LI><a href="#[74]">&gt;&gt;</a>&nbsp;&nbsp;&nbsp;StartApplication
</UL>
<BR>[Called By]<UL><LI><a href="#[53]">&gt;&gt;</a>&nbsp;&nbsp;&nbsp;bootloader_app_start
</UL>

<P><STRONG><a name="[69]"></a>bootloader_util_settings_get</STRONG> (Thumb, 6 bytes, Stack size 0 bytes, bootloader_util_arm.o(.text))
<BR><BR>[Called By]<UL><LI><a href="#[58]">&gt;&gt;</a>&nbsp;&nbsp;&nbsp;bootloader_dfu_update_process
<LI><a href="#[50]">&gt;&gt;</a>&nbsp;&nbsp;&nbsp;bootloader_app_is_valid
</UL>

<P><STRONG><a name="[77]"></a>ble_dfu_response_send</STRONG> (Thumb, 86 bytes, Stack size 32 bytes, ble_dfu.o(.text))
<BR><BR>[Stack]<UL><LI>Max Depth = 32<LI>Call Chain = ble_dfu_response_send
</UL>
<BR>[Called By]<UL><LI><a href="#[75]">&gt;&gt;</a>&nbsp;&nbsp;&nbsp;on_ctrl_pt_write
<LI><a href="#[a1]">&gt;&gt;</a>&nbsp;&nbsp;&nbsp;init_data_process
<LI><a href="#[a0]">&gt;&gt;</a>&nbsp;&nbsp;&nbsp;start_data_process
<LI><a href="#[31]">&gt;&gt;</a>&nbsp;&nbsp;&nbsp;on_dfu_evt
<LI><a href="#[9b]">&gt;&gt;</a>&nbsp;&nbsp;&nbsp;app_data_process
<LI><a href="#[99]">&gt;&gt;</a>&nbsp;&nbsp;&nbsp;dfu_error_notify
</UL>

<P><STRONG><a name="[78]"></a>ble_dfu_init</STRONG> (Thumb, 116 bytes, Stack size 32 bytes, ble_dfu.o(.text))
<BR><BR>[Stack]<UL><LI>Max Depth = 104<LI>Call Chain = ble_dfu_init &rArr; dfu_ctrl_pt_add
</UL>
<BR>[Calls]<UL><LI><a href="#[7a]">&gt;&gt;</a>&nbsp;&nbsp;&nbsp;dfu_ctrl_pt_add
<LI><a href="#[79]">&gt;&gt;</a>&nbsp;&nbsp;&nbsp;dfu_pkt_char_add
</UL>
<BR>[Called By]<UL><LI><a href="#[70]">&gt;&gt;</a>&nbsp;&nbsp;&nbsp;dfu_transport_update_start
</UL>

<P><STRONG><a name="[7b]"></a>ble_dfu_on_ble_evt</STRONG> (Thumb, 116 bytes, Stack size 24 bytes, ble_dfu.o(.text))
<BR><BR>[Stack]<UL><LI>Max Depth = 112<LI>Call Chain = ble_dfu_on_ble_evt &rArr; on_ctrl_pt_write &rArr; ble_dfu_response_send
</UL>
<BR>[Calls]<UL><LI><a href="#[75]">&gt;&gt;</a>&nbsp;&nbsp;&nbsp;on_ctrl_pt_write
</UL>
<BR>[Called By]<UL><LI><a href="#[2f]">&gt;&gt;</a>&nbsp;&nbsp;&nbsp;ble_evt_dispatch
</UL>

<P><STRONG><a name="[7c]"></a>ble_dfu_bytes_rcvd_report</STRONG> (Thumb, 110 bytes, Stack size 40 bytes, ble_dfu.o(.text))
<BR><BR>[Stack]<UL><LI>Max Depth = 40<LI>Call Chain = ble_dfu_bytes_rcvd_report
</UL>
<BR>[Calls]<UL><LI><a href="#[7d]">&gt;&gt;</a>&nbsp;&nbsp;&nbsp;uint32_encode
</UL>
<BR>[Called By]<UL><LI><a href="#[31]">&gt;&gt;</a>&nbsp;&nbsp;&nbsp;on_dfu_evt
</UL>

<P><STRONG><a name="[7e]"></a>ble_dfu_pkts_rcpt_notify</STRONG> (Thumb, 100 bytes, Stack size 40 bytes, ble_dfu.o(.text))
<BR><BR>[Stack]<UL><LI>Max Depth = 40<LI>Call Chain = ble_dfu_pkts_rcpt_notify
</UL>
<BR>[Calls]<UL><LI><a href="#[7d]">&gt;&gt;</a>&nbsp;&nbsp;&nbsp;uint32_encode
</UL>
<BR>[Called By]<UL><LI><a href="#[9b]">&gt;&gt;</a>&nbsp;&nbsp;&nbsp;app_data_process
</UL>

<P><STRONG><a name="[1b]"></a>RTC1_IRQHandler</STRONG> (Thumb, 22 bytes, Stack size 0 bytes, app_timer.o(.text))
<BR><BR>[Stack]<UL><LI>Max Depth = 24<LI>Call Chain = RTC1_IRQHandler &rArr; timer_timeouts_check
</UL>
<BR>[Calls]<UL><LI><a href="#[81]">&gt;&gt;</a>&nbsp;&nbsp;&nbsp;timer_timeouts_check
</UL>
<BR>[Address Reference Count : 1]<UL><LI> arm_startup_nrf51.o(RESET)
</UL>
<P><STRONG><a name="[1e]"></a>SWI0_IRQHandler</STRONG> (Thumb, 76 bytes, Stack size 48 bytes, app_timer.o(.text))
<BR><BR>[Stack]<UL><LI>Max Depth = 104<LI>Call Chain = SWI0_IRQHandler &rArr; list_deletions_handler &rArr; timer_list_remove &rArr; rtc1_stop
</UL>
<BR>[Calls]<UL><LI><a href="#[88]">&gt;&gt;</a>&nbsp;&nbsp;&nbsp;compare_reg_update
<LI><a href="#[87]">&gt;&gt;</a>&nbsp;&nbsp;&nbsp;expired_timers_handler
<LI><a href="#[86]">&gt;&gt;</a>&nbsp;&nbsp;&nbsp;list_deletions_handler
<LI><a href="#[85]">&gt;&gt;</a>&nbsp;&nbsp;&nbsp;elapsed_ticks_acquire
<LI><a href="#[83]">&gt;&gt;</a>&nbsp;&nbsp;&nbsp;list_insertions_handler
</UL>
<BR>[Address Reference Count : 1]<UL><LI> arm_startup_nrf51.o(RESET)
</UL>
<P><STRONG><a name="[4c]"></a>app_timer_init</STRONG> (Thumb, 166 bytes, Stack size 40 bytes, app_timer.o(.text))
<BR><BR>[Stack]<UL><LI>Max Depth = 56<LI>Call Chain = app_timer_init &rArr; rtc1_stop
</UL>
<BR>[Calls]<UL><LI><a href="#[80]">&gt;&gt;</a>&nbsp;&nbsp;&nbsp;rtc1_stop
<LI><a href="#[89]">&gt;&gt;</a>&nbsp;&nbsp;&nbsp;NVIC_SetPriority
</UL>
<BR>[Called By]<UL><LI><a href="#[3f]">&gt;&gt;</a>&nbsp;&nbsp;&nbsp;main
</UL>

<P><STRONG><a name="[60]"></a>app_timer_create</STRONG> (Thumb, 72 bytes, Stack size 16 bytes, app_timer.o(.text))
<BR><BR>[Stack]<UL><LI>Max Depth = 16<LI>Call Chain = app_timer_create
</UL>
<BR>[Called By]<UL><LI><a href="#[5c]">&gt;&gt;</a>&nbsp;&nbsp;&nbsp;dfu_init
<LI><a href="#[aa]">&gt;&gt;</a>&nbsp;&nbsp;&nbsp;ble_conn_params_init
</UL>

<P><STRONG><a name="[5b]"></a>app_timer_start</STRONG> (Thumb, 212 bytes, Stack size 32 bytes, app_timer.o(.text))
<BR><BR>[Stack]<UL><LI>Max Depth = 32<LI>Call Chain = app_timer_start
</UL>
<BR>[Calls]<UL><LI><a href="#[8b]">&gt;&gt;</a>&nbsp;&nbsp;&nbsp;user_op_alloc
<LI><a href="#[82]">&gt;&gt;</a>&nbsp;&nbsp;&nbsp;timer_list_handler_sched
<LI><a href="#[8a]">&gt;&gt;</a>&nbsp;&nbsp;&nbsp;user_id_get
</UL>
<BR>[Called By]<UL><LI><a href="#[5c]">&gt;&gt;</a>&nbsp;&nbsp;&nbsp;dfu_init
<LI><a href="#[59]">&gt;&gt;</a>&nbsp;&nbsp;&nbsp;dfu_timer_restart
<LI><a href="#[af]">&gt;&gt;</a>&nbsp;&nbsp;&nbsp;conn_params_negotiation
</UL>

<P><STRONG><a name="[5a]"></a>app_timer_stop</STRONG> (Thumb, 80 bytes, Stack size 24 bytes, app_timer.o(.text))
<BR><BR>[Stack]<UL><LI>Max Depth = 24<LI>Call Chain = app_timer_stop
</UL>
<BR>[Calls]<UL><LI><a href="#[8b]">&gt;&gt;</a>&nbsp;&nbsp;&nbsp;user_op_alloc
<LI><a href="#[82]">&gt;&gt;</a>&nbsp;&nbsp;&nbsp;timer_list_handler_sched
<LI><a href="#[8a]">&gt;&gt;</a>&nbsp;&nbsp;&nbsp;user_id_get
</UL>
<BR>[Called By]<UL><LI><a href="#[67]">&gt;&gt;</a>&nbsp;&nbsp;&nbsp;dfu_image_activate
<LI><a href="#[59]">&gt;&gt;</a>&nbsp;&nbsp;&nbsp;dfu_timer_restart
<LI><a href="#[9f]">&gt;&gt;</a>&nbsp;&nbsp;&nbsp;ble_conn_params_stop
<LI><a href="#[a4]">&gt;&gt;</a>&nbsp;&nbsp;&nbsp;ble_conn_params_on_ble_evt
</UL>

<P><STRONG><a name="[4f]"></a>app_sched_init</STRONG> (Thumb, 40 bytes, Stack size 12 bytes, app_scheduler.o(.text))
<BR><BR>[Stack]<UL><LI>Max Depth = 12<LI>Call Chain = app_sched_init
</UL>
<BR>[Called By]<UL><LI><a href="#[3f]">&gt;&gt;</a>&nbsp;&nbsp;&nbsp;main
</UL>

<P><STRONG><a name="[54]"></a>app_sched_event_put</STRONG> (Thumb, 236 bytes, Stack size 40 bytes, app_scheduler.o(.text))
<BR><BR>[Stack]<UL><LI>Max Depth = 64<LI>Call Chain = app_sched_event_put &rArr; __aeabi_memcpy
</UL>
<BR>[Calls]<UL><LI><a href="#[47]">&gt;&gt;</a>&nbsp;&nbsp;&nbsp;app_error_handler
<LI><a href="#[8d]">&gt;&gt;</a>&nbsp;&nbsp;&nbsp;__aeabi_memcpy
</UL>
<BR>[Called By]<UL><LI><a href="#[28]">&gt;&gt;</a>&nbsp;&nbsp;&nbsp;softdevice_evt_schedule
<LI><a href="#[26]">&gt;&gt;</a>&nbsp;&nbsp;&nbsp;app_timer_evt_schedule
</UL>

<P><STRONG><a name="[71]"></a>app_sched_execute</STRONG> (Thumb, 30 bytes, Stack size 16 bytes, app_scheduler.o(.text))
<BR><BR>[Stack]<UL><LI>Max Depth = 32<LI>Call Chain = app_sched_execute &rArr; app_sched_event_get
</UL>
<BR>[Calls]<UL><LI><a href="#[8e]">&gt;&gt;</a>&nbsp;&nbsp;&nbsp;app_sched_event_get
</UL>
<BR>[Called By]<UL><LI><a href="#[51]">&gt;&gt;</a>&nbsp;&nbsp;&nbsp;bootloader_dfu_start
</UL>

<P><STRONG><a name="[10]"></a>GPIOTE_IRQHandler</STRONG> (Thumb, 128 bytes, Stack size 24 bytes, app_gpiote.o(.text))
<BR><BR>[Stack]<UL><LI>Max Depth = 44<LI>Call Chain = GPIOTE_IRQHandler &rArr; sense_level_toggle
</UL>
<BR>[Calls]<UL><LI><a href="#[8f]">&gt;&gt;</a>&nbsp;&nbsp;&nbsp;sense_level_toggle
</UL>
<BR>[Address Reference Count : 1]<UL><LI> arm_startup_nrf51.o(RESET)
</UL>
<P><STRONG><a name="[4d]"></a>app_gpiote_init</STRONG> (Thumb, 78 bytes, Stack size 8 bytes, app_gpiote.o(.text))
<BR><BR>[Stack]<UL><LI>Max Depth = 8<LI>Call Chain = app_gpiote_init
</UL>
<BR>[Calls]<UL><LI><a href="#[7f]">&gt;&gt;</a>&nbsp;&nbsp;&nbsp;__aeabi_memclr4
</UL>
<BR>[Called By]<UL><LI><a href="#[3f]">&gt;&gt;</a>&nbsp;&nbsp;&nbsp;main
</UL>

<P><STRONG><a name="[66]"></a>crc16_compute</STRONG> (Thumb, 54 bytes, Stack size 8 bytes, crc16.o(.text))
<BR><BR>[Stack]<UL><LI>Max Depth = 8<LI>Call Chain = crc16_compute
</UL>
<BR>[Called By]<UL><LI><a href="#[65]">&gt;&gt;</a>&nbsp;&nbsp;&nbsp;dfu_image_validate
<LI><a href="#[50]">&gt;&gt;</a>&nbsp;&nbsp;&nbsp;bootloader_app_is_valid
</UL>

<P><STRONG><a name="[2e]"></a>softdevice_assertion_handler</STRONG> (Thumb, 12 bytes, Stack size 8 bytes, softdevice_handler.o(.text))
<BR><BR>[Stack]<UL><LI>Max Depth = 8<LI>Call Chain = softdevice_assertion_handler
</UL>
<BR>[Calls]<UL><LI><a href="#[49]">&gt;&gt;</a>&nbsp;&nbsp;&nbsp;assert_nrf_callback
</UL>
<BR>[Address Reference Count : 1]<UL><LI> softdevice_handler.o(.text)
</UL>
<P><STRONG><a name="[57]"></a>intern_softdevice_events_execute</STRONG> (Thumb, 124 bytes, Stack size 24 bytes, softdevice_handler.o(.text))
<BR><BR>[Stack]<UL><LI>Max Depth = 24<LI>Call Chain = intern_softdevice_events_execute
</UL>
<BR>[Calls]<UL><LI><a href="#[47]">&gt;&gt;</a>&nbsp;&nbsp;&nbsp;app_error_handler
</UL>
<BR>[Called By]<UL><LI><a href="#[20]">&gt;&gt;</a>&nbsp;&nbsp;&nbsp;SWI2_IRQHandler
<LI><a href="#[2a]">&gt;&gt;</a>&nbsp;&nbsp;&nbsp;softdevice_evt_get
</UL>

<P><STRONG><a name="[55]"></a>softdevice_handler_init</STRONG> (Thumb, 40 bytes, Stack size 16 bytes, softdevice_handler.o(.text))
<BR><BR>[Stack]<UL><LI>Max Depth = 16<LI>Call Chain = softdevice_handler_init
</UL>
<BR>[Called By]<UL><LI><a href="#[4e]">&gt;&gt;</a>&nbsp;&nbsp;&nbsp;ble_stack_init
</UL>

<P><STRONG><a name="[a5]"></a>softdevice_ble_evt_handler_set</STRONG> (Thumb, 16 bytes, Stack size 0 bytes, softdevice_handler.o(.text))
<BR><BR>[Called By]<UL><LI><a href="#[70]">&gt;&gt;</a>&nbsp;&nbsp;&nbsp;dfu_transport_update_start
</UL>

<P><STRONG><a name="[56]"></a>softdevice_sys_evt_handler_set</STRONG> (Thumb, 16 bytes, Stack size 0 bytes, softdevice_handler.o(.text))
<BR><BR>[Called By]<UL><LI><a href="#[4e]">&gt;&gt;</a>&nbsp;&nbsp;&nbsp;ble_stack_init
</UL>

<P><STRONG><a name="[20]"></a>SWI2_IRQHandler</STRONG> (Thumb, 34 bytes, Stack size 8 bytes, softdevice_handler.o(.text))
<BR><BR>[Stack]<UL><LI>Max Depth = 32<LI>Call Chain = SWI2_IRQHandler &rArr; intern_softdevice_events_execute
</UL>
<BR>[Calls]<UL><LI><a href="#[57]">&gt;&gt;</a>&nbsp;&nbsp;&nbsp;intern_softdevice_events_execute
<LI><a href="#[47]">&gt;&gt;</a>&nbsp;&nbsp;&nbsp;app_error_handler
</UL>
<BR>[Address Reference Count : 1]<UL><LI> arm_startup_nrf51.o(RESET)
</UL>
<P><STRONG><a name="[4a]"></a>pstorage_sys_event_handler</STRONG> (Thumb, 204 bytes, Stack size 24 bytes, pstorage.o(.text))
<BR><BR>[Stack]<UL><LI>Max Depth = 104<LI>Call Chain = pstorage_sys_event_handler &rArr; cmd_queue_dequeue &rArr; cmd_process &rArr; swap_state_process &rArr; __ARM_common_switch8
</UL>
<BR>[Calls]<UL><LI><a href="#[94]">&gt;&gt;</a>&nbsp;&nbsp;&nbsp;cmd_queue_dequeue
<LI><a href="#[95]">&gt;&gt;</a>&nbsp;&nbsp;&nbsp;app_notify
<LI><a href="#[96]">&gt;&gt;</a>&nbsp;&nbsp;&nbsp;cmd_queue_element_init
</UL>
<BR>[Called By]<UL><LI><a href="#[29]">&gt;&gt;</a>&nbsp;&nbsp;&nbsp;sys_evt_dispatch
</UL>

<P><STRONG><a name="[6e]"></a>pstorage_init</STRONG> (Thumb, 82 bytes, Stack size 16 bytes, pstorage.o(.text))
<BR><BR>[Stack]<UL><LI>Max Depth = 16<LI>Call Chain = pstorage_init
</UL>
<BR>[Calls]<UL><LI><a href="#[96]">&gt;&gt;</a>&nbsp;&nbsp;&nbsp;cmd_queue_element_init
</UL>
<BR>[Called By]<UL><LI><a href="#[51]">&gt;&gt;</a>&nbsp;&nbsp;&nbsp;bootloader_dfu_start
</UL>

<P><STRONG><a name="[6f]"></a>pstorage_register</STRONG> (Thumb, 188 bytes, Stack size 20 bytes, pstorage.o(.text))
<BR><BR>[Stack]<UL><LI>Max Depth = 20<LI>Call Chain = pstorage_register
</UL>
<BR>[Called By]<UL><LI><a href="#[51]">&gt;&gt;</a>&nbsp;&nbsp;&nbsp;bootloader_dfu_start
</UL>

<P><STRONG><a name="[6c]"></a>pstorage_store</STRONG> (Thumb, 134 bytes, Stack size 24 bytes, pstorage.o(.text))
<BR><BR>[Stack]<UL><LI>Max Depth = 120<LI>Call Chain = pstorage_store &rArr; cmd_queue_enqueue &rArr; cmd_process &rArr; swap_state_process &rArr; __ARM_common_switch8
</UL>
<BR>[Calls]<UL><LI><a href="#[97]">&gt;&gt;</a>&nbsp;&nbsp;&nbsp;is_word_aligned
<LI><a href="#[93]">&gt;&gt;</a>&nbsp;&nbsp;&nbsp;cmd_queue_enqueue
</UL>
<BR>[Called By]<UL><LI><a href="#[6a]">&gt;&gt;</a>&nbsp;&nbsp;&nbsp;bootloader_settings_save
</UL>

<P><STRONG><a name="[73]"></a>pstorage_load</STRONG> (Thumb, 156 bytes, Stack size 40 bytes, pstorage.o(.text))
<BR><BR>[Stack]<UL><LI>Max Depth = 64<LI>Call Chain = pstorage_load &rArr; __aeabi_memcpy
</UL>
<BR>[Calls]<UL><LI><a href="#[97]">&gt;&gt;</a>&nbsp;&nbsp;&nbsp;is_word_aligned
<LI><a href="#[8d]">&gt;&gt;</a>&nbsp;&nbsp;&nbsp;__aeabi_memcpy
</UL>
<BR>[Called By]<UL><LI><a href="#[5e]">&gt;&gt;</a>&nbsp;&nbsp;&nbsp;bootloader_settings_get
</UL>

<P><STRONG><a name="[6b]"></a>pstorage_clear</STRONG> (Thumb, 116 bytes, Stack size 24 bytes, pstorage.o(.text))
<BR><BR>[Stack]<UL><LI>Max Depth = 120<LI>Call Chain = pstorage_clear &rArr; cmd_queue_enqueue &rArr; cmd_process &rArr; swap_state_process &rArr; __ARM_common_switch8
</UL>
<BR>[Calls]<UL><LI><a href="#[97]">&gt;&gt;</a>&nbsp;&nbsp;&nbsp;is_word_aligned
<LI><a href="#[93]">&gt;&gt;</a>&nbsp;&nbsp;&nbsp;cmd_queue_enqueue
<LI><a href="#[91]">&gt;&gt;</a>&nbsp;&nbsp;&nbsp;__aeabi_uidivmod
</UL>
<BR>[Called By]<UL><LI><a href="#[6a]">&gt;&gt;</a>&nbsp;&nbsp;&nbsp;bootloader_settings_save
</UL>

<P><STRONG><a name="[5d]"></a>pstorage_raw_register</STRONG> (Thumb, 56 bytes, Stack size 0 bytes, pstorage.o(.text))
<BR><BR>[Called By]<UL><LI><a href="#[5c]">&gt;&gt;</a>&nbsp;&nbsp;&nbsp;dfu_init
</UL>

<P><STRONG><a name="[63]"></a>pstorage_raw_store</STRONG> (Thumb, 96 bytes, Stack size 24 bytes, pstorage.o(.text))
<BR><BR>[Stack]<UL><LI>Max Depth = 120<LI>Call Chain = pstorage_raw_store &rArr; cmd_queue_enqueue &rArr; cmd_process &rArr; swap_state_process &rArr; __ARM_common_switch8
</UL>
<BR>[Calls]<UL><LI><a href="#[97]">&gt;&gt;</a>&nbsp;&nbsp;&nbsp;is_word_aligned
<LI><a href="#[93]">&gt;&gt;</a>&nbsp;&nbsp;&nbsp;cmd_queue_enqueue
</UL>
<BR>[Called By]<UL><LI><a href="#[67]">&gt;&gt;</a>&nbsp;&nbsp;&nbsp;dfu_image_activate
<LI><a href="#[62]">&gt;&gt;</a>&nbsp;&nbsp;&nbsp;dfu_data_pkt_handle
</UL>

<P><STRONG><a name="[5f]"></a>pstorage_raw_clear</STRONG> (Thumb, 60 bytes, Stack size 8 bytes, pstorage.o(.text))
<BR><BR>[Stack]<UL><LI>Max Depth = 104<LI>Call Chain = pstorage_raw_clear &rArr; cmd_queue_enqueue &rArr; cmd_process &rArr; swap_state_process &rArr; __ARM_common_switch8
</UL>
<BR>[Calls]<UL><LI><a href="#[93]">&gt;&gt;</a>&nbsp;&nbsp;&nbsp;cmd_queue_enqueue
</UL>
<BR>[Called By]<UL><LI><a href="#[67]">&gt;&gt;</a>&nbsp;&nbsp;&nbsp;dfu_image_activate
<LI><a href="#[5c]">&gt;&gt;</a>&nbsp;&nbsp;&nbsp;dfu_init
</UL>

<P><STRONG><a name="[a7]"></a>hci_mem_pool_open</STRONG> (Thumb, 30 bytes, Stack size 0 bytes, hci_mem_pool.o(.text))
<BR><BR>[Called By]<UL><LI><a href="#[70]">&gt;&gt;</a>&nbsp;&nbsp;&nbsp;dfu_transport_update_start
</UL>

<P><STRONG><a name="[9c]"></a>hci_mem_pool_rx_produce</STRONG> (Thumb, 78 bytes, Stack size 8 bytes, hci_mem_pool.o(.text))
<BR><BR>[Stack]<UL><LI>Max Depth = 8<LI>Call Chain = hci_mem_pool_rx_produce
</UL>
<BR>[Called By]<UL><LI><a href="#[9b]">&gt;&gt;</a>&nbsp;&nbsp;&nbsp;app_data_process
</UL>

<P><STRONG><a name="[98]"></a>hci_mem_pool_rx_consume</STRONG> (Thumb, 104 bytes, Stack size 20 bytes, hci_mem_pool.o(.text))
<BR><BR>[Stack]<UL><LI>Max Depth = 20<LI>Call Chain = hci_mem_pool_rx_consume
</UL>
<BR>[Called By]<UL><LI><a href="#[9b]">&gt;&gt;</a>&nbsp;&nbsp;&nbsp;app_data_process
<LI><a href="#[30]">&gt;&gt;</a>&nbsp;&nbsp;&nbsp;dfu_cb_handler
</UL>

<P><STRONG><a name="[9d]"></a>hci_mem_pool_rx_data_size_set</STRONG> (Thumb, 24 bytes, Stack size 0 bytes, hci_mem_pool.o(.text))
<BR><BR>[Called By]<UL><LI><a href="#[9b]">&gt;&gt;</a>&nbsp;&nbsp;&nbsp;app_data_process
</UL>

<P><STRONG><a name="[9e]"></a>hci_mem_pool_rx_extract</STRONG> (Thumb, 68 bytes, Stack size 16 bytes, hci_mem_pool.o(.text))
<BR><BR>[Stack]<UL><LI>Max Depth = 16<LI>Call Chain = hci_mem_pool_rx_extract
</UL>
<BR>[Called By]<UL><LI><a href="#[9b]">&gt;&gt;</a>&nbsp;&nbsp;&nbsp;app_data_process
</UL>

<P><STRONG><a name="[6d]"></a>dfu_transport_close</STRONG> (Thumb, 86 bytes, Stack size 8 bytes, dfu_transport_ble.o(.text))
<BR><BR>[Stack]<UL><LI>Max Depth = 40<LI>Call Chain = dfu_transport_close &rArr; ble_conn_params_stop &rArr; app_timer_stop
</UL>
<BR>[Calls]<UL><LI><a href="#[47]">&gt;&gt;</a>&nbsp;&nbsp;&nbsp;app_error_handler
<LI><a href="#[9f]">&gt;&gt;</a>&nbsp;&nbsp;&nbsp;ble_conn_params_stop
</UL>
<BR>[Called By]<UL><LI><a href="#[58]">&gt;&gt;</a>&nbsp;&nbsp;&nbsp;bootloader_dfu_update_process
<LI><a href="#[31]">&gt;&gt;</a>&nbsp;&nbsp;&nbsp;on_dfu_evt
</UL>

<P><STRONG><a name="[70]"></a>dfu_transport_update_start</STRONG> (Thumb, 240 bytes, Stack size 40 bytes, dfu_transport_ble.o(.text))
<BR><BR>[Stack]<UL><LI>Max Depth = 320<LI>Call Chain = dfu_transport_update_start &rArr; advertising_init &rArr; ble_advdata_set &rArr; adv_data_encode &rArr; uuid_list_encode &rArr; uuid_list_sized_encode
</UL>
<BR>[Calls]<UL><LI><a href="#[a5]">&gt;&gt;</a>&nbsp;&nbsp;&nbsp;softdevice_ble_evt_handler_set
<LI><a href="#[78]">&gt;&gt;</a>&nbsp;&nbsp;&nbsp;ble_dfu_init
<LI><a href="#[a6]">&gt;&gt;</a>&nbsp;&nbsp;&nbsp;dfu_register_callback
<LI><a href="#[47]">&gt;&gt;</a>&nbsp;&nbsp;&nbsp;app_error_handler
<LI><a href="#[7f]">&gt;&gt;</a>&nbsp;&nbsp;&nbsp;__aeabi_memclr4
<LI><a href="#[aa]">&gt;&gt;</a>&nbsp;&nbsp;&nbsp;ble_conn_params_init
<LI><a href="#[ab]">&gt;&gt;</a>&nbsp;&nbsp;&nbsp;sec_params_init
<LI><a href="#[a9]">&gt;&gt;</a>&nbsp;&nbsp;&nbsp;advertising_init
<LI><a href="#[a8]">&gt;&gt;</a>&nbsp;&nbsp;&nbsp;gap_params_init
<LI><a href="#[a2]">&gt;&gt;</a>&nbsp;&nbsp;&nbsp;advertising_start
<LI><a href="#[a7]">&gt;&gt;</a>&nbsp;&nbsp;&nbsp;hci_mem_pool_open
</UL>
<BR>[Called By]<UL><LI><a href="#[51]">&gt;&gt;</a>&nbsp;&nbsp;&nbsp;bootloader_dfu_start
</UL>

<P><STRONG><a name="[aa]"></a>ble_conn_params_init</STRONG> (Thumb, 72 bytes, Stack size 16 bytes, ble_conn_params.o(.text))
<BR><BR>[Stack]<UL><LI>Max Depth = 40<LI>Call Chain = ble_conn_params_init &rArr; __aeabi_memcpy
</UL>
<BR>[Calls]<UL><LI><a href="#[60]">&gt;&gt;</a>&nbsp;&nbsp;&nbsp;app_timer_create
<LI><a href="#[8d]">&gt;&gt;</a>&nbsp;&nbsp;&nbsp;__aeabi_memcpy
<LI><a href="#[ae]">&gt;&gt;</a>&nbsp;&nbsp;&nbsp;__aeabi_memcpy4
</UL>
<BR>[Called By]<UL><LI><a href="#[70]">&gt;&gt;</a>&nbsp;&nbsp;&nbsp;dfu_transport_update_start
</UL>

<P><STRONG><a name="[9f]"></a>ble_conn_params_stop</STRONG> (Thumb, 12 bytes, Stack size 8 bytes, ble_conn_params.o(.text))
<BR><BR>[Stack]<UL><LI>Max Depth = 32<LI>Call Chain = ble_conn_params_stop &rArr; app_timer_stop
</UL>
<BR>[Calls]<UL><LI><a href="#[5a]">&gt;&gt;</a>&nbsp;&nbsp;&nbsp;app_timer_stop
</UL>
<BR>[Called By]<UL><LI><a href="#[6d]">&gt;&gt;</a>&nbsp;&nbsp;&nbsp;dfu_transport_close
</UL>

<P><STRONG><a name="[a4]"></a>ble_conn_params_on_ble_evt</STRONG> (Thumb, 134 bytes, Stack size 24 bytes, ble_conn_params.o(.text))
<BR><BR>[Stack]<UL><LI>Max Depth = 80<LI>Call Chain = ble_conn_params_on_ble_evt &rArr; conn_params_negotiation &rArr; app_timer_start
</UL>
<BR>[Calls]<UL><LI><a href="#[5a]">&gt;&gt;</a>&nbsp;&nbsp;&nbsp;app_timer_stop
<LI><a href="#[8d]">&gt;&gt;</a>&nbsp;&nbsp;&nbsp;__aeabi_memcpy
<LI><a href="#[af]">&gt;&gt;</a>&nbsp;&nbsp;&nbsp;conn_params_negotiation
</UL>
<BR>[Called By]<UL><LI><a href="#[2f]">&gt;&gt;</a>&nbsp;&nbsp;&nbsp;ble_evt_dispatch
</UL>

<P><STRONG><a name="[ad]"></a>ble_advdata_set</STRONG> (Thumb, 102 bytes, Stack size 88 bytes, ble_advdata.o(.text))
<BR><BR>[Stack]<UL><LI>Max Depth = 200<LI>Call Chain = ble_advdata_set &rArr; adv_data_encode &rArr; uuid_list_encode &rArr; uuid_list_sized_encode
</UL>
<BR>[Calls]<UL><LI><a href="#[b3]">&gt;&gt;</a>&nbsp;&nbsp;&nbsp;adv_data_encode
</UL>
<BR>[Called By]<UL><LI><a href="#[a9]">&gt;&gt;</a>&nbsp;&nbsp;&nbsp;advertising_init
</UL>

<P><STRONG><a name="[8d]"></a>__aeabi_memcpy</STRONG> (Thumb, 130 bytes, Stack size 24 bytes, rt_memcpy.o(.text))
<BR><BR>[Stack]<UL><LI>Max Depth = 24<LI>Call Chain = __aeabi_memcpy
</UL>
<BR>[Calls]<UL><LI><a href="#[ae]">&gt;&gt;</a>&nbsp;&nbsp;&nbsp;__aeabi_memcpy4
</UL>
<BR>[Called By]<UL><LI><a href="#[73]">&gt;&gt;</a>&nbsp;&nbsp;&nbsp;pstorage_load
<LI><a href="#[54]">&gt;&gt;</a>&nbsp;&nbsp;&nbsp;app_sched_event_put
<LI><a href="#[b8]">&gt;&gt;</a>&nbsp;&nbsp;&nbsp;service_data_encode
<LI><a href="#[b7]">&gt;&gt;</a>&nbsp;&nbsp;&nbsp;manuf_specific_data_encode
<LI><a href="#[b3]">&gt;&gt;</a>&nbsp;&nbsp;&nbsp;adv_data_encode
<LI><a href="#[a4]">&gt;&gt;</a>&nbsp;&nbsp;&nbsp;ble_conn_params_on_ble_evt
<LI><a href="#[aa]">&gt;&gt;</a>&nbsp;&nbsp;&nbsp;ble_conn_params_init
<LI><a href="#[9b]">&gt;&gt;</a>&nbsp;&nbsp;&nbsp;app_data_process
</UL>

<P><STRONG><a name="[e3]"></a>__rt_memcpy</STRONG> (Thumb, 0 bytes, Stack size 24 bytes, rt_memcpy.o(.text), UNUSED)

<P><STRONG><a name="[ba]"></a>_memset_w</STRONG> (Thumb, 26 bytes, Stack size 0 bytes, rt_memclr.o(.text), UNUSED)
<BR><BR>[Called By]<UL><LI><a href="#[bc]">&gt;&gt;</a>&nbsp;&nbsp;&nbsp;__rt_memclr_w
<LI><a href="#[b9]">&gt;&gt;</a>&nbsp;&nbsp;&nbsp;_memset
</UL>

<P><STRONG><a name="[b9]"></a>_memset</STRONG> (Thumb, 30 bytes, Stack size 0 bytes, rt_memclr.o(.text), UNUSED)
<BR><BR>[Calls]<UL><LI><a href="#[ba]">&gt;&gt;</a>&nbsp;&nbsp;&nbsp;_memset_w
</UL>
<BR>[Called By]<UL><LI><a href="#[bb]">&gt;&gt;</a>&nbsp;&nbsp;&nbsp;__aeabi_memclr
</UL>

<P><STRONG><a name="[bb]"></a>__aeabi_memclr</STRONG> (Thumb, 4 bytes, Stack size 0 bytes, rt_memclr.o(.text), UNUSED)
<BR><BR>[Calls]<UL><LI><a href="#[b9]">&gt;&gt;</a>&nbsp;&nbsp;&nbsp;_memset
</UL>

<P><STRONG><a name="[e4]"></a>__rt_memclr</STRONG> (Thumb, 0 bytes, Stack size 0 bytes, rt_memclr.o(.text), UNUSED)

<P><STRONG><a name="[7f]"></a>__aeabi_memclr4</STRONG> (Thumb, 0 bytes, Stack size 0 bytes, rt_memclr.o(.text))
<BR><BR>[Called By]<UL><LI><a href="#[7a]">&gt;&gt;</a>&nbsp;&nbsp;&nbsp;dfu_ctrl_pt_add
<LI><a href="#[79]">&gt;&gt;</a>&nbsp;&nbsp;&nbsp;dfu_pkt_char_add
<LI><a href="#[70]">&gt;&gt;</a>&nbsp;&nbsp;&nbsp;dfu_transport_update_start
<LI><a href="#[4d]">&gt;&gt;</a>&nbsp;&nbsp;&nbsp;app_gpiote_init
<LI><a href="#[a9]">&gt;&gt;</a>&nbsp;&nbsp;&nbsp;advertising_init
</UL>

<P><STRONG><a name="[e5]"></a>__aeabi_memclr8</STRONG> (Thumb, 0 bytes, Stack size 0 bytes, rt_memclr.o(.text), UNUSED)

<P><STRONG><a name="[bc]"></a>__rt_memclr_w</STRONG> (Thumb, 4 bytes, Stack size 0 bytes, rt_memclr.o(.text), UNUSED)
<BR><BR>[Calls]<UL><LI><a href="#[ba]">&gt;&gt;</a>&nbsp;&nbsp;&nbsp;_memset_w
</UL>

<P><STRONG><a name="[ac]"></a>__aeabi_uread4</STRONG> (Thumb, 34 bytes, Stack size 0 bytes, uread4.o(.text))
<BR><BR>[Called By]<UL><LI><a href="#[a0]">&gt;&gt;</a>&nbsp;&nbsp;&nbsp;start_data_process
</UL>

<P><STRONG><a name="[e6]"></a>__rt_uread4</STRONG> (Thumb, 0 bytes, Stack size 0 bytes, uread4.o(.text), UNUSED)

<P><STRONG><a name="[e7]"></a>__aeabi_uidiv</STRONG> (Thumb, 0 bytes, Stack size 0 bytes, aeabi_sdiv.o(.text), UNUSED)

<P><STRONG><a name="[91]"></a>__aeabi_uidivmod</STRONG> (Thumb, 20 bytes, Stack size 0 bytes, aeabi_sdiv.o(.text))
<BR><BR>[Called By]<UL><LI><a href="#[92]">&gt;&gt;</a>&nbsp;&nbsp;&nbsp;cmd_process
<LI><a href="#[90]">&gt;&gt;</a>&nbsp;&nbsp;&nbsp;swap_state_process
<LI><a href="#[6b]">&gt;&gt;</a>&nbsp;&nbsp;&nbsp;pstorage_clear
</UL>

<P><STRONG><a name="[e8]"></a>__aeabi_idiv</STRONG> (Thumb, 0 bytes, Stack size 8 bytes, aeabi_sdiv.o(.text), UNUSED)

<P><STRONG><a name="[e9]"></a>__aeabi_idivmod</STRONG> (Thumb, 326 bytes, Stack size 8 bytes, aeabi_sdiv.o(.text), UNUSED)

<P><STRONG><a name="[ea]"></a>__use_two_region_memory</STRONG> (Thumb, 2 bytes, Stack size 0 bytes, heapauxi.o(.text), UNUSED)

<P><STRONG><a name="[eb]"></a>__rt_heap_escrow$2region</STRONG> (Thumb, 2 bytes, Stack size 0 bytes, heapauxi.o(.text), UNUSED)

<P><STRONG><a name="[ec]"></a>__rt_heap_expand$2region</STRONG> (Thumb, 2 bytes, Stack size 0 bytes, heapauxi.o(.text), UNUSED)

<P><STRONG><a name="[3b]"></a>__user_setup_stackheap</STRONG> (Thumb, 62 bytes, Stack size 8 bytes, sys_stackheap_outer.o(.text))
<BR><BR>[Stack]<UL><LI>Max Depth = 8 + Unknown Stack Size
<LI>Call Chain = __user_setup_stackheap
</UL>
<BR>[Calls]<UL><LI><a href="#[be]">&gt;&gt;</a>&nbsp;&nbsp;&nbsp;__user_initial_stackheap
<LI><a href="#[bd]">&gt;&gt;</a>&nbsp;&nbsp;&nbsp;__user_perproc_libspace
</UL>
<BR>[Called By]<UL><LI><a href="#[3a]">&gt;&gt;</a>&nbsp;&nbsp;&nbsp;__rt_entry_sh
</UL>

<P><STRONG><a name="[40]"></a>exit</STRONG> (Thumb, 12 bytes, Stack size 0 bytes, exit.o(.text))
<BR><BR>[Calls]<UL><LI><a href="#[c0]">&gt;&gt;</a>&nbsp;&nbsp;&nbsp;__rt_exit
<LI><a href="#[bf]">&gt;&gt;</a>&nbsp;&nbsp;&nbsp;_call_atexit_fns (Weak Reference)
</UL>
<BR>[Called By]<UL><LI><a href="#[3e]">&gt;&gt;</a>&nbsp;&nbsp;&nbsp;__rt_entry_main
</UL>

<P><STRONG><a name="[ed]"></a>__user_libspace</STRONG> (Thumb, 8 bytes, Stack size 0 bytes, libspace.o(.text), UNUSED)

<P><STRONG><a name="[bd]"></a>__user_perproc_libspace</STRONG> (Thumb, 0 bytes, Stack size 0 bytes, libspace.o(.text))
<BR><BR>[Called By]<UL><LI><a href="#[3b]">&gt;&gt;</a>&nbsp;&nbsp;&nbsp;__user_setup_stackheap
</UL>

<P><STRONG><a name="[ee]"></a>__user_perthread_libspace</STRONG> (Thumb, 0 bytes, Stack size 0 bytes, libspace.o(.text), UNUSED)

<P><STRONG><a name="[44]"></a>_sys_exit</STRONG> (Thumb, 8 bytes, Stack size 0 bytes, sys_exit.o(.text))
<BR><BR>[Called By]<UL><LI><a href="#[43]">&gt;&gt;</a>&nbsp;&nbsp;&nbsp;__rt_exit_exit
</UL>

<P><STRONG><a name="[ef]"></a>__I$use$semihosting</STRONG> (Thumb, 0 bytes, Stack size 0 bytes, use_no_semi.o(.text), UNUSED)

<P><STRONG><a name="[f0]"></a>__use_no_semihosting_swi</STRONG> (Thumb, 2 bytes, Stack size 0 bytes, use_no_semi.o(.text), UNUSED)

<P><STRONG><a name="[76]"></a>__ARM_common_switch8</STRONG> (Thumb, 26 bytes, Stack size 8 bytes, ble_dfu.o(i.__ARM_common_switch8))
<BR><BR>[Stack]<UL><LI>Max Depth = 8<LI>Call Chain = __ARM_common_switch8
</UL>
<BR>[Called By]<UL><LI><a href="#[90]">&gt;&gt;</a>&nbsp;&nbsp;&nbsp;swap_state_process
<LI><a href="#[75]">&gt;&gt;</a>&nbsp;&nbsp;&nbsp;on_ctrl_pt_write
<LI><a href="#[31]">&gt;&gt;</a>&nbsp;&nbsp;&nbsp;on_dfu_evt
</UL>

<P><STRONG><a name="[f1]"></a>__semihosting_library_function</STRONG> (Thumb, 0 bytes, Stack size 8 bytes, indicate_semi.o(.text), UNUSED)
<P>
<H3>
Local Symbols
</H3>
<P><STRONG><a name="[46]"></a>is_manual_peripheral_setup_needed</STRONG> (Thumb, 66 bytes, Stack size 0 bytes, system_nrf51.o(.text))
<BR><BR>[Called By]<UL><LI><a href="#[24]">&gt;&gt;</a>&nbsp;&nbsp;&nbsp;SystemInit
</UL>

<P><STRONG><a name="[29]"></a>sys_evt_dispatch</STRONG> (Thumb, 8 bytes, Stack size 8 bytes, main.o(.text))
<BR><BR>[Stack]<UL><LI>Max Depth = 112<LI>Call Chain = sys_evt_dispatch &rArr; pstorage_sys_event_handler &rArr; cmd_queue_dequeue &rArr; cmd_process &rArr; swap_state_process &rArr; __ARM_common_switch8
</UL>
<BR>[Calls]<UL><LI><a href="#[4a]">&gt;&gt;</a>&nbsp;&nbsp;&nbsp;pstorage_sys_event_handler
</UL>
<BR>[Address Reference Count : 1]<UL><LI> main.o(.text)
</UL>
<P><STRONG><a name="[48]"></a>NVIC_SystemReset</STRONG> (Thumb, 16 bytes, Stack size 0 bytes, main.o(.text))
<BR><BR>[Called By]<UL><LI><a href="#[3f]">&gt;&gt;</a>&nbsp;&nbsp;&nbsp;main
<LI><a href="#[47]">&gt;&gt;</a>&nbsp;&nbsp;&nbsp;app_error_handler
</UL>

<P><STRONG><a name="[4b]"></a>nrf_gpio_cfg_output</STRONG> (Thumb, 14 bytes, Stack size 0 bytes, main.o(.text))
<BR><BR>[Called By]<UL><LI><a href="#[3f]">&gt;&gt;</a>&nbsp;&nbsp;&nbsp;main
</UL>

<P><STRONG><a name="[52]"></a>nrf_gpio_pin_clear</STRONG> (Thumb, 10 bytes, Stack size 0 bytes, main.o(.text))
<BR><BR>[Called By]<UL><LI><a href="#[3f]">&gt;&gt;</a>&nbsp;&nbsp;&nbsp;main
</UL>

<P><STRONG><a name="[26]"></a>app_timer_evt_schedule</STRONG> (Thumb, 18 bytes, Stack size 16 bytes, main.o(.text))
<BR><BR>[Stack]<UL><LI>Max Depth = 80<LI>Call Chain = app_timer_evt_schedule &rArr; app_sched_event_put &rArr; __aeabi_memcpy
</UL>
<BR>[Calls]<UL><LI><a href="#[54]">&gt;&gt;</a>&nbsp;&nbsp;&nbsp;app_sched_event_put
</UL>
<BR>[Address Reference Count : 1]<UL><LI> main.o(.text)
</UL>
<P><STRONG><a name="[4e]"></a>ble_stack_init</STRONG> (Thumb, 112 bytes, Stack size 24 bytes, main.o(.text))
<BR><BR>[Stack]<UL><LI>Max Depth = 40<LI>Call Chain = ble_stack_init &rArr; softdevice_handler_init
</UL>
<BR>[Calls]<UL><LI><a href="#[56]">&gt;&gt;</a>&nbsp;&nbsp;&nbsp;softdevice_sys_evt_handler_set
<LI><a href="#[55]">&gt;&gt;</a>&nbsp;&nbsp;&nbsp;softdevice_handler_init
<LI><a href="#[47]">&gt;&gt;</a>&nbsp;&nbsp;&nbsp;app_error_handler
</UL>
<BR>[Called By]<UL><LI><a href="#[3f]">&gt;&gt;</a>&nbsp;&nbsp;&nbsp;main
</UL>

<P><STRONG><a name="[27]"></a>app_timer_evt_get</STRONG> (Thumb, 28 bytes, Stack size 8 bytes, main.o(.text))
<BR><BR>[Stack]<UL><LI>Max Depth = 8<LI>Call Chain = app_timer_evt_get
</UL>
<BR>[Calls]<UL><LI><a href="#[47]">&gt;&gt;</a>&nbsp;&nbsp;&nbsp;app_error_handler
</UL>
<BR>[Address Reference Count : 1]<UL><LI> main.o(.text)
</UL>
<P><STRONG><a name="[28]"></a>softdevice_evt_schedule</STRONG> (Thumb, 14 bytes, Stack size 8 bytes, main.o(.text))
<BR><BR>[Stack]<UL><LI>Max Depth = 72<LI>Call Chain = softdevice_evt_schedule &rArr; app_sched_event_put &rArr; __aeabi_memcpy
</UL>
<BR>[Calls]<UL><LI><a href="#[54]">&gt;&gt;</a>&nbsp;&nbsp;&nbsp;app_sched_event_put
</UL>
<BR>[Address Reference Count : 1]<UL><LI> main.o(.text)
</UL>
<P><STRONG><a name="[2a]"></a>softdevice_evt_get</STRONG> (Thumb, 22 bytes, Stack size 8 bytes, main.o(.text))
<BR><BR>[Stack]<UL><LI>Max Depth = 32<LI>Call Chain = softdevice_evt_get &rArr; intern_softdevice_events_execute
</UL>
<BR>[Calls]<UL><LI><a href="#[57]">&gt;&gt;</a>&nbsp;&nbsp;&nbsp;intern_softdevice_events_execute
<LI><a href="#[47]">&gt;&gt;</a>&nbsp;&nbsp;&nbsp;app_error_handler
</UL>
<BR>[Address Reference Count : 1]<UL><LI> main.o(.text)
</UL>
<P><STRONG><a name="[2b]"></a>pstorage_callback_handler</STRONG> (Thumb, 48 bytes, Stack size 8 bytes, dfu_dual_bank.o(.text))
<BR><BR>[Stack]<UL><LI>Max Depth = 8<LI>Call Chain = pstorage_callback_handler
</UL>
<BR>[Calls]<UL><LI><a href="#[47]">&gt;&gt;</a>&nbsp;&nbsp;&nbsp;app_error_handler
</UL>
<BR>[Address Reference Count : 1]<UL><LI> dfu_dual_bank.o(.text)
</UL>
<P><STRONG><a name="[2c]"></a>dfu_timeout_handler</STRONG> (Thumb, 16 bytes, Stack size 8 bytes, dfu_dual_bank.o(.text))
<BR><BR>[Stack]<UL><LI>Max Depth = 160<LI>Call Chain = dfu_timeout_handler &rArr; bootloader_dfu_update_process &rArr; bootloader_settings_save &rArr; pstorage_store &rArr; cmd_queue_enqueue &rArr; cmd_process &rArr; swap_state_process &rArr; __ARM_common_switch8
</UL>
<BR>[Calls]<UL><LI><a href="#[58]">&gt;&gt;</a>&nbsp;&nbsp;&nbsp;bootloader_dfu_update_process
</UL>
<BR>[Address Reference Count : 1]<UL><LI> dfu_dual_bank.o(.text)
</UL>
<P><STRONG><a name="[59]"></a>dfu_timer_restart</STRONG> (Thumb, 60 bytes, Stack size 8 bytes, dfu_dual_bank.o(.text))
<BR><BR>[Stack]<UL><LI>Max Depth = 40<LI>Call Chain = dfu_timer_restart &rArr; app_timer_start
</UL>
<BR>[Calls]<UL><LI><a href="#[5a]">&gt;&gt;</a>&nbsp;&nbsp;&nbsp;app_timer_stop
<LI><a href="#[5b]">&gt;&gt;</a>&nbsp;&nbsp;&nbsp;app_timer_start
<LI><a href="#[47]">&gt;&gt;</a>&nbsp;&nbsp;&nbsp;app_error_handler
</UL>
<BR>[Called By]<UL><LI><a href="#[65]">&gt;&gt;</a>&nbsp;&nbsp;&nbsp;dfu_image_validate
<LI><a href="#[64]">&gt;&gt;</a>&nbsp;&nbsp;&nbsp;dfu_init_pkt_handle
<LI><a href="#[62]">&gt;&gt;</a>&nbsp;&nbsp;&nbsp;dfu_data_pkt_handle
<LI><a href="#[61]">&gt;&gt;</a>&nbsp;&nbsp;&nbsp;dfu_image_size_set
</UL>

<P><STRONG><a name="[2d]"></a>pstorage_callback_handler</STRONG> (Thumb, 30 bytes, Stack size 8 bytes, bootloader.o(.text))
<BR><BR>[Stack]<UL><LI>Max Depth = 8<LI>Call Chain = pstorage_callback_handler
</UL>
<BR>[Calls]<UL><LI><a href="#[47]">&gt;&gt;</a>&nbsp;&nbsp;&nbsp;app_error_handler
</UL>
<BR>[Address Reference Count : 1]<UL><LI> bootloader.o(.text)
</UL>
<P><STRONG><a name="[6a]"></a>bootloader_settings_save</STRONG> (Thumb, 54 bytes, Stack size 8 bytes, bootloader.o(.text))
<BR><BR>[Stack]<UL><LI>Max Depth = 128<LI>Call Chain = bootloader_settings_save &rArr; pstorage_store &rArr; cmd_queue_enqueue &rArr; cmd_process &rArr; swap_state_process &rArr; __ARM_common_switch8
</UL>
<BR>[Calls]<UL><LI><a href="#[6c]">&gt;&gt;</a>&nbsp;&nbsp;&nbsp;pstorage_store
<LI><a href="#[6b]">&gt;&gt;</a>&nbsp;&nbsp;&nbsp;pstorage_clear
<LI><a href="#[47]">&gt;&gt;</a>&nbsp;&nbsp;&nbsp;app_error_handler
</UL>
<BR>[Called By]<UL><LI><a href="#[58]">&gt;&gt;</a>&nbsp;&nbsp;&nbsp;bootloader_dfu_update_process
</UL>

<P><STRONG><a name="[75]"></a>on_ctrl_pt_write</STRONG> (Thumb, 210 bytes, Stack size 56 bytes, ble_dfu.o(.text))
<BR><BR>[Stack]<UL><LI>Max Depth = 88<LI>Call Chain = on_ctrl_pt_write &rArr; ble_dfu_response_send
</UL>
<BR>[Calls]<UL><LI><a href="#[76]">&gt;&gt;</a>&nbsp;&nbsp;&nbsp;__ARM_common_switch8
<LI><a href="#[77]">&gt;&gt;</a>&nbsp;&nbsp;&nbsp;ble_dfu_response_send
</UL>
<BR>[Called By]<UL><LI><a href="#[7b]">&gt;&gt;</a>&nbsp;&nbsp;&nbsp;ble_dfu_on_ble_evt
</UL>

<P><STRONG><a name="[7d]"></a>uint32_encode</STRONG> (Thumb, 18 bytes, Stack size 0 bytes, ble_dfu.o(.text))
<BR><BR>[Called By]<UL><LI><a href="#[7e]">&gt;&gt;</a>&nbsp;&nbsp;&nbsp;ble_dfu_pkts_rcpt_notify
<LI><a href="#[7c]">&gt;&gt;</a>&nbsp;&nbsp;&nbsp;ble_dfu_bytes_rcvd_report
</UL>

<P><STRONG><a name="[79]"></a>dfu_pkt_char_add</STRONG> (Thumb, 124 bytes, Stack size 72 bytes, ble_dfu.o(.text))
<BR><BR>[Stack]<UL><LI>Max Depth = 72<LI>Call Chain = dfu_pkt_char_add
</UL>
<BR>[Calls]<UL><LI><a href="#[7f]">&gt;&gt;</a>&nbsp;&nbsp;&nbsp;__aeabi_memclr4
</UL>
<BR>[Called By]<UL><LI><a href="#[78]">&gt;&gt;</a>&nbsp;&nbsp;&nbsp;ble_dfu_init
</UL>

<P><STRONG><a name="[7a]"></a>dfu_ctrl_pt_add</STRONG> (Thumb, 148 bytes, Stack size 72 bytes, ble_dfu.o(.text))
<BR><BR>[Stack]<UL><LI>Max Depth = 72<LI>Call Chain = dfu_ctrl_pt_add
</UL>
<BR>[Calls]<UL><LI><a href="#[7f]">&gt;&gt;</a>&nbsp;&nbsp;&nbsp;__aeabi_memclr4
</UL>
<BR>[Called By]<UL><LI><a href="#[78]">&gt;&gt;</a>&nbsp;&nbsp;&nbsp;ble_dfu_init
</UL>

<P><STRONG><a name="[89]"></a>NVIC_SetPriority</STRONG> (Thumb, 60 bytes, Stack size 0 bytes, app_timer.o(.text))
<BR><BR>[Called By]<UL><LI><a href="#[4c]">&gt;&gt;</a>&nbsp;&nbsp;&nbsp;app_timer_init
</UL>

<P><STRONG><a name="[80]"></a>rtc1_stop</STRONG> (Thumb, 50 bytes, Stack size 16 bytes, app_timer.o(.text))
<BR><BR>[Stack]<UL><LI>Max Depth = 16<LI>Call Chain = rtc1_stop
</UL>
<BR>[Calls]<UL><LI><a href="#[45]">&gt;&gt;</a>&nbsp;&nbsp;&nbsp;__asm___11_app_timer_c_cd27f9c3__nrf_delay_us
</UL>
<BR>[Called By]<UL><LI><a href="#[8c]">&gt;&gt;</a>&nbsp;&nbsp;&nbsp;timer_list_remove
<LI><a href="#[88]">&gt;&gt;</a>&nbsp;&nbsp;&nbsp;compare_reg_update
<LI><a href="#[4c]">&gt;&gt;</a>&nbsp;&nbsp;&nbsp;app_timer_init
</UL>

<P><STRONG><a name="[84]"></a>timer_list_insert</STRONG> (Thumb, 94 bytes, Stack size 20 bytes, app_timer.o(.text))
<BR><BR>[Stack]<UL><LI>Max Depth = 20<LI>Call Chain = timer_list_insert
</UL>
<BR>[Called By]<UL><LI><a href="#[83]">&gt;&gt;</a>&nbsp;&nbsp;&nbsp;list_insertions_handler
</UL>

<P><STRONG><a name="[81]"></a>timer_timeouts_check</STRONG> (Thumb, 122 bytes, Stack size 24 bytes, app_timer.o(.text))
<BR><BR>[Stack]<UL><LI>Max Depth = 24<LI>Call Chain = timer_timeouts_check
</UL>
<BR>[Calls]<UL><LI><a href="#[82]">&gt;&gt;</a>&nbsp;&nbsp;&nbsp;timer_list_handler_sched
<LI><a href="#[47]">&gt;&gt;</a>&nbsp;&nbsp;&nbsp;app_error_handler
</UL>
<BR>[Called By]<UL><LI><a href="#[1b]">&gt;&gt;</a>&nbsp;&nbsp;&nbsp;RTC1_IRQHandler
</UL>

<P><STRONG><a name="[83]"></a>list_insertions_handler</STRONG> (Thumb, 216 bytes, Stack size 24 bytes, app_timer.o(.text))
<BR><BR>[Stack]<UL><LI>Max Depth = 44<LI>Call Chain = list_insertions_handler &rArr; timer_list_insert
</UL>
<BR>[Calls]<UL><LI><a href="#[84]">&gt;&gt;</a>&nbsp;&nbsp;&nbsp;timer_list_insert
</UL>
<BR>[Called By]<UL><LI><a href="#[1e]">&gt;&gt;</a>&nbsp;&nbsp;&nbsp;SWI0_IRQHandler
</UL>

<P><STRONG><a name="[8a]"></a>user_id_get</STRONG> (Thumb, 70 bytes, Stack size 0 bytes, app_timer.o(.text))
<BR><BR>[Called By]<UL><LI><a href="#[5a]">&gt;&gt;</a>&nbsp;&nbsp;&nbsp;app_timer_stop
<LI><a href="#[5b]">&gt;&gt;</a>&nbsp;&nbsp;&nbsp;app_timer_start
</UL>

<P><STRONG><a name="[82]"></a>timer_list_handler_sched</STRONG> (Thumb, 10 bytes, Stack size 0 bytes, app_timer.o(.text))
<BR><BR>[Called By]<UL><LI><a href="#[81]">&gt;&gt;</a>&nbsp;&nbsp;&nbsp;timer_timeouts_check
<LI><a href="#[5a]">&gt;&gt;</a>&nbsp;&nbsp;&nbsp;app_timer_stop
<LI><a href="#[5b]">&gt;&gt;</a>&nbsp;&nbsp;&nbsp;app_timer_start
</UL>

<P><STRONG><a name="[85]"></a>elapsed_ticks_acquire</STRONG> (Thumb, 58 bytes, Stack size 8 bytes, app_timer.o(.text))
<BR><BR>[Stack]<UL><LI>Max Depth = 8<LI>Call Chain = elapsed_ticks_acquire
</UL>
<BR>[Called By]<UL><LI><a href="#[1e]">&gt;&gt;</a>&nbsp;&nbsp;&nbsp;SWI0_IRQHandler
</UL>

<P><STRONG><a name="[86]"></a>list_deletions_handler</STRONG> (Thumb, 144 bytes, Stack size 24 bytes, app_timer.o(.text))
<BR><BR>[Stack]<UL><LI>Max Depth = 56<LI>Call Chain = list_deletions_handler &rArr; timer_list_remove &rArr; rtc1_stop
</UL>
<BR>[Calls]<UL><LI><a href="#[8c]">&gt;&gt;</a>&nbsp;&nbsp;&nbsp;timer_list_remove
</UL>
<BR>[Called By]<UL><LI><a href="#[1e]">&gt;&gt;</a>&nbsp;&nbsp;&nbsp;SWI0_IRQHandler
</UL>

<P><STRONG><a name="[87]"></a>expired_timers_handler</STRONG> (Thumb, 82 bytes, Stack size 32 bytes, app_timer.o(.text))
<BR><BR>[Stack]<UL><LI>Max Depth = 32<LI>Call Chain = expired_timers_handler
</UL>
<BR>[Called By]<UL><LI><a href="#[1e]">&gt;&gt;</a>&nbsp;&nbsp;&nbsp;SWI0_IRQHandler
</UL>

<P><STRONG><a name="[88]"></a>compare_reg_update</STRONG> (Thumb, 140 bytes, Stack size 24 bytes, app_timer.o(.text))
<BR><BR>[Stack]<UL><LI>Max Depth = 40<LI>Call Chain = compare_reg_update &rArr; rtc1_stop
</UL>
<BR>[Calls]<UL><LI><a href="#[45]">&gt;&gt;</a>&nbsp;&nbsp;&nbsp;__asm___11_app_timer_c_cd27f9c3__nrf_delay_us
<LI><a href="#[80]">&gt;&gt;</a>&nbsp;&nbsp;&nbsp;rtc1_stop
</UL>
<BR>[Called By]<UL><LI><a href="#[1e]">&gt;&gt;</a>&nbsp;&nbsp;&nbsp;SWI0_IRQHandler
</UL>

<P><STRONG><a name="[8b]"></a>user_op_alloc</STRONG> (Thumb, 36 bytes, Stack size 0 bytes, app_timer.o(.text))
<BR><BR>[Called By]<UL><LI><a href="#[5a]">&gt;&gt;</a>&nbsp;&nbsp;&nbsp;app_timer_stop
<LI><a href="#[5b]">&gt;&gt;</a>&nbsp;&nbsp;&nbsp;app_timer_start
</UL>

<P><STRONG><a name="[8c]"></a>timer_list_remove</STRONG> (Thumb, 98 bytes, Stack size 16 bytes, app_timer.o(.text))
<BR><BR>[Stack]<UL><LI>Max Depth = 32<LI>Call Chain = timer_list_remove &rArr; rtc1_stop
</UL>
<BR>[Calls]<UL><LI><a href="#[80]">&gt;&gt;</a>&nbsp;&nbsp;&nbsp;rtc1_stop
</UL>
<BR>[Called By]<UL><LI><a href="#[86]">&gt;&gt;</a>&nbsp;&nbsp;&nbsp;list_deletions_handler
</UL>

<P><STRONG><a name="[8e]"></a>app_sched_event_get</STRONG> (Thumb, 62 bytes, Stack size 16 bytes, app_scheduler.o(.text))
<BR><BR>[Stack]<UL><LI>Max Depth = 16<LI>Call Chain = app_sched_event_get
</UL>
<BR>[Called By]<UL><LI><a href="#[71]">&gt;&gt;</a>&nbsp;&nbsp;&nbsp;app_sched_execute
</UL>

<P><STRONG><a name="[8f]"></a>sense_level_toggle</STRONG> (Thumb, 68 bytes, Stack size 20 bytes, app_gpiote.o(.text))
<BR><BR>[Stack]<UL><LI>Max Depth = 20<LI>Call Chain = sense_level_toggle
</UL>
<BR>[Called By]<UL><LI><a href="#[10]">&gt;&gt;</a>&nbsp;&nbsp;&nbsp;GPIOTE_IRQHandler
</UL>

<P><STRONG><a name="[96]"></a>cmd_queue_element_init</STRONG> (Thumb, 26 bytes, Stack size 0 bytes, pstorage.o(.text))
<BR><BR>[Called By]<UL><LI><a href="#[6e]">&gt;&gt;</a>&nbsp;&nbsp;&nbsp;pstorage_init
<LI><a href="#[4a]">&gt;&gt;</a>&nbsp;&nbsp;&nbsp;pstorage_sys_event_handler
</UL>

<P><STRONG><a name="[90]"></a>swap_state_process</STRONG> (Thumb, 268 bytes, Stack size 40 bytes, pstorage.o(.text))
<BR><BR>[Stack]<UL><LI>Max Depth = 48<LI>Call Chain = swap_state_process &rArr; __ARM_common_switch8
</UL>
<BR>[Calls]<UL><LI><a href="#[76]">&gt;&gt;</a>&nbsp;&nbsp;&nbsp;__ARM_common_switch8
<LI><a href="#[91]">&gt;&gt;</a>&nbsp;&nbsp;&nbsp;__aeabi_uidivmod
</UL>
<BR>[Called By]<UL><LI><a href="#[92]">&gt;&gt;</a>&nbsp;&nbsp;&nbsp;cmd_process
</UL>

<P><STRONG><a name="[92]"></a>cmd_process</STRONG> (Thumb, 226 bytes, Stack size 24 bytes, pstorage.o(.text))
<BR><BR>[Stack]<UL><LI>Max Depth = 72<LI>Call Chain = cmd_process &rArr; swap_state_process &rArr; __ARM_common_switch8
</UL>
<BR>[Calls]<UL><LI><a href="#[90]">&gt;&gt;</a>&nbsp;&nbsp;&nbsp;swap_state_process
<LI><a href="#[91]">&gt;&gt;</a>&nbsp;&nbsp;&nbsp;__aeabi_uidivmod
</UL>
<BR>[Called By]<UL><LI><a href="#[94]">&gt;&gt;</a>&nbsp;&nbsp;&nbsp;cmd_queue_dequeue
<LI><a href="#[93]">&gt;&gt;</a>&nbsp;&nbsp;&nbsp;cmd_queue_enqueue
</UL>

<P><STRONG><a name="[93]"></a>cmd_queue_enqueue</STRONG> (Thumb, 76 bytes, Stack size 24 bytes, pstorage.o(.text))
<BR><BR>[Stack]<UL><LI>Max Depth = 96<LI>Call Chain = cmd_queue_enqueue &rArr; cmd_process &rArr; swap_state_process &rArr; __ARM_common_switch8
</UL>
<BR>[Calls]<UL><LI><a href="#[92]">&gt;&gt;</a>&nbsp;&nbsp;&nbsp;cmd_process
</UL>
<BR>[Called By]<UL><LI><a href="#[6c]">&gt;&gt;</a>&nbsp;&nbsp;&nbsp;pstorage_store
<LI><a href="#[6b]">&gt;&gt;</a>&nbsp;&nbsp;&nbsp;pstorage_clear
<LI><a href="#[63]">&gt;&gt;</a>&nbsp;&nbsp;&nbsp;pstorage_raw_store
<LI><a href="#[5f]">&gt;&gt;</a>&nbsp;&nbsp;&nbsp;pstorage_raw_clear
</UL>

<P><STRONG><a name="[95]"></a>app_notify</STRONG> (Thumb, 52 bytes, Stack size 16 bytes, pstorage.o(.text))
<BR><BR>[Stack]<UL><LI>Max Depth = 16<LI>Call Chain = app_notify
</UL>
<BR>[Called By]<UL><LI><a href="#[94]">&gt;&gt;</a>&nbsp;&nbsp;&nbsp;cmd_queue_dequeue
<LI><a href="#[4a]">&gt;&gt;</a>&nbsp;&nbsp;&nbsp;pstorage_sys_event_handler
</UL>

<P><STRONG><a name="[97]"></a>is_word_aligned</STRONG> (Thumb, 12 bytes, Stack size 0 bytes, pstorage.o(.text))
<BR><BR>[Called By]<UL><LI><a href="#[6c]">&gt;&gt;</a>&nbsp;&nbsp;&nbsp;pstorage_store
<LI><a href="#[73]">&gt;&gt;</a>&nbsp;&nbsp;&nbsp;pstorage_load
<LI><a href="#[6b]">&gt;&gt;</a>&nbsp;&nbsp;&nbsp;pstorage_clear
<LI><a href="#[63]">&gt;&gt;</a>&nbsp;&nbsp;&nbsp;pstorage_raw_store
</UL>

<P><STRONG><a name="[94]"></a>cmd_queue_dequeue</STRONG> (Thumb, 34 bytes, Stack size 8 bytes, pstorage.o(.text))
<BR><BR>[Stack]<UL><LI>Max Depth = 80<LI>Call Chain = cmd_queue_dequeue &rArr; cmd_process &rArr; swap_state_process &rArr; __ARM_common_switch8
</UL>
<BR>[Calls]<UL><LI><a href="#[95]">&gt;&gt;</a>&nbsp;&nbsp;&nbsp;app_notify
<LI><a href="#[92]">&gt;&gt;</a>&nbsp;&nbsp;&nbsp;cmd_process
</UL>
<BR>[Called By]<UL><LI><a href="#[4a]">&gt;&gt;</a>&nbsp;&nbsp;&nbsp;pstorage_sys_event_handler
</UL>

<P><STRONG><a name="[30]"></a>dfu_cb_handler</STRONG> (Thumb, 50 bytes, Stack size 8 bytes, dfu_transport_ble.o(.text))
<BR><BR>[Stack]<UL><LI>Max Depth = 28<LI>Call Chain = dfu_cb_handler &rArr; hci_mem_pool_rx_consume
</UL>
<BR>[Calls]<UL><LI><a href="#[47]">&gt;&gt;</a>&nbsp;&nbsp;&nbsp;app_error_handler
<LI><a href="#[98]">&gt;&gt;</a>&nbsp;&nbsp;&nbsp;hci_mem_pool_rx_consume
</UL>
<BR>[Address Reference Count : 1]<UL><LI> dfu_transport_ble.o(.text)
</UL>
<P><STRONG><a name="[9a]"></a>nrf_error_to_dfu_resp_val</STRONG> (Thumb, 54 bytes, Stack size 0 bytes, dfu_transport_ble.o(.text))
<BR><BR>[Called By]<UL><LI><a href="#[a1]">&gt;&gt;</a>&nbsp;&nbsp;&nbsp;init_data_process
<LI><a href="#[a0]">&gt;&gt;</a>&nbsp;&nbsp;&nbsp;start_data_process
<LI><a href="#[31]">&gt;&gt;</a>&nbsp;&nbsp;&nbsp;on_dfu_evt
<LI><a href="#[99]">&gt;&gt;</a>&nbsp;&nbsp;&nbsp;dfu_error_notify
</UL>

<P><STRONG><a name="[99]"></a>dfu_error_notify</STRONG> (Thumb, 38 bytes, Stack size 8 bytes, dfu_transport_ble.o(.text))
<BR><BR>[Stack]<UL><LI>Max Depth = 40<LI>Call Chain = dfu_error_notify &rArr; ble_dfu_response_send
</UL>
<BR>[Calls]<UL><LI><a href="#[77]">&gt;&gt;</a>&nbsp;&nbsp;&nbsp;ble_dfu_response_send
<LI><a href="#[47]">&gt;&gt;</a>&nbsp;&nbsp;&nbsp;app_error_handler
<LI><a href="#[9a]">&gt;&gt;</a>&nbsp;&nbsp;&nbsp;nrf_error_to_dfu_resp_val
</UL>
<BR>[Called By]<UL><LI><a href="#[9b]">&gt;&gt;</a>&nbsp;&nbsp;&nbsp;app_data_process
</UL>

<P><STRONG><a name="[9b]"></a>app_data_process</STRONG> (Thumb, 238 bytes, Stack size 40 bytes, dfu_transport_ble.o(.text))
<BR><BR>[Stack]<UL><LI>Max Depth = 176<LI>Call Chain = app_data_process &rArr; dfu_data_pkt_handle &rArr; pstorage_raw_store &rArr; cmd_queue_enqueue &rArr; cmd_process &rArr; swap_state_process &rArr; __ARM_common_switch8
</UL>
<BR>[Calls]<UL><LI><a href="#[7e]">&gt;&gt;</a>&nbsp;&nbsp;&nbsp;ble_dfu_pkts_rcpt_notify
<LI><a href="#[77]">&gt;&gt;</a>&nbsp;&nbsp;&nbsp;ble_dfu_response_send
<LI><a href="#[62]">&gt;&gt;</a>&nbsp;&nbsp;&nbsp;dfu_data_pkt_handle
<LI><a href="#[47]">&gt;&gt;</a>&nbsp;&nbsp;&nbsp;app_error_handler
<LI><a href="#[8d]">&gt;&gt;</a>&nbsp;&nbsp;&nbsp;__aeabi_memcpy
<LI><a href="#[99]">&gt;&gt;</a>&nbsp;&nbsp;&nbsp;dfu_error_notify
<LI><a href="#[9e]">&gt;&gt;</a>&nbsp;&nbsp;&nbsp;hci_mem_pool_rx_extract
<LI><a href="#[9d]">&gt;&gt;</a>&nbsp;&nbsp;&nbsp;hci_mem_pool_rx_data_size_set
<LI><a href="#[98]">&gt;&gt;</a>&nbsp;&nbsp;&nbsp;hci_mem_pool_rx_consume
<LI><a href="#[9c]">&gt;&gt;</a>&nbsp;&nbsp;&nbsp;hci_mem_pool_rx_produce
</UL>
<BR>[Called By]<UL><LI><a href="#[31]">&gt;&gt;</a>&nbsp;&nbsp;&nbsp;on_dfu_evt
</UL>

<P><STRONG><a name="[33]"></a>conn_params_error_handler</STRONG> (Thumb, 14 bytes, Stack size 8 bytes, dfu_transport_ble.o(.text))
<BR><BR>[Stack]<UL><LI>Max Depth = 8<LI>Call Chain = conn_params_error_handler
</UL>
<BR>[Calls]<UL><LI><a href="#[47]">&gt;&gt;</a>&nbsp;&nbsp;&nbsp;app_error_handler
</UL>
<BR>[Address Reference Count : 1]<UL><LI> dfu_transport_ble.o(.text)
</UL>
<P><STRONG><a name="[31]"></a>on_dfu_evt</STRONG> (Thumb, 196 bytes, Stack size 16 bytes, dfu_transport_ble.o(.text))
<BR><BR>[Stack]<UL><LI>Max Depth = 192<LI>Call Chain = on_dfu_evt &rArr; dfu_image_activate &rArr; bootloader_dfu_update_process &rArr; bootloader_settings_save &rArr; pstorage_store &rArr; cmd_queue_enqueue &rArr; cmd_process &rArr; swap_state_process &rArr; __ARM_common_switch8
</UL>
<BR>[Calls]<UL><LI><a href="#[76]">&gt;&gt;</a>&nbsp;&nbsp;&nbsp;__ARM_common_switch8
<LI><a href="#[7c]">&gt;&gt;</a>&nbsp;&nbsp;&nbsp;ble_dfu_bytes_rcvd_report
<LI><a href="#[77]">&gt;&gt;</a>&nbsp;&nbsp;&nbsp;ble_dfu_response_send
<LI><a href="#[6d]">&gt;&gt;</a>&nbsp;&nbsp;&nbsp;dfu_transport_close
<LI><a href="#[68]">&gt;&gt;</a>&nbsp;&nbsp;&nbsp;dfu_reset
<LI><a href="#[67]">&gt;&gt;</a>&nbsp;&nbsp;&nbsp;dfu_image_activate
<LI><a href="#[65]">&gt;&gt;</a>&nbsp;&nbsp;&nbsp;dfu_image_validate
<LI><a href="#[47]">&gt;&gt;</a>&nbsp;&nbsp;&nbsp;app_error_handler
<LI><a href="#[a1]">&gt;&gt;</a>&nbsp;&nbsp;&nbsp;init_data_process
<LI><a href="#[a0]">&gt;&gt;</a>&nbsp;&nbsp;&nbsp;start_data_process
<LI><a href="#[9b]">&gt;&gt;</a>&nbsp;&nbsp;&nbsp;app_data_process
<LI><a href="#[9a]">&gt;&gt;</a>&nbsp;&nbsp;&nbsp;nrf_error_to_dfu_resp_val
</UL>
<BR>[Address Reference Count : 1]<UL><LI> dfu_transport_ble.o(.text)
</UL>
<P><STRONG><a name="[a2]"></a>advertising_start</STRONG> (Thumb, 40 bytes, Stack size 8 bytes, dfu_transport_ble.o(.text))
<BR><BR>[Stack]<UL><LI>Max Depth = 8<LI>Call Chain = advertising_start
</UL>
<BR>[Calls]<UL><LI><a href="#[47]">&gt;&gt;</a>&nbsp;&nbsp;&nbsp;app_error_handler
</UL>
<BR>[Called By]<UL><LI><a href="#[70]">&gt;&gt;</a>&nbsp;&nbsp;&nbsp;dfu_transport_update_start
<LI><a href="#[a3]">&gt;&gt;</a>&nbsp;&nbsp;&nbsp;on_ble_evt
</UL>

<P><STRONG><a name="[a3]"></a>on_ble_evt</STRONG> (Thumb, 144 bytes, Stack size 16 bytes, dfu_transport_ble.o(.text))
<BR><BR>[Stack]<UL><LI>Max Depth = 24<LI>Call Chain = on_ble_evt &rArr; advertising_start
</UL>
<BR>[Calls]<UL><LI><a href="#[47]">&gt;&gt;</a>&nbsp;&nbsp;&nbsp;app_error_handler
<LI><a href="#[a2]">&gt;&gt;</a>&nbsp;&nbsp;&nbsp;advertising_start
</UL>
<BR>[Called By]<UL><LI><a href="#[2f]">&gt;&gt;</a>&nbsp;&nbsp;&nbsp;ble_evt_dispatch
</UL>

<P><STRONG><a name="[2f]"></a>ble_evt_dispatch</STRONG> (Thumb, 26 bytes, Stack size 8 bytes, dfu_transport_ble.o(.text))
<BR><BR>[Stack]<UL><LI>Max Depth = 120<LI>Call Chain = ble_evt_dispatch &rArr; ble_dfu_on_ble_evt &rArr; on_ctrl_pt_write &rArr; ble_dfu_response_send
</UL>
<BR>[Calls]<UL><LI><a href="#[7b]">&gt;&gt;</a>&nbsp;&nbsp;&nbsp;ble_dfu_on_ble_evt
<LI><a href="#[a4]">&gt;&gt;</a>&nbsp;&nbsp;&nbsp;ble_conn_params_on_ble_evt
<LI><a href="#[a3]">&gt;&gt;</a>&nbsp;&nbsp;&nbsp;on_ble_evt
</UL>
<BR>[Address Reference Count : 1]<UL><LI> dfu_transport_ble.o(.text)
</UL>
<P><STRONG><a name="[32]"></a>service_error_handler</STRONG> (Thumb, 14 bytes, Stack size 8 bytes, dfu_transport_ble.o(.text))
<BR><BR>[Stack]<UL><LI>Max Depth = 8<LI>Call Chain = service_error_handler
</UL>
<BR>[Calls]<UL><LI><a href="#[47]">&gt;&gt;</a>&nbsp;&nbsp;&nbsp;app_error_handler
</UL>
<BR>[Address Reference Count : 1]<UL><LI> dfu_transport_ble.o(.text)
</UL>
<P><STRONG><a name="[a0]"></a>start_data_process</STRONG> (Thumb, 82 bytes, Stack size 16 bytes, dfu_transport_ble.o(.text))
<BR><BR>[Stack]<UL><LI>Max Depth = 72<LI>Call Chain = start_data_process &rArr; dfu_image_size_set &rArr; dfu_timer_restart &rArr; app_timer_start
</UL>
<BR>[Calls]<UL><LI><a href="#[77]">&gt;&gt;</a>&nbsp;&nbsp;&nbsp;ble_dfu_response_send
<LI><a href="#[61]">&gt;&gt;</a>&nbsp;&nbsp;&nbsp;dfu_image_size_set
<LI><a href="#[47]">&gt;&gt;</a>&nbsp;&nbsp;&nbsp;app_error_handler
<LI><a href="#[ac]">&gt;&gt;</a>&nbsp;&nbsp;&nbsp;__aeabi_uread4
<LI><a href="#[9a]">&gt;&gt;</a>&nbsp;&nbsp;&nbsp;nrf_error_to_dfu_resp_val
</UL>
<BR>[Called By]<UL><LI><a href="#[31]">&gt;&gt;</a>&nbsp;&nbsp;&nbsp;on_dfu_evt
</UL>

<P><STRONG><a name="[a1]"></a>init_data_process</STRONG> (Thumb, 98 bytes, Stack size 32 bytes, dfu_transport_ble.o(.text))
<BR><BR>[Stack]<UL><LI>Max Depth = 96<LI>Call Chain = init_data_process &rArr; dfu_init_pkt_handle &rArr; dfu_timer_restart &rArr; app_timer_start
</UL>
<BR>[Calls]<UL><LI><a href="#[77]">&gt;&gt;</a>&nbsp;&nbsp;&nbsp;ble_dfu_response_send
<LI><a href="#[64]">&gt;&gt;</a>&nbsp;&nbsp;&nbsp;dfu_init_pkt_handle
<LI><a href="#[47]">&gt;&gt;</a>&nbsp;&nbsp;&nbsp;app_error_handler
<LI><a href="#[9a]">&gt;&gt;</a>&nbsp;&nbsp;&nbsp;nrf_error_to_dfu_resp_val
</UL>
<BR>[Called By]<UL><LI><a href="#[31]">&gt;&gt;</a>&nbsp;&nbsp;&nbsp;on_dfu_evt
</UL>

<P><STRONG><a name="[a8]"></a>gap_params_init</STRONG> (Thumb, 72 bytes, Stack size 16 bytes, dfu_transport_ble.o(.text))
<BR><BR>[Stack]<UL><LI>Max Depth = 16<LI>Call Chain = gap_params_init
</UL>
<BR>[Calls]<UL><LI><a href="#[47]">&gt;&gt;</a>&nbsp;&nbsp;&nbsp;app_error_handler
</UL>
<BR>[Called By]<UL><LI><a href="#[70]">&gt;&gt;</a>&nbsp;&nbsp;&nbsp;dfu_transport_update_start
</UL>

<P><STRONG><a name="[a9]"></a>advertising_init</STRONG> (Thumb, 106 bytes, Stack size 80 bytes, dfu_transport_ble.o(.text))
<BR><BR>[Stack]<UL><LI>Max Depth = 280<LI>Call Chain = advertising_init &rArr; ble_advdata_set &rArr; adv_data_encode &rArr; uuid_list_encode &rArr; uuid_list_sized_encode
</UL>
<BR>[Calls]<UL><LI><a href="#[47]">&gt;&gt;</a>&nbsp;&nbsp;&nbsp;app_error_handler
<LI><a href="#[7f]">&gt;&gt;</a>&nbsp;&nbsp;&nbsp;__aeabi_memclr4
<LI><a href="#[ad]">&gt;&gt;</a>&nbsp;&nbsp;&nbsp;ble_advdata_set
</UL>
<BR>[Called By]<UL><LI><a href="#[70]">&gt;&gt;</a>&nbsp;&nbsp;&nbsp;dfu_transport_update_start
</UL>

<P><STRONG><a name="[ab]"></a>sec_params_init</STRONG> (Thumb, 34 bytes, Stack size 0 bytes, dfu_transport_ble.o(.text))
<BR><BR>[Called By]<UL><LI><a href="#[70]">&gt;&gt;</a>&nbsp;&nbsp;&nbsp;dfu_transport_update_start
</UL>

<P><STRONG><a name="[34]"></a>update_timeout_handler</STRONG> (Thumb, 86 bytes, Stack size 16 bytes, ble_conn_params.o(.text))
<BR><BR>[Stack]<UL><LI>Max Depth = 16<LI>Call Chain = update_timeout_handler
</UL>
<BR>[Address Reference Count : 1]<UL><LI> ble_conn_params.o(.text)
</UL>
<P><STRONG><a name="[af]"></a>conn_params_negotiation</STRONG> (Thumb, 86 bytes, Stack size 24 bytes, ble_conn_params.o(.text))
<BR><BR>[Stack]<UL><LI>Max Depth = 56<LI>Call Chain = conn_params_negotiation &rArr; app_timer_start
</UL>
<BR>[Calls]<UL><LI><a href="#[5b]">&gt;&gt;</a>&nbsp;&nbsp;&nbsp;app_timer_start
<LI><a href="#[b0]">&gt;&gt;</a>&nbsp;&nbsp;&nbsp;is_conn_params_ok
</UL>
<BR>[Called By]<UL><LI><a href="#[a4]">&gt;&gt;</a>&nbsp;&nbsp;&nbsp;ble_conn_params_on_ble_evt
</UL>

<P><STRONG><a name="[b0]"></a>is_conn_params_ok</STRONG> (Thumb, 26 bytes, Stack size 0 bytes, ble_conn_params.o(.text))
<BR><BR>[Called By]<UL><LI><a href="#[af]">&gt;&gt;</a>&nbsp;&nbsp;&nbsp;conn_params_negotiation
</UL>

<P><STRONG><a name="[b2]"></a>uuid_list_sized_encode</STRONG> (Thumb, 162 bytes, Stack size 48 bytes, ble_advdata.o(.text))
<BR><BR>[Stack]<UL><LI>Max Depth = 48<LI>Call Chain = uuid_list_sized_encode
</UL>
<BR>[Called By]<UL><LI><a href="#[b1]">&gt;&gt;</a>&nbsp;&nbsp;&nbsp;uuid_list_encode
</UL>

<P><STRONG><a name="[b1]"></a>uuid_list_encode</STRONG> (Thumb, 38 bytes, Stack size 24 bytes, ble_advdata.o(.text))
<BR><BR>[Stack]<UL><LI>Max Depth = 72<LI>Call Chain = uuid_list_encode &rArr; uuid_list_sized_encode
</UL>
<BR>[Calls]<UL><LI><a href="#[b2]">&gt;&gt;</a>&nbsp;&nbsp;&nbsp;uuid_list_sized_encode
</UL>
<BR>[Called By]<UL><LI><a href="#[b3]">&gt;&gt;</a>&nbsp;&nbsp;&nbsp;adv_data_encode
</UL>

<P><STRONG><a name="[b3]"></a>adv_data_encode</STRONG> (Thumb, 360 bytes, Stack size 40 bytes, ble_advdata.o(.text))
<BR><BR>[Stack]<UL><LI>Max Depth = 112<LI>Call Chain = adv_data_encode &rArr; uuid_list_encode &rArr; uuid_list_sized_encode
</UL>
<BR>[Calls]<UL><LI><a href="#[8d]">&gt;&gt;</a>&nbsp;&nbsp;&nbsp;__aeabi_memcpy
<LI><a href="#[b8]">&gt;&gt;</a>&nbsp;&nbsp;&nbsp;service_data_encode
<LI><a href="#[b7]">&gt;&gt;</a>&nbsp;&nbsp;&nbsp;manuf_specific_data_encode
<LI><a href="#[b6]">&gt;&gt;</a>&nbsp;&nbsp;&nbsp;conn_int_encode
<LI><a href="#[b4]">&gt;&gt;</a>&nbsp;&nbsp;&nbsp;name_encode
<LI><a href="#[b5]">&gt;&gt;</a>&nbsp;&nbsp;&nbsp;uint16_encode
<LI><a href="#[b1]">&gt;&gt;</a>&nbsp;&nbsp;&nbsp;uuid_list_encode
</UL>
<BR>[Called By]<UL><LI><a href="#[ad]">&gt;&gt;</a>&nbsp;&nbsp;&nbsp;ble_advdata_set
</UL>

<P><STRONG><a name="[b5]"></a>uint16_encode</STRONG> (Thumb, 10 bytes, Stack size 0 bytes, ble_advdata.o(.text))
<BR><BR>[Called By]<UL><LI><a href="#[b8]">&gt;&gt;</a>&nbsp;&nbsp;&nbsp;service_data_encode
<LI><a href="#[b7]">&gt;&gt;</a>&nbsp;&nbsp;&nbsp;manuf_specific_data_encode
<LI><a href="#[b6]">&gt;&gt;</a>&nbsp;&nbsp;&nbsp;conn_int_encode
<LI><a href="#[b3]">&gt;&gt;</a>&nbsp;&nbsp;&nbsp;adv_data_encode
</UL>

<P><STRONG><a name="[b4]"></a>name_encode</STRONG> (Thumb, 106 bytes, Stack size 24 bytes, ble_advdata.o(.text))
<BR><BR>[Stack]<UL><LI>Max Depth = 24<LI>Call Chain = name_encode
</UL>
<BR>[Called By]<UL><LI><a href="#[b3]">&gt;&gt;</a>&nbsp;&nbsp;&nbsp;adv_data_encode
</UL>

<P><STRONG><a name="[b6]"></a>conn_int_encode</STRONG> (Thumb, 126 bytes, Stack size 24 bytes, ble_advdata.o(.text))
<BR><BR>[Stack]<UL><LI>Max Depth = 24<LI>Call Chain = conn_int_encode
</UL>
<BR>[Calls]<UL><LI><a href="#[b5]">&gt;&gt;</a>&nbsp;&nbsp;&nbsp;uint16_encode
</UL>
<BR>[Called By]<UL><LI><a href="#[b3]">&gt;&gt;</a>&nbsp;&nbsp;&nbsp;adv_data_encode
</UL>

<P><STRONG><a name="[b7]"></a>manuf_specific_data_encode</STRONG> (Thumb, 100 bytes, Stack size 16 bytes, ble_advdata.o(.text))
<BR><BR>[Stack]<UL><LI>Max Depth = 40<LI>Call Chain = manuf_specific_data_encode &rArr; __aeabi_memcpy
</UL>
<BR>[Calls]<UL><LI><a href="#[8d]">&gt;&gt;</a>&nbsp;&nbsp;&nbsp;__aeabi_memcpy
<LI><a href="#[b5]">&gt;&gt;</a>&nbsp;&nbsp;&nbsp;uint16_encode
</UL>
<BR>[Called By]<UL><LI><a href="#[b3]">&gt;&gt;</a>&nbsp;&nbsp;&nbsp;adv_data_encode
</UL>

<P><STRONG><a name="[b8]"></a>service_data_encode</STRONG> (Thumb, 122 bytes, Stack size 40 bytes, ble_advdata.o(.text))
<BR><BR>[Stack]<UL><LI>Max Depth = 64<LI>Call Chain = service_data_encode &rArr; __aeabi_memcpy
</UL>
<BR>[Calls]<UL><LI><a href="#[8d]">&gt;&gt;</a>&nbsp;&nbsp;&nbsp;__aeabi_memcpy
<LI><a href="#[b5]">&gt;&gt;</a>&nbsp;&nbsp;&nbsp;uint16_encode
</UL>
<BR>[Called By]<UL><LI><a href="#[b3]">&gt;&gt;</a>&nbsp;&nbsp;&nbsp;adv_data_encode
</UL>
<P>
<H3>
Undefined Global Symbols
</H3>
<P><STRONG><a name="[bf]"></a>_call_atexit_fns</STRONG> (ARM, 0 bytes, Stack size 0 bytes, UNDEFINED)
<BR><BR>[Called By]<UL><LI><a href="#[40]">&gt;&gt;</a>&nbsp;&nbsp;&nbsp;exit
</UL>
<HR></body></html>
