<html>
<body>
<pre>
<h1>µVision Build Log</h1>
<h2>Project:</h2>
C:\Nordic Semiconductor\GCC\nrf51822_v6.0.0\Board\nrf6310\device_firmware_updates\bootloader\arm\bootloader.uvproj
Project File Date:  07/01/2014

<h2>Output:</h2>
Build target 'dfu_dual_bank_ble (s110)'
Clean started - Project: 'bootloader'
   deleting intermediate output files for target 'dfu_dual_bank_ble (s110)'
compiling system_nrf51.c...
assembling arm_startup_nrf51.s...
compiling main.c...
compiling dfu_dual_bank.c...
compiling bootloader.c...
compiling bootloader_util_arm.c...
compiling ble_dfu.c...
compiling app_timer.c...
compiling app_scheduler.c...
compiling app_gpiote.c...
compiling crc16.c...
compiling softdevice_handler.c...
compiling pstorage.c...
compiling hci_mem_pool.c...
compiling dfu_transport_ble.c...
compiling ble_conn_params.c...
compiling ble_advdata.c...
compiling ble_srv_common.c...
linking...
Program Size: Code=13252 RO-data=256 RW-data=244 ZI-data=5968  
".\_build\bootloader.axf" - 0 Error(s), 0 Warning(s).

*** Performing Cross-Module-Optimization:
compiling system_nrf51.c...
compiling main.c...
compiling dfu_dual_bank.c...
compiling bootloader.c...
compiling bootloader_util_arm.c...
compiling app_timer.c...
compiling app_scheduler.c...
compiling app_gpiote.c...
compiling softdevice_handler.c...
compiling pstorage.c...
compiling hci_mem_pool.c...
compiling dfu_transport_ble.c...
compiling ble_conn_params.c...
compiling ble_srv_common.c...
linking...
Program Size: Code=12424 RO-data=256 RW-data=244 ZI-data=5968  
compiling system_nrf51.c...
compiling main.c...
compiling dfu_dual_bank.c...
compiling bootloader.c...
compiling bootloader_util_arm.c...
compiling app_timer.c...
compiling app_scheduler.c...
compiling app_gpiote.c...
compiling softdevice_handler.c...
compiling pstorage.c...
compiling hci_mem_pool.c...
compiling dfu_transport_ble.c...
compiling ble_conn_params.c...
compiling ble_srv_common.c...
linking...
Program Size: Code=12424 RO-data=256 RW-data=244 ZI-data=5968  
FromELF: creating hex file...
".\_build\bootloader.axf" - 0 Error(s), 0 Warning(s).
*** Completed Cross-Module-Optimization after 3 iteration(s).
"nrfjprog.exe" --reset --program "C:\Nordic Semiconductor\GCC\nrf51822_v6.0.0\Board\nrf6310\device_firmware_updates\bootloader\arm\_build\bootloader.HEX" 
Parsing hex file(s).
Checking that there is no data to be written in region 0.
Checking that there are no UICR conflicts.
Disabling flash write and erase protection mechanism.
Checking that the area to download is erased, and erasing if necessary.
Programming.
Enabling flash write and erase protection mechanism.
Applying system reset.
</pre>
</body>
</html>
