ARM Linker, 5.03 [Build 76] [MDK-ARM Professional]

==============================================================================

Section Cross References

    system_nrf51.o(.text) refers to system_nrf51.o(.data) for .data
    arm_startup_nrf51.o(STACK) refers (Special) to heapauxi.o(.text) for __use_two_region_memory
    arm_startup_nrf51.o(HEAP) refers (Special) to heapauxi.o(.text) for __use_two_region_memory
    arm_startup_nrf51.o(RESET) refers (Special) to heapauxi.o(.text) for __use_two_region_memory
    arm_startup_nrf51.o(RESET) refers to arm_startup_nrf51.o(STACK) for __initial_sp
    arm_startup_nrf51.o(RESET) refers to arm_startup_nrf51.o(.text) for Reset_Handler
    arm_startup_nrf51.o(RESET) refers to app_gpiote.o(.text) for GPIOTE_IRQHandler
    arm_startup_nrf51.o(RESET) refers to app_timer.o(.text) for RTC1_IRQHandler
    arm_startup_nrf51.o(RESET) refers to softdevice_handler.o(.text) for SWI2_IRQHandler
    arm_startup_nrf51.o(.text) refers (Special) to heapauxi.o(.text) for __use_two_region_memory
    arm_startup_nrf51.o(.text) refers to system_nrf51.o(.text) for SystemInit
    arm_startup_nrf51.o(.text) refers to __main.o(!!!main) for __main
    arm_startup_nrf51.o(.text) refers to arm_startup_nrf51.o(HEAP) for Heap_Mem
    arm_startup_nrf51.o(.text) refers to arm_startup_nrf51.o(STACK) for Stack_Mem
    main.o(.text) refers to pstorage.o(.text) for pstorage_sys_event_handler
    main.o(.text) refers to app_timer.o(.text) for app_timer_init
    main.o(.text) refers to app_gpiote.o(.text) for app_gpiote_init
    main.o(.text) refers to app_scheduler.o(.text) for app_sched_init
    main.o(.text) refers to bootloader.o(.text) for bootloader_app_is_valid
    main.o(.text) refers to softdevice_handler.o(.text) for softdevice_handler_init
    main.o(.text) refers to main.o(.bss) for .bss
    main.o(.text) refers to main.o(.constdata) for .constdata
    dfu_dual_bank.o(.text) refers to main.o(.text) for app_error_handler
    dfu_dual_bank.o(.text) refers to bootloader.o(.text) for bootloader_dfu_update_process
    dfu_dual_bank.o(.text) refers to app_timer.o(.text) for app_timer_stop
    dfu_dual_bank.o(.text) refers to pstorage.o(.text) for pstorage_raw_register
    dfu_dual_bank.o(.text) refers to crc16.o(.text) for crc16_compute
    dfu_dual_bank.o(.text) refers to dfu_dual_bank.o(.data) for .data
    dfu_dual_bank.o(.text) refers to dfu_dual_bank.o(.bss) for .bss
    bootloader.o(.text) refers to main.o(.text) for app_error_handler
    bootloader.o(.text) refers to bootloader_util_arm.o(.text) for bootloader_util_settings_get
    bootloader.o(.text) refers to crc16.o(.text) for crc16_compute
    bootloader.o(.text) refers to pstorage.o(.text) for pstorage_clear
    bootloader.o(.text) refers to dfu_transport_ble.o(.text) for dfu_transport_close
    bootloader.o(.text) refers to dfu_dual_bank.o(.text) for dfu_init
    bootloader.o(.text) refers to app_scheduler.o(.text) for app_sched_execute
    bootloader.o(.text) refers to bootloader.o(.data) for .data
    bootloader.o(.text) refers to bootloader.o(.bss) for .bss
    bootloader_util_arm.o(.text) refers to bootloader_util_arm.o(.emb_text) for StartApplication
    bootloader_util_arm.o(.text) refers to bootloader_util_arm.o(.ARM.__AT_0x0003FC00) for .ARM.__AT_0x0003FC00
    bootloader_util_arm.o(.constdata) refers to bootloader_util_arm.o(.ARM.__AT_0x0003FC00) for m_boot_settings
    ble_dfu.o(.text) refers to ble_dfu.o(i.__ARM_common_switch8) for __ARM_common_switch8
    ble_dfu.o(.text) refers to rt_memclr.o(.text) for __aeabi_memclr4
    ble_dfu.o(.text) refers to ble_dfu.o(.data) for .data
    ble_dfu.o(.text) refers to ble_dfu.o(.constdata) for .constdata
    app_timer.o(.text) refers to app_timer.o(.emb_text) for __asm___11_app_timer_c_cd27f9c3__nrf_delay_us
    app_timer.o(.text) refers to main.o(.text) for app_error_handler
    app_timer.o(.text) refers to app_timer.o(.data) for .data
    app_timer.o(.text) refers to app_timer.o(.text) for user_id_get
    app_timer.o(.text) refers to app_timer.o(.data) for .data
    app_scheduler.o(.text) refers to main.o(.text) for app_error_handler
    app_scheduler.o(.text) refers to rt_memcpy.o(.text) for __aeabi_memcpy
    app_scheduler.o(.text) refers to app_scheduler.o(.data) for .data
    app_gpiote.o(.text) refers to rt_memclr.o(.text) for __aeabi_memclr4
    app_gpiote.o(.text) refers to app_gpiote.o(.data) for .data
    app_gpiote.o(.text) refers to app_gpiote.o(.data) for .data
    app_gpiote.o(.text) refers to app_gpiote.o(.text) for pins_sense_disable
    app_gpiote.o(.text) refers to app_gpiote.o(.data) for .data
    app_gpiote.o(.text) refers to app_gpiote.o(.data) for .data
    app_gpiote.o(.text) refers to app_gpiote.o(.text) for pins_sense_disable
    app_gpiote.o(.text) refers to app_gpiote.o(.data) for .data
    app_gpiote.o(.text) refers to app_gpiote.o(.data) for .data
    softdevice_handler.o(.text) refers to main.o(.text) for assert_nrf_callback
    softdevice_handler.o(.text) refers to softdevice_handler.o(.data) for .data
    softdevice_handler.o(.text) refers to softdevice_handler.o(.data) for .data
    pstorage.o(.text) refers to ble_dfu.o(i.__ARM_common_switch8) for __ARM_common_switch8
    pstorage.o(.text) refers to aeabi_sdiv.o(.text) for __aeabi_uidivmod
    pstorage.o(.text) refers to pstorage.o(.bss) for .bss
    pstorage.o(.text) refers to pstorage.o(.data) for .data
    pstorage.o(.text) refers to rt_memcpy.o(.text) for __aeabi_memcpy
    pstorage.o(.text) refers to pstorage.o(.data) for .data
    pstorage.o(.text) refers to pstorage.o(.bss) for .bss
    pstorage.o(.text) refers to pstorage.o(.text) for is_word_aligned
    pstorage.o(.text) refers to pstorage.o(.data) for .data
    pstorage.o(.text) refers to pstorage.o(.bss) for .bss
    pstorage.o(.text) refers to pstorage.o(.data) for .data
    pstorage.o(.text) refers to pstorage.o(.bss) for .bss
    hci_mem_pool.o(.text) refers to hci_mem_pool.o(.data) for .data
    hci_mem_pool.o(.text) refers to hci_mem_pool.o(.bss) for .bss
    hci_mem_pool.o(.text) refers to hci_mem_pool.o(.data) for .data
    hci_mem_pool.o(.text) refers to hci_mem_pool.o(.data) for .data
    dfu_transport_ble.o(.text) refers to hci_mem_pool.o(.text) for hci_mem_pool_rx_consume
    dfu_transport_ble.o(.text) refers to main.o(.text) for app_error_handler
    dfu_transport_ble.o(.text) refers to ble_dfu.o(.text) for ble_dfu_response_send
    dfu_transport_ble.o(.text) refers to rt_memcpy.o(.text) for __aeabi_memcpy
    dfu_transport_ble.o(.text) refers to dfu_dual_bank.o(.text) for dfu_data_pkt_handle
    dfu_transport_ble.o(.text) refers to ble_conn_params.o(.text) for ble_conn_params_stop
    dfu_transport_ble.o(.text) refers to ble_dfu.o(i.__ARM_common_switch8) for __ARM_common_switch8
    dfu_transport_ble.o(.text) refers to softdevice_handler.o(.text) for softdevice_ble_evt_handler_set
    dfu_transport_ble.o(.text) refers to rt_memclr.o(.text) for __aeabi_memclr4
    dfu_transport_ble.o(.text) refers to dfu_transport_ble.o(.data) for .data
    dfu_transport_ble.o(.text) refers to dfu_transport_ble.o(.bss) for .bss
    dfu_transport_ble.o(.text) refers to uread4.o(.text) for __aeabi_uread4
    dfu_transport_ble.o(.text) refers to ble_advdata.o(.text) for ble_advdata_set
    ble_conn_params.o(.text) refers to rt_memcpy.o(.emb_text) for __aeabi_memcpy4
    ble_conn_params.o(.text) refers to rt_memcpy.o(.text) for __aeabi_memcpy
    ble_conn_params.o(.text) refers to app_timer.o(.text) for app_timer_create
    ble_conn_params.o(.text) refers to ble_conn_params.o(.data) for .data
    ble_conn_params.o(.text) refers to ble_conn_params.o(.bss) for .bss
    ble_conn_params.o(.text) refers to rt_memcpy.o(.text) for __aeabi_memcpy
    ble_conn_params.o(.text) refers to ble_conn_params.o(.text) for is_conn_params_ok
    ble_conn_params.o(.text) refers to ble_conn_params.o(.data) for .data
    ble_conn_params.o(.text) refers to ble_conn_params.o(.bss) for .bss
    ble_advdata.o(.text) refers to rt_memcpy.o(.text) for __aeabi_memcpy
    ble_srv_common.o(.text) refers to strlen.o(.text) for strlen
    rt_memcpy.o(.text) refers to rt_memcpy.o(.emb_text) for __aeabi_memcpy4
    __main.o(!!!main) refers to rtentry.o(.ARM.Collect$$rtentry$$00000000) for __rt_entry
    rtentry.o(.ARM.Collect$$rtentry$$00000000) refers (Special) to rtentry2.o(.ARM.Collect$$rtentry$$0000000A) for __rt_entry_li
    rtentry.o(.ARM.Collect$$rtentry$$00000000) refers (Special) to rtentry2.o(.ARM.Collect$$rtentry$$0000000D) for __rt_entry_main
    rtentry.o(.ARM.Collect$$rtentry$$00000000) refers (Special) to rtentry2.o(.ARM.Collect$$rtentry$$0000000C) for __rt_entry_postli_1
    rtentry.o(.ARM.Collect$$rtentry$$00000000) refers (Special) to rtentry2.o(.ARM.Collect$$rtentry$$00000009) for __rt_entry_postsh_1
    rtentry.o(.ARM.Collect$$rtentry$$00000000) refers (Special) to rtentry2.o(.ARM.Collect$$rtentry$$00000002) for __rt_entry_presh_1
    rtentry.o(.ARM.Collect$$rtentry$$00000000) refers (Special) to rtentry4.o(.ARM.Collect$$rtentry$$00000004) for __rt_entry_sh
    aeabi_idiv0_sigfpe.o(.text) refers to rt_div0.o(.text) for __rt_div0
    rtentry2.o(.ARM.Collect$$rtentry$$00000008) refers to boardinit2.o(.text) for _platform_post_stackheap_init
    rtentry2.o(.ARM.Collect$$rtentry$$0000000A) refers to libinit.o(.ARM.Collect$$libinit$$00000000) for __rt_lib_init
    rtentry2.o(.ARM.Collect$$rtentry$$0000000B) refers to boardinit3.o(.text) for _platform_post_lib_init
    rtentry2.o(.ARM.Collect$$rtentry$$0000000D) refers to main.o(.text) for main
    rtentry2.o(.ARM.Collect$$rtentry$$0000000D) refers to exit.o(.text) for exit
    rtentry2.o(.ARM.exidx) refers to rtentry2.o(.ARM.Collect$$rtentry$$00000001) for .ARM.Collect$$rtentry$$00000001
    rtentry2.o(.ARM.exidx) refers to rtentry2.o(.ARM.Collect$$rtentry$$00000008) for .ARM.Collect$$rtentry$$00000008
    rtentry2.o(.ARM.exidx) refers to rtentry2.o(.ARM.Collect$$rtentry$$0000000A) for .ARM.Collect$$rtentry$$0000000A
    rtentry2.o(.ARM.exidx) refers to rtentry2.o(.ARM.Collect$$rtentry$$0000000B) for .ARM.Collect$$rtentry$$0000000B
    rtentry2.o(.ARM.exidx) refers to rtentry2.o(.ARM.Collect$$rtentry$$0000000D) for .ARM.Collect$$rtentry$$0000000D
    rtentry4.o(.ARM.Collect$$rtentry$$00000004) refers to sys_stackheap_outer.o(.text) for __user_setup_stackheap
    rtentry4.o(.ARM.exidx) refers to rtentry4.o(.ARM.Collect$$rtentry$$00000004) for .ARM.Collect$$rtentry$$00000004
    rt_div0.o(.text) refers to defsig_fpe_outer.o(.text) for __rt_SIGFPE
    sys_stackheap_outer.o(.text) refers to libspace.o(.text) for __user_perproc_libspace
    sys_stackheap_outer.o(.text) refers to arm_startup_nrf51.o(.text) for __user_initial_stackheap
    sys_stackheap_outer.o(__vectab_stack_and_reset_area) refers to tempstk.o(.text) for __temporary_stack_top
    sys_stackheap_outer.o(__vectab_stack_and_reset_area) refers to __main.o(!!!main) for __main
    exit.o(.text) refers to rtexit.o(.ARM.Collect$$rtexit$$00000000) for __rt_exit
    defsig_fpe_outer.o(.text) refers to defsig_fpe_inner.o(.text) for __rt_SIGFPE_inner
    defsig_fpe_outer.o(.text) refers to defsig_exit.o(.text) for __sig_exit
    defsig_fpe_formal.o(.text) refers to rt_raise.o(.text) for __rt_raise
    libinit.o(.ARM.Collect$$libinit$$00000000) refers (Special) to libinit2.o(.ARM.Collect$$libinit$$0000002C) for __rt_lib_init_alloca_1
    libinit.o(.ARM.Collect$$libinit$$00000000) refers (Special) to libinit2.o(.ARM.Collect$$libinit$$0000002A) for __rt_lib_init_argv_1
    libinit.o(.ARM.Collect$$libinit$$00000000) refers (Special) to libinit2.o(.ARM.Collect$$libinit$$00000019) for __rt_lib_init_atexit_1
    libinit.o(.ARM.Collect$$libinit$$00000000) refers (Special) to libinit2.o(.ARM.Collect$$libinit$$0000001F) for __rt_lib_init_clock_1
    libinit.o(.ARM.Collect$$libinit$$00000000) refers (Special) to libinit2.o(.ARM.Collect$$libinit$$00000030) for __rt_lib_init_cpp_1
    libinit.o(.ARM.Collect$$libinit$$00000000) refers (Special) to libinit2.o(.ARM.Collect$$libinit$$0000002E) for __rt_lib_init_exceptions_1
    libinit.o(.ARM.Collect$$libinit$$00000000) refers (Special) to libinit2.o(.ARM.Collect$$libinit$$00000001) for __rt_lib_init_fp_1
    libinit.o(.ARM.Collect$$libinit$$00000000) refers (Special) to libinit2.o(.ARM.Collect$$libinit$$0000001D) for __rt_lib_init_fp_trap_1
    libinit.o(.ARM.Collect$$libinit$$00000000) refers (Special) to libinit2.o(.ARM.Collect$$libinit$$00000021) for __rt_lib_init_getenv_1
    libinit.o(.ARM.Collect$$libinit$$00000000) refers (Special) to libinit2.o(.ARM.Collect$$libinit$$00000008) for __rt_lib_init_heap_1
    libinit.o(.ARM.Collect$$libinit$$00000000) refers (Special) to libinit2.o(.ARM.Collect$$libinit$$0000000F) for __rt_lib_init_lc_collate_1
    libinit.o(.ARM.Collect$$libinit$$00000000) refers (Special) to libinit2.o(.ARM.Collect$$libinit$$00000011) for __rt_lib_init_lc_ctype_1
    libinit.o(.ARM.Collect$$libinit$$00000000) refers (Special) to libinit2.o(.ARM.Collect$$libinit$$00000013) for __rt_lib_init_lc_monetary_1
    libinit.o(.ARM.Collect$$libinit$$00000000) refers (Special) to libinit2.o(.ARM.Collect$$libinit$$00000015) for __rt_lib_init_lc_numeric_1
    libinit.o(.ARM.Collect$$libinit$$00000000) refers (Special) to libinit2.o(.ARM.Collect$$libinit$$00000017) for __rt_lib_init_lc_time_1
    libinit.o(.ARM.Collect$$libinit$$00000000) refers (Special) to libinit2.o(.ARM.Collect$$libinit$$0000000C) for __rt_lib_init_rand_1
    libinit.o(.ARM.Collect$$libinit$$00000000) refers (Special) to libinit2.o(.ARM.Collect$$libinit$$00000031) for __rt_lib_init_return
    libinit.o(.ARM.Collect$$libinit$$00000000) refers (Special) to libinit2.o(.ARM.Collect$$libinit$$0000001B) for __rt_lib_init_signal_1
    libinit.o(.ARM.Collect$$libinit$$00000000) refers (Special) to libinit2.o(.ARM.Collect$$libinit$$00000023) for __rt_lib_init_stdio_1
    libinit.o(.ARM.Collect$$libinit$$00000000) refers (Special) to libinit2.o(.ARM.Collect$$libinit$$0000000A) for __rt_lib_init_user_alloc_1
    libspace.o(.text) refers to libspace.o(.bss) for __libspace_start
    rtexit.o(.ARM.Collect$$rtexit$$00000000) refers (Special) to rtexit2.o(.ARM.Collect$$rtexit$$00000004) for __rt_exit_exit
    rtexit.o(.ARM.Collect$$rtexit$$00000000) refers (Special) to rtexit2.o(.ARM.Collect$$rtexit$$00000003) for __rt_exit_ls
    rtexit.o(.ARM.Collect$$rtexit$$00000000) refers (Special) to rtexit2.o(.ARM.Collect$$rtexit$$00000002) for __rt_exit_prels_1
    rtexit.o(.ARM.exidx) refers (Special) to rtexit2.o(.ARM.Collect$$rtexit$$00000004) for __rt_exit_exit
    rtexit.o(.ARM.exidx) refers (Special) to rtexit2.o(.ARM.Collect$$rtexit$$00000003) for __rt_exit_ls
    rtexit.o(.ARM.exidx) refers (Special) to rtexit2.o(.ARM.Collect$$rtexit$$00000002) for __rt_exit_prels_1
    rtexit.o(.ARM.exidx) refers to rtexit.o(.ARM.Collect$$rtexit$$00000000) for .ARM.Collect$$rtexit$$00000000
    rt_raise.o(.text) refers to __raise.o(.text) for __raise
    rt_raise.o(.text) refers to sys_exit.o(.text) for _sys_exit
    defsig_exit.o(.text) refers to sys_exit.o(.text) for _sys_exit
    defsig_fpe_inner.o(.text) refers to defsig_general.o(.text) for __default_signal_display
    libinit2.o(.ARM.Collect$$libinit$$0000000E) refers to libinit2.o(.ARM.Collect$$libinit$$0000000D) for .ARM.Collect$$libinit$$0000000D
    libinit2.o(.ARM.Collect$$libinit$$00000010) refers to libinit2.o(.ARM.Collect$$libinit$$0000000D) for .ARM.Collect$$libinit$$0000000D
    libinit2.o(.ARM.Collect$$libinit$$00000012) refers to libinit2.o(.ARM.Collect$$libinit$$0000000D) for .ARM.Collect$$libinit$$0000000D
    libinit2.o(.ARM.Collect$$libinit$$00000014) refers to libinit2.o(.ARM.Collect$$libinit$$0000000D) for .ARM.Collect$$libinit$$0000000D
    libinit2.o(.ARM.Collect$$libinit$$00000016) refers to libinit2.o(.ARM.Collect$$libinit$$0000000D) for .ARM.Collect$$libinit$$0000000D
    libinit2.o(.ARM.Collect$$libinit$$00000024) refers to argv_veneer.o(.text) for __ARM_argv_veneer
    libinit2.o(.ARM.Collect$$libinit$$00000025) refers to argv_veneer.o(.text) for __ARM_argv_veneer
    sys_exit.o(.text) refers (Special) to use_no_semi.o(.text) for __I$use$semihosting
    sys_exit.o(.text) refers (Special) to indicate_semi.o(.text) for __semihosting_library_function
    rtexit2.o(.ARM.Collect$$rtexit$$00000003) refers to libshutdown.o(.ARM.Collect$$libshutdown$$00000000) for __rt_lib_shutdown
    rtexit2.o(.ARM.Collect$$rtexit$$00000004) refers to sys_exit.o(.text) for _sys_exit
    rtexit2.o(.ARM.exidx) refers to rtexit2.o(.ARM.Collect$$rtexit$$00000001) for .ARM.Collect$$rtexit$$00000001
    rtexit2.o(.ARM.exidx) refers to rtexit2.o(.ARM.Collect$$rtexit$$00000003) for .ARM.Collect$$rtexit$$00000003
    rtexit2.o(.ARM.exidx) refers to rtexit2.o(.ARM.Collect$$rtexit$$00000004) for .ARM.Collect$$rtexit$$00000004
    __raise.o(.text) refers to defsig.o(CL$$defsig) for __default_signal_handler
    defsig_general.o(.text) refers to sys_wrch.o(.text) for _ttywrch
    sys_wrch.o(.text) refers (Special) to use_no_semi.o(.text) for __I$use$semihosting
    sys_wrch.o(.text) refers (Special) to indicate_semi.o(.text) for __semihosting_library_function
    defsig.o(CL$$defsig) refers to defsig_fpe_inner.o(.text) for __rt_SIGFPE_inner
    defsig.o(CL$$defsig) refers to defsig_rtmem_inner.o(.text) for __rt_SIGRTMEM_inner
    _get_argv_nomalloc.o(.text) refers (Special) to hrguard.o(.text) for __heap_region$guard
    _get_argv_nomalloc.o(.text) refers to defsig_rtmem_outer.o(.text) for __rt_SIGRTMEM
    _get_argv_nomalloc.o(.text) refers to sys_command.o(.text) for _sys_command_string
    libshutdown.o(.ARM.Collect$$libshutdown$$00000000) refers (Special) to libshutdown2.o(.ARM.Collect$$libshutdown$$00000006) for __rt_lib_shutdown_fp_trap_1
    libshutdown.o(.ARM.Collect$$libshutdown$$00000000) refers (Special) to libshutdown2.o(.ARM.Collect$$libshutdown$$0000000E) for __rt_lib_shutdown_heap_1
    libshutdown.o(.ARM.Collect$$libshutdown$$00000000) refers (Special) to libshutdown2.o(.ARM.Collect$$libshutdown$$0000000F) for __rt_lib_shutdown_return
    libshutdown.o(.ARM.Collect$$libshutdown$$00000000) refers (Special) to libshutdown2.o(.ARM.Collect$$libshutdown$$00000009) for __rt_lib_shutdown_signal_1
    libshutdown.o(.ARM.Collect$$libshutdown$$00000000) refers (Special) to libshutdown2.o(.ARM.Collect$$libshutdown$$00000003) for __rt_lib_shutdown_stdio_1
    libshutdown.o(.ARM.Collect$$libshutdown$$00000000) refers (Special) to libshutdown2.o(.ARM.Collect$$libshutdown$$0000000B) for __rt_lib_shutdown_user_alloc_1
    sys_command.o(.text) refers (Special) to use_no_semi.o(.text) for __I$use$semihosting
    sys_command.o(.text) refers (Special) to indicate_semi.o(.text) for __semihosting_library_function
    defsig_abrt_inner.o(.text) refers to defsig_general.o(.text) for __default_signal_display
    defsig_rtred_inner.o(.text) refers to defsig_general.o(.text) for __default_signal_display
    defsig_rtmem_inner.o(.text) refers to defsig_general.o(.text) for __default_signal_display
    defsig_rtmem_outer.o(.text) refers to defsig_rtmem_inner.o(.text) for __rt_SIGRTMEM_inner
    defsig_rtmem_outer.o(.text) refers to defsig_exit.o(.text) for __sig_exit
    defsig_rtmem_formal.o(.text) refers to rt_raise.o(.text) for __rt_raise
    defsig_stak_inner.o(.text) refers to defsig_general.o(.text) for __default_signal_display
    defsig_pvfn_inner.o(.text) refers to defsig_general.o(.text) for __default_signal_display
    defsig_cppl_inner.o(.text) refers to defsig_general.o(.text) for __default_signal_display
    defsig_segv_inner.o(.text) refers to defsig_general.o(.text) for __default_signal_display
    defsig_other.o(.text) refers to defsig_general.o(.text) for __default_signal_display


==============================================================================

Removing Unused input sections from the image.

    Removing system_nrf51.o(.rev16_text), (4 bytes).
    Removing system_nrf51.o(.revsh_text), (4 bytes).
    Removing system_nrf51.o(.text), (16 bytes).
    Removing main.o(.rev16_text), (4 bytes).
    Removing main.o(.revsh_text), (4 bytes).
    Removing dfu_dual_bank.o(.rev16_text), (4 bytes).
    Removing dfu_dual_bank.o(.revsh_text), (4 bytes).
    Removing bootloader.o(.rev16_text), (4 bytes).
    Removing bootloader.o(.revsh_text), (4 bytes).
    Removing bootloader_util_arm.o(.rev16_text), (4 bytes).
    Removing bootloader_util_arm.o(.revsh_text), (4 bytes).
    Removing bootloader_util_arm.o(.constdata), (4 bytes).
    Removing app_timer.o(.rev16_text), (4 bytes).
    Removing app_timer.o(.revsh_text), (4 bytes).
    Removing app_timer.o(.text), (68 bytes).
    Removing app_timer.o(.text), (16 bytes).
    Removing app_timer.o(.text), (12 bytes).
    Removing app_scheduler.o(.rev16_text), (4 bytes).
    Removing app_scheduler.o(.revsh_text), (4 bytes).
    Removing app_gpiote.o(.rev16_text), (4 bytes).
    Removing app_gpiote.o(.revsh_text), (4 bytes).
    Removing app_gpiote.o(.text), (60 bytes).
    Removing app_gpiote.o(.text), (76 bytes).
    Removing app_gpiote.o(.text), (152 bytes).
    Removing app_gpiote.o(.text), (64 bytes).
    Removing app_gpiote.o(.text), (52 bytes).
    Removing softdevice_handler.o(.rev16_text), (4 bytes).
    Removing softdevice_handler.o(.revsh_text), (4 bytes).
    Removing softdevice_handler.o(.text), (24 bytes).
    Removing pstorage.o(.rev16_text), (4 bytes).
    Removing pstorage.o(.revsh_text), (4 bytes).
    Removing pstorage.o(.text), (84 bytes).
    Removing pstorage.o(.text), (144 bytes).
    Removing pstorage.o(.text), (40 bytes).
    Removing hci_mem_pool.o(.text), (4 bytes).
    Removing hci_mem_pool.o(.text), (40 bytes).
    Removing hci_mem_pool.o(.text), (12 bytes).
    Removing dfu_transport_ble.o(.rev16_text), (4 bytes).
    Removing dfu_transport_ble.o(.revsh_text), (4 bytes).
    Removing ble_conn_params.o(.text), (80 bytes).
    Removing ble_srv_common.o(.text), (12 bytes).
    Removing ble_srv_common.o(.text), (18 bytes).

42 unused section(s) (total 1066 bytes) removed from the image.

==============================================================================

Image Symbol Table

    Local Symbols

    Symbol Name                              Value     Ov Type        Size  Object(Section)

    ../clib/angel/boardlib.s                 0x00000000   Number         0  boardinit3.o ABSOLUTE
    ../clib/angel/boardlib.s                 0x00000000   Number         0  boardshut.o ABSOLUTE
    ../clib/angel/boardlib.s                 0x00000000   Number         0  boardinit1.o ABSOLUTE
    ../clib/angel/boardlib.s                 0x00000000   Number         0  boardinit2.o ABSOLUTE
    ../clib/angel/handlers.s                 0x00000000   Number         0  __scatter_copy.o ABSOLUTE
    ../clib/angel/handlers.s                 0x00000000   Number         0  __scatter_zi.o ABSOLUTE
    ../clib/angel/kernel.s                   0x00000000   Number         0  rtexit.o ABSOLUTE
    ../clib/angel/kernel.s                   0x00000000   Number         0  rtentry.o ABSOLUTE
    ../clib/angel/kernel.s                   0x00000000   Number         0  rtentry2.o ABSOLUTE
    ../clib/angel/kernel.s                   0x00000000   Number         0  rtentry4.o ABSOLUTE
    ../clib/angel/kernel.s                   0x00000000   Number         0  rtexit2.o ABSOLUTE
    ../clib/angel/rt.s                       0x00000000   Number         0  aeabi_idiv0.o ABSOLUTE
    ../clib/angel/rt.s                       0x00000000   Number         0  rt_div0.o ABSOLUTE
    ../clib/angel/rt.s                       0x00000000   Number         0  aeabi_idiv0_sigfpe.o ABSOLUTE
    ../clib/angel/rt.s                       0x00000000   Number         0  rt_raise.o ABSOLUTE
    ../clib/angel/scatterp.s                 0x00000000   Number         0  __scatter.o ABSOLUTE
    ../clib/angel/startup.s                  0x00000000   Number         0  __main.o ABSOLUTE
    ../clib/angel/sys.s                      0x00000000   Number         0  tempstk.o ABSOLUTE
    ../clib/angel/sys.s                      0x00000000   Number         0  libspace.o ABSOLUTE
    ../clib/angel/sys.s                      0x00000000   Number         0  use_no_semi.o ABSOLUTE
    ../clib/angel/sys.s                      0x00000000   Number         0  indicate_semi.o ABSOLUTE
    ../clib/angel/sys.s                      0x00000000   Number         0  sys_stackheap_outer.o ABSOLUTE
    ../clib/angel/sysapp.c                   0x00000000   Number         0  sys_wrch.o ABSOLUTE
    ../clib/angel/sysapp.c                   0x00000000   Number         0  sys_command.o ABSOLUTE
    ../clib/angel/sysapp.c                   0x00000000   Number         0  sys_exit.o ABSOLUTE
    ../clib/armsys.c                         0x00000000   Number         0  argv_veneer.o ABSOLUTE
    ../clib/armsys.c                         0x00000000   Number         0  _get_argv_nomalloc.o ABSOLUTE
    ../clib/armsys.c                         0x00000000   Number         0  no_argv.o ABSOLUTE
    ../clib/division.s                       0x00000000   Number         0  aeabi_sdiv_div0.o ABSOLUTE
    ../clib/division.s                       0x00000000   Number         0  aeabi_sdiv.o ABSOLUTE
    ../clib/heapalloc.c                      0x00000000   Number         0  hrguard.o ABSOLUTE
    ../clib/heapaux.c                        0x00000000   Number         0  heapauxi.o ABSOLUTE
    ../clib/libinit.s                        0x00000000   Number         0  libinit2.o ABSOLUTE
    ../clib/libinit.s                        0x00000000   Number         0  libshutdown2.o ABSOLUTE
    ../clib/libinit.s                        0x00000000   Number         0  libinit.o ABSOLUTE
    ../clib/libinit.s                        0x00000000   Number         0  libshutdown.o ABSOLUTE
    ../clib/memcpset.c                       0x00000000   Number         0  rt_memcpy.o ABSOLUTE
    ../clib/memcpset.c                       0x00000000   Number         0  rt_memclr.o ABSOLUTE
    ../clib/memcpset.c                       0x00000000   Number         0  rt_memcpy.o ABSOLUTE
    ../clib/signal.c                         0x00000000   Number         0  defsig_general.o ABSOLUTE
    ../clib/signal.c                         0x00000000   Number         0  __raise.o ABSOLUTE
    ../clib/signal.c                         0x00000000   Number         0  defsig_stak_inner.o ABSOLUTE
    ../clib/signal.c                         0x00000000   Number         0  defsig_rtmem_formal.o ABSOLUTE
    ../clib/signal.c                         0x00000000   Number         0  defsig_fpe_inner.o ABSOLUTE
    ../clib/signal.c                         0x00000000   Number         0  defsig_exit.o ABSOLUTE
    ../clib/signal.c                         0x00000000   Number         0  defsig_other.o ABSOLUTE
    ../clib/signal.c                         0x00000000   Number         0  defsig_segv_inner.o ABSOLUTE
    ../clib/signal.c                         0x00000000   Number         0  defsig_fpe_formal.o ABSOLUTE
    ../clib/signal.c                         0x00000000   Number         0  defsig_fpe_outer.o ABSOLUTE
    ../clib/signal.c                         0x00000000   Number         0  defsig_rtmem_outer.o ABSOLUTE
    ../clib/signal.c                         0x00000000   Number         0  defsig_rtmem_inner.o ABSOLUTE
    ../clib/signal.c                         0x00000000   Number         0  defsig_cppl_inner.o ABSOLUTE
    ../clib/signal.c                         0x00000000   Number         0  defsig_pvfn_inner.o ABSOLUTE
    ../clib/signal.c                         0x00000000   Number         0  defsig_rtred_inner.o ABSOLUTE
    ../clib/signal.c                         0x00000000   Number         0  defsig_abrt_inner.o ABSOLUTE
    ../clib/signal.s                         0x00000000   Number         0  defsig.o ABSOLUTE
    ../clib/stdlib.c                         0x00000000   Number         0  exit.o ABSOLUTE
    ../clib/string.c                         0x00000000   Number         0  strlen.o ABSOLUTE
    ../clib/unhosted.c                       0x00000000   Number         0  uread4.o ABSOLUTE
    ../fplib/cfplib/fpinit.c                 0x00000000   Number         0  fpinit.o ABSOLUTE
    ..\..\..\..\..\Source\app_common\app_gpiote.c 0x00000000   Number         0  app_gpiote.o ABSOLUTE
    ..\..\..\..\..\Source\app_common\app_scheduler.c 0x00000000   Number         0  app_scheduler.o ABSOLUTE
    ..\..\..\..\..\Source\app_common\app_timer.c 0x00000000   Number         0  app_timer.o ABSOLUTE
    ..\..\..\..\..\Source\app_common\crc16.c 0x00000000   Number         0  crc16.o ABSOLUTE
    ..\..\..\..\..\Source\app_common\hci_mem_pool.c 0x00000000   Number         0  hci_mem_pool.o ABSOLUTE
    ..\..\..\..\..\Source\app_common\pstorage.c 0x00000000   Number         0  pstorage.o ABSOLUTE
    ..\..\..\..\..\Source\ble\ble_advdata.c  0x00000000   Number         0  ble_advdata.o ABSOLUTE
    ..\..\..\..\..\Source\ble\ble_conn_params.c 0x00000000   Number         0  ble_conn_params.o ABSOLUTE
    ..\..\..\..\..\Source\ble\ble_services\ble_dfu.c 0x00000000   Number         0  ble_dfu.o ABSOLUTE
    ..\..\..\..\..\Source\ble\ble_services\ble_srv_common.c 0x00000000   Number         0  ble_srv_common.o ABSOLUTE
    ..\..\..\..\..\Source\sd_common\softdevice_handler.c 0x00000000   Number         0  softdevice_handler.o ABSOLUTE
    ..\..\..\..\..\Source\templates\system_nrf51.c 0x00000000   Number         0  system_nrf51.o ABSOLUTE
    ..\\..\\..\\..\\..\\Source\\app_common\\app_gpiote.c 0x00000000   Number         0  app_gpiote.o ABSOLUTE
    ..\\..\\..\\..\\..\\Source\\app_common\\app_scheduler.c 0x00000000   Number         0  app_scheduler.o ABSOLUTE
    ..\\..\\..\\..\\..\\Source\\app_common\\app_timer.c 0x00000000   Number         0  app_timer.o ABSOLUTE
    ..\\..\\..\\..\\..\\Source\\app_common\\pstorage.c 0x00000000   Number         0  pstorage.o ABSOLUTE
    ..\\..\\..\\..\\..\\Source\\sd_common\\softdevice_handler.c 0x00000000   Number         0  softdevice_handler.o ABSOLUTE
    ..\\..\\..\\..\\..\\Source\\templates\\system_nrf51.c 0x00000000   Number         0  system_nrf51.o ABSOLUTE
    ..\\bootloader.c                         0x00000000   Number         0  bootloader.o ABSOLUTE
    ..\\bootloader_util_arm.c                0x00000000   Number         0  bootloader_util_arm.o ABSOLUTE
    ..\\dfu_dual_bank.c                      0x00000000   Number         0  dfu_dual_bank.o ABSOLUTE
    ..\\dfu_transport_ble.c                  0x00000000   Number         0  dfu_transport_ble.o ABSOLUTE
    ..\\main.c                               0x00000000   Number         0  main.o ABSOLUTE
    ..\arm_startup_nrf51.s                   0x00000000   Number         0  arm_startup_nrf51.o ABSOLUTE
    ..\bootloader.c                          0x00000000   Number         0  bootloader.o ABSOLUTE
    ..\bootloader_util_arm.c                 0x00000000   Number         0  bootloader_util_arm.o ABSOLUTE
    ..\dfu_dual_bank.c                       0x00000000   Number         0  dfu_dual_bank.o ABSOLUTE
    ..\dfu_transport_ble.c                   0x00000000   Number         0  dfu_transport_ble.o ABSOLUTE
    ..\main.c                                0x00000000   Number         0  main.o ABSOLUTE
    dc.s                                     0x00000000   Number         0  dc.o ABSOLUTE
    RESET                                    0x0003c000   Section      192  arm_startup_nrf51.o(RESET)
    !!!main                                  0x0003c0c0   Section        8  __main.o(!!!main)
    !!!scatter                               0x0003c0c8   Section       60  __scatter.o(!!!scatter)
    !!handler_copy                           0x0003c104   Section       26  __scatter_copy.o(!!handler_copy)
    !!handler_zi                             0x0003c120   Section       28  __scatter_zi.o(!!handler_zi)
    .ARM.Collect$$libinit$$00000000          0x0003c13c   Section        2  libinit.o(.ARM.Collect$$libinit$$00000000)
    .ARM.Collect$$libinit$$00000001          0x0003c13e   Section        4  libinit2.o(.ARM.Collect$$libinit$$00000001)
    .ARM.Collect$$libinit$$00000008          0x0003c142   Section        0  libinit2.o(.ARM.Collect$$libinit$$00000008)
    .ARM.Collect$$libinit$$0000000A          0x0003c142   Section        0  libinit2.o(.ARM.Collect$$libinit$$0000000A)
    .ARM.Collect$$libinit$$0000000C          0x0003c142   Section        0  libinit2.o(.ARM.Collect$$libinit$$0000000C)
    .ARM.Collect$$libinit$$0000000F          0x0003c142   Section        0  libinit2.o(.ARM.Collect$$libinit$$0000000F)
    .ARM.Collect$$libinit$$00000011          0x0003c142   Section        0  libinit2.o(.ARM.Collect$$libinit$$00000011)
    .ARM.Collect$$libinit$$00000013          0x0003c142   Section        0  libinit2.o(.ARM.Collect$$libinit$$00000013)
    .ARM.Collect$$libinit$$00000015          0x0003c142   Section        0  libinit2.o(.ARM.Collect$$libinit$$00000015)
    .ARM.Collect$$libinit$$00000017          0x0003c142   Section        0  libinit2.o(.ARM.Collect$$libinit$$00000017)
    .ARM.Collect$$libinit$$00000019          0x0003c142   Section        0  libinit2.o(.ARM.Collect$$libinit$$00000019)
    .ARM.Collect$$libinit$$0000001B          0x0003c142   Section        0  libinit2.o(.ARM.Collect$$libinit$$0000001B)
    .ARM.Collect$$libinit$$0000001D          0x0003c142   Section        0  libinit2.o(.ARM.Collect$$libinit$$0000001D)
    .ARM.Collect$$libinit$$0000001F          0x0003c142   Section        0  libinit2.o(.ARM.Collect$$libinit$$0000001F)
    .ARM.Collect$$libinit$$00000021          0x0003c142   Section        0  libinit2.o(.ARM.Collect$$libinit$$00000021)
    .ARM.Collect$$libinit$$00000023          0x0003c142   Section        0  libinit2.o(.ARM.Collect$$libinit$$00000023)
    .ARM.Collect$$libinit$$0000002A          0x0003c142   Section        0  libinit2.o(.ARM.Collect$$libinit$$0000002A)
    .ARM.Collect$$libinit$$0000002C          0x0003c142   Section        0  libinit2.o(.ARM.Collect$$libinit$$0000002C)
    .ARM.Collect$$libinit$$0000002E          0x0003c142   Section        0  libinit2.o(.ARM.Collect$$libinit$$0000002E)
    .ARM.Collect$$libinit$$00000030          0x0003c142   Section        0  libinit2.o(.ARM.Collect$$libinit$$00000030)
    .ARM.Collect$$libinit$$00000031          0x0003c142   Section        2  libinit2.o(.ARM.Collect$$libinit$$00000031)
    .ARM.Collect$$libshutdown$$00000000      0x0003c144   Section        2  libshutdown.o(.ARM.Collect$$libshutdown$$00000000)
    .ARM.Collect$$libshutdown$$00000003      0x0003c146   Section        0  libshutdown2.o(.ARM.Collect$$libshutdown$$00000003)
    .ARM.Collect$$libshutdown$$00000006      0x0003c146   Section        0  libshutdown2.o(.ARM.Collect$$libshutdown$$00000006)
    .ARM.Collect$$libshutdown$$00000009      0x0003c146   Section        0  libshutdown2.o(.ARM.Collect$$libshutdown$$00000009)
    .ARM.Collect$$libshutdown$$0000000B      0x0003c146   Section        0  libshutdown2.o(.ARM.Collect$$libshutdown$$0000000B)
    .ARM.Collect$$libshutdown$$0000000E      0x0003c146   Section        0  libshutdown2.o(.ARM.Collect$$libshutdown$$0000000E)
    .ARM.Collect$$libshutdown$$0000000F      0x0003c146   Section        2  libshutdown2.o(.ARM.Collect$$libshutdown$$0000000F)
    .ARM.Collect$$rtentry$$00000000          0x0003c148   Section        0  rtentry.o(.ARM.Collect$$rtentry$$00000000)
    .ARM.Collect$$rtentry$$00000002          0x0003c148   Section        0  rtentry2.o(.ARM.Collect$$rtentry$$00000002)
    .ARM.Collect$$rtentry$$00000004          0x0003c148   Section        6  rtentry4.o(.ARM.Collect$$rtentry$$00000004)
    .ARM.Collect$$rtentry$$00000009          0x0003c14e   Section        0  rtentry2.o(.ARM.Collect$$rtentry$$00000009)
    .ARM.Collect$$rtentry$$0000000A          0x0003c14e   Section        4  rtentry2.o(.ARM.Collect$$rtentry$$0000000A)
    .ARM.Collect$$rtentry$$0000000C          0x0003c152   Section        0  rtentry2.o(.ARM.Collect$$rtentry$$0000000C)
    .ARM.Collect$$rtentry$$0000000D          0x0003c152   Section        8  rtentry2.o(.ARM.Collect$$rtentry$$0000000D)
    .ARM.Collect$$rtexit$$00000000           0x0003c15a   Section        2  rtexit.o(.ARM.Collect$$rtexit$$00000000)
    .ARM.Collect$$rtexit$$00000002           0x0003c15c   Section        0  rtexit2.o(.ARM.Collect$$rtexit$$00000002)
    .ARM.Collect$$rtexit$$00000003           0x0003c15c   Section        4  rtexit2.o(.ARM.Collect$$rtexit$$00000003)
    .ARM.Collect$$rtexit$$00000004           0x0003c160   Section        6  rtexit2.o(.ARM.Collect$$rtexit$$00000004)
    .emb_text                                0x0003c168   Section       12  bootloader_util_arm.o(.emb_text)
    .emb_text                                0x0003c174   Section       30  app_timer.o(.emb_text)
    .emb_text                                0x0003c194   Section       56  rt_memcpy.o(.emb_text)
    .text                                    0x0003c1cc   Section        0  system_nrf51.o(.text)
    is_manual_peripheral_setup_needed        0x0003c20d   Thumb Code    66  system_nrf51.o(.text)
    .text                                    0x0003c264   Section       84  arm_startup_nrf51.o(.text)
    .text                                    0x0003c2b8   Section        0  main.o(.text)
    sys_evt_dispatch                         0x0003c2cf   Thumb Code     8  main.o(.text)
    NVIC_SystemReset                         0x0003c3d9   Thumb Code    16  main.o(.text)
    nrf_gpio_cfg_output                      0x0003c3e9   Thumb Code    14  main.o(.text)
    nrf_gpio_pin_clear                       0x0003c3f7   Thumb Code    10  main.o(.text)
    app_timer_evt_schedule                   0x0003c401   Thumb Code    18  main.o(.text)
    ble_stack_init                           0x0003c413   Thumb Code   112  main.o(.text)
    app_timer_evt_get                        0x0003c483   Thumb Code    28  main.o(.text)
    softdevice_evt_schedule                  0x0003c49f   Thumb Code    14  main.o(.text)
    softdevice_evt_get                       0x0003c4ad   Thumb Code    22  main.o(.text)
    .text                                    0x0003c574   Section        0  dfu_dual_bank.o(.text)
    pstorage_callback_handler                0x0003c575   Thumb Code    48  dfu_dual_bank.o(.text)
    dfu_timeout_handler                      0x0003c5a5   Thumb Code    16  dfu_dual_bank.o(.text)
    dfu_timer_restart                        0x0003c5b5   Thumb Code    60  dfu_dual_bank.o(.text)
    .text                                    0x0003c868   Section        0  bootloader.o(.text)
    pstorage_callback_handler                0x0003c869   Thumb Code    30  bootloader.o(.text)
    bootloader_settings_save                 0x0003c8c3   Thumb Code    54  bootloader.o(.text)
    .text                                    0x0003ca7c   Section        0  bootloader_util_arm.o(.text)
    .text                                    0x0003ca90   Section        0  ble_dfu.o(.text)
    on_ctrl_pt_write                         0x0003cae7   Thumb Code   210  ble_dfu.o(.text)
    uint32_encode                            0x0003cd73   Thumb Code    18  ble_dfu.o(.text)
    dfu_pkt_char_add                         0x0003cd85   Thumb Code   124  ble_dfu.o(.text)
    dfu_ctrl_pt_add                          0x0003ce01   Thumb Code   148  ble_dfu.o(.text)
    .text                                    0x0003ce94   Section        0  app_timer.o(.text)
    NVIC_SetPriority                         0x0003ce95   Thumb Code    60  app_timer.o(.text)
    rtc1_stop                                0x0003ced1   Thumb Code    50  app_timer.o(.text)
    timer_list_insert                        0x0003cf03   Thumb Code    94  app_timer.o(.text)
    timer_timeouts_check                     0x0003cf61   Thumb Code   122  app_timer.o(.text)
    list_insertions_handler                  0x0003cfdb   Thumb Code   216  app_timer.o(.text)
    user_id_get                              0x0003d203   Thumb Code    70  app_timer.o(.text)
    timer_list_handler_sched                 0x0003d36d   Thumb Code    10  app_timer.o(.text)
    elapsed_ticks_acquire                    0x0003d377   Thumb Code    58  app_timer.o(.text)
    list_deletions_handler                   0x0003d3b1   Thumb Code   144  app_timer.o(.text)
    expired_timers_handler                   0x0003d441   Thumb Code    82  app_timer.o(.text)
    compare_reg_update                       0x0003d493   Thumb Code   140  app_timer.o(.text)
    user_op_alloc                            0x0003d51f   Thumb Code    36  app_timer.o(.text)
    timer_list_remove                        0x0003d543   Thumb Code    98  app_timer.o(.text)
    .text                                    0x0003d5bc   Section        0  app_scheduler.o(.text)
    app_sched_event_get                      0x0003d6ef   Thumb Code    62  app_scheduler.o(.text)
    .text                                    0x0003d770   Section        0  app_gpiote.o(.text)
    sense_level_toggle                       0x0003d771   Thumb Code    68  app_gpiote.o(.text)
    .text                                    0x0003d8a4   Section        0  crc16.o(.text)
    .text                                    0x0003d8e0   Section        0  softdevice_handler.o(.text)
    .text                                    0x0003da14   Section        0  pstorage.o(.text)
    cmd_queue_element_init                   0x0003da15   Thumb Code    26  pstorage.o(.text)
    swap_state_process                       0x0003da2f   Thumb Code   268  pstorage.o(.text)
    cmd_process                              0x0003db3b   Thumb Code   226  pstorage.o(.text)
    cmd_queue_enqueue                        0x0003dc1d   Thumb Code    76  pstorage.o(.text)
    app_notify                               0x0003dc69   Thumb Code    52  pstorage.o(.text)
    is_word_aligned                          0x0003e0e1   Thumb Code    12  pstorage.o(.text)
    cmd_queue_dequeue                        0x0003e0ed   Thumb Code    34  pstorage.o(.text)
    .text                                    0x0003e118   Section        0  hci_mem_pool.o(.text)
    .text                                    0x0003e254   Section        0  dfu_transport_ble.o(.text)
    dfu_cb_handler                           0x0003e255   Thumb Code    50  dfu_transport_ble.o(.text)
    nrf_error_to_dfu_resp_val                0x0003e287   Thumb Code    54  dfu_transport_ble.o(.text)
    dfu_error_notify                         0x0003e2bd   Thumb Code    38  dfu_transport_ble.o(.text)
    app_data_process                         0x0003e2e3   Thumb Code   238  dfu_transport_ble.o(.text)
    conn_params_error_handler                0x0003e3d1   Thumb Code    14  dfu_transport_ble.o(.text)
    on_dfu_evt                               0x0003e435   Thumb Code   196  dfu_transport_ble.o(.text)
    advertising_start                        0x0003e4f9   Thumb Code    40  dfu_transport_ble.o(.text)
    on_ble_evt                               0x0003e521   Thumb Code   144  dfu_transport_ble.o(.text)
    ble_evt_dispatch                         0x0003e5b1   Thumb Code    26  dfu_transport_ble.o(.text)
    service_error_handler                    0x0003e5cb   Thumb Code    14  dfu_transport_ble.o(.text)
    start_data_process                       0x0003e6c9   Thumb Code    82  dfu_transport_ble.o(.text)
    init_data_process                        0x0003e71b   Thumb Code    98  dfu_transport_ble.o(.text)
    gap_params_init                          0x0003e77d   Thumb Code    72  dfu_transport_ble.o(.text)
    advertising_init                         0x0003e7c5   Thumb Code   106  dfu_transport_ble.o(.text)
    sec_params_init                          0x0003e82f   Thumb Code    34  dfu_transport_ble.o(.text)
    .text                                    0x0003e86c   Section        0  ble_conn_params.o(.text)
    update_timeout_handler                   0x0003e86d   Thumb Code    86  ble_conn_params.o(.text)
    conn_params_negotiation                  0x0003e917   Thumb Code    86  ble_conn_params.o(.text)
    is_conn_params_ok                        0x0003e9f3   Thumb Code    26  ble_conn_params.o(.text)
    .text                                    0x0003ea1c   Section        0  ble_advdata.o(.text)
    uuid_list_sized_encode                   0x0003ea1d   Thumb Code   162  ble_advdata.o(.text)
    uuid_list_encode                         0x0003eabf   Thumb Code    38  ble_advdata.o(.text)
    adv_data_encode                          0x0003eae5   Thumb Code   360  ble_advdata.o(.text)
    uint16_encode                            0x0003ecb3   Thumb Code    10  ble_advdata.o(.text)
    name_encode                              0x0003ecbd   Thumb Code   106  ble_advdata.o(.text)
    conn_int_encode                          0x0003ed27   Thumb Code   126  ble_advdata.o(.text)
    manuf_specific_data_encode               0x0003eda5   Thumb Code   100  ble_advdata.o(.text)
    service_data_encode                      0x0003ee09   Thumb Code   122  ble_advdata.o(.text)
    .text                                    0x0003ee88   Section        0  rt_memcpy.o(.text)
    .text                                    0x0003ef0a   Section        0  rt_memclr.o(.text)
    .text                                    0x0003ef4a   Section        0  uread4.o(.text)
    .text                                    0x0003ef6c   Section      346  aeabi_sdiv.o(.text)
    .text                                    0x0003f0c6   Section        0  heapauxi.o(.text)
    .text                                    0x0003f0cc   Section       62  sys_stackheap_outer.o(.text)
    .text                                    0x0003f10a   Section        0  exit.o(.text)
    .text                                    0x0003f118   Section        8  libspace.o(.text)
    .text                                    0x0003f120   Section        0  sys_exit.o(.text)
    .text                                    0x0003f12c   Section        2  use_no_semi.o(.text)
    .text                                    0x0003f12e   Section        0  indicate_semi.o(.text)
    i.__ARM_common_switch8                   0x0003f12e   Section        0  ble_dfu.o(i.__ARM_common_switch8)
    .constdata                               0x0003f148   Section       16  main.o(.constdata)
    .constdata                               0x0003f158   Section       16  ble_dfu.o(.constdata)
    .ARM.__AT_0x0003FC00                     0x0003fc00   Section     1024  bootloader_util_arm.o(.ARM.__AT_0x0003FC00)
    __tagsym$$used                           0x0003fc00   Number         0  bootloader_util_arm.o(.ARM.__AT_0x0003FC00)
    .ARM.__AT_0x10001014                     0x10001014   Section        4  bootloader_util_arm.o(.ARM.__AT_0x10001014)
    .data                                    0x20002000   Section        4  system_nrf51.o(.data)
    __tagsym$$used                           0x20002000   Number         0  system_nrf51.o(.data)
    .data                                    0x20002004   Section       44  dfu_dual_bank.o(.data)
    m_dfu_timed_out                          0x20002004   Data           1  dfu_dual_bank.o(.data)
    m_init_packet_length                     0x20002005   Data           1  dfu_dual_bank.o(.data)
    m_image_crc                              0x20002006   Data           2  dfu_dual_bank.o(.data)
    m_dfu_state                              0x20002008   Data           4  dfu_dual_bank.o(.data)
    m_image_size                             0x2000200c   Data           4  dfu_dual_bank.o(.data)
    m_new_app_max_size                       0x20002010   Data           4  dfu_dual_bank.o(.data)
    m_app_data_received                      0x20002014   Data           4  dfu_dual_bank.o(.data)
    m_dfu_timer_id                           0x20002018   Data           4  dfu_dual_bank.o(.data)
    m_data_pkt_cb                            0x2000201c   Data           4  dfu_dual_bank.o(.data)
    m_storage_handle_swap                    0x20002020   Data           8  dfu_dual_bank.o(.data)
    m_storage_handle_app                     0x20002028   Data           8  dfu_dual_bank.o(.data)
    .data                                    0x20002030   Section       12  bootloader.o(.data)
    m_update_status                          0x20002030   Data           4  bootloader.o(.data)
    m_bootsettings_handle                    0x20002034   Data           8  bootloader.o(.data)
    .data                                    0x2000203c   Section        8  ble_dfu.o(.data)
    m_is_dfu_service_initialized             0x2000203c   Data           1  ble_dfu.o(.data)
    m_notif_buffer                           0x2000203d   Data           7  ble_dfu.o(.data)
    .data                                    0x20002044   Section       36  app_timer.o(.data)
    m_node_array_size                        0x20002044   Data           1  app_timer.o(.data)
    m_user_array_size                        0x20002045   Data           1  app_timer.o(.data)
    m_ticks_elapsed_q_read_ind               0x20002046   Data           1  app_timer.o(.data)
    m_ticks_elapsed_q_write_ind              0x20002047   Data           1  app_timer.o(.data)
    m_rtc1_running                           0x20002048   Data           1  app_timer.o(.data)
    mp_nodes                                 0x2000204c   Data           4  app_timer.o(.data)
    mp_users                                 0x20002050   Data           4  app_timer.o(.data)
    m_timer_id_head                          0x20002054   Data           4  app_timer.o(.data)
    m_ticks_latest                           0x20002058   Data           4  app_timer.o(.data)
    m_evt_schedule_func                      0x2000205c   Data           4  app_timer.o(.data)
    m_ticks_elapsed                          0x20002060   Data           8  app_timer.o(.data)
    .data                                    0x20002068   Section       16  app_scheduler.o(.data)
    m_queue_start_index                      0x20002068   Data           1  app_scheduler.o(.data)
    m_queue_end_index                        0x20002069   Data           1  app_scheduler.o(.data)
    m_queue_event_size                       0x2000206a   Data           2  app_scheduler.o(.data)
    m_queue_size                             0x2000206c   Data           2  app_scheduler.o(.data)
    m_queue_event_headers                    0x20002070   Data           4  app_scheduler.o(.data)
    m_queue_event_data                       0x20002074   Data           4  app_scheduler.o(.data)
    .data                                    0x20002078   Section       12  app_gpiote.o(.data)
    m_user_array_size                        0x20002078   Data           1  app_gpiote.o(.data)
    m_user_count                             0x20002079   Data           1  app_gpiote.o(.data)
    mp_users                                 0x2000207c   Data           4  app_gpiote.o(.data)
    m_enabled_users_mask                     0x20002080   Data           4  app_gpiote.o(.data)
    .data                                    0x20002084   Section       20  softdevice_handler.o(.data)
    m_softdevice_enabled                     0x20002084   Data           1  softdevice_handler.o(.data)
    m_ble_evt_buffer_size                    0x20002086   Data           2  softdevice_handler.o(.data)
    m_evt_schedule_func                      0x20002088   Data           4  softdevice_handler.o(.data)
    m_evt_buffer                             0x2000208c   Data           4  softdevice_handler.o(.data)
    m_ble_evt_handler                        0x20002090   Data           4  softdevice_handler.o(.data)
    m_sys_evt_handler                        0x20002094   Data           4  softdevice_handler.o(.data)
    .data                                    0x20002098   Section       28  pstorage.o(.data)
    m_module_initialized                     0x20002098   Data           1  pstorage.o(.data)
    m_next_app_instance                      0x2000209c   Data           4  pstorage.o(.data)
    m_next_page_addr                         0x200020a0   Data           4  pstorage.o(.data)
    m_round_val                              0x200020a4   Data           4  pstorage.o(.data)
    m_swap_state                             0x200020a8   Data           4  pstorage.o(.data)
    m_raw_app_table                          0x200020ac   Data           8  pstorage.o(.data)
    .data                                    0x200020b4   Section        5  hci_mem_pool.o(.data)
    m_is_tx_allocated                        0x200020b4   Data           1  hci_mem_pool.o(.data)
    tx_buffer                                0x200020b5   Data           4  hci_mem_pool.o(.data)
    .data                                    0x200020bc   Section       26  dfu_transport_ble.o(.data)
    m_tear_down_in_progress                  0x200020bc   Data           1  dfu_transport_ble.o(.data)
    m_pkt_rcpt_notif_enabled                 0x200020bd   Data           1  dfu_transport_ble.o(.data)
    m_is_advertising                         0x200020be   Data           1  dfu_transport_ble.o(.data)
    m_conn_handle                            0x200020c0   Data           2  dfu_transport_ble.o(.data)
    m_num_of_firmware_bytes_rcvd             0x200020c2   Data           2  dfu_transport_ble.o(.data)
    m_pkt_notif_target                       0x200020c4   Data           2  dfu_transport_ble.o(.data)
    m_pkt_notif_target_cnt                   0x200020c6   Data           2  dfu_transport_ble.o(.data)
    m_pkt_type                               0x200020c8   Data           4  dfu_transport_ble.o(.data)
    mp_rx_buffer                             0x200020cc   Data           4  dfu_transport_ble.o(.data)
    m_sec_params                             0x200020d0   Data           6  dfu_transport_ble.o(.data)
    .data                                    0x200020d8   Section       24  ble_conn_params.o(.data)
    m_change_param                           0x200020d8   Data           1  ble_conn_params.o(.data)
    m_update_count                           0x200020d9   Data           1  ble_conn_params.o(.data)
    m_conn_handle                            0x200020da   Data           2  ble_conn_params.o(.data)
    m_conn_params_timer_id                   0x200020dc   Data           4  ble_conn_params.o(.data)
    m_preferred_conn_params                  0x200020e0   Data           8  ble_conn_params.o(.data)
    m_current_conn_params                    0x200020e8   Data           8  ble_conn_params.o(.data)
    .bss                                     0x200020f0   Section     1012  main.o(.bss)
    app_gpiote_buf                           0x200020f0   Data          20  main.o(.bss)
    APP_TIMER_BUF                            0x20002104   Data         576  main.o(.bss)
    EVT_BUFFER                               0x20002344   Data          80  main.o(.bss)
    APP_SCHED_BUF                            0x20002394   Data         336  main.o(.bss)
    .bss                                     0x200024e4   Section       76  dfu_dual_bank.o(.bss)
    m_init_packet                            0x200024e4   Data          64  dfu_dual_bank.o(.bss)
    m_storage_module_param                   0x20002524   Data          12  dfu_dual_bank.o(.bss)
    .bss                                     0x20002530   Section       16  bootloader.o(.bss)
    settings                                 0x20002530   Data          16  bootloader.o(.bss)
    .bss                                     0x20002540   Section      264  pstorage.o(.bss)
    m_cmd_queue                              0x20002540   Data         244  pstorage.o(.bss)
    m_app_table                              0x20002634   Data          20  pstorage.o(.bss)
    .bss                                     0x20002648   Section      316  hci_mem_pool.o(.bss)
    m_rx_buffer_elem_queue                   0x20002648   Data         288  hci_mem_pool.o(.bss)
    m_rx_buffer_queue                        0x20002768   Data          28  hci_mem_pool.o(.bss)
    .bss                                     0x20002784   Section       60  dfu_transport_ble.o(.bss)
    m_adv_params                             0x20002784   Data          20  dfu_transport_ble.o(.bss)
    m_dfu                                    0x20002798   Data          40  dfu_transport_ble.o(.bss)
    .bss                                     0x200027c0   Section       28  ble_conn_params.o(.bss)
    m_conn_params_config                     0x200027c0   Data          28  ble_conn_params.o(.bss)
    .bss                                     0x200027dc   Section       96  libspace.o(.bss)
    HEAP                                     0x20002840   Section     1024  arm_startup_nrf51.o(HEAP)
    Heap_Mem                                 0x20002840   Data        1024  arm_startup_nrf51.o(HEAP)
    STACK                                    0x20002c40   Section     2048  arm_startup_nrf51.o(STACK)
    Stack_Mem                                0x20002c40   Data        2048  arm_startup_nrf51.o(STACK)
    __initial_sp                             0x20003440   Data           0  arm_startup_nrf51.o(STACK)

    Global Symbols

    Symbol Name                              Value     Ov Type        Size  Object(Section)

    BuildAttributes$$THM_ISAv3M$S$PE$A:L22$X:L11$S22$IEEE1$IW$USESV6$~STKCKD$USESV7$ENUMINT$~SHL$OSPACE$ROPI$EBA8$UX$STANDARDLIB$REQ8$PRES8$EABIv2 0x00000000   Number         0  anon$$obj.o ABSOLUTE
    __ARM_use_no_argv                        0x00000000   Number         0  main.o ABSOLUTE
    __ARM_exceptions_init                     - Undefined Weak Reference
    __alloca_initialize                       - Undefined Weak Reference
    __cpp_initialize__aeabi_                  - Undefined Weak Reference
    __cxa_finalize                            - Undefined Weak Reference
    __rt_locale                               - Undefined Weak Reference
    __sigvec_lookup                           - Undefined Weak Reference
    _atexit_init                              - Undefined Weak Reference
    _call_atexit_fns                          - Undefined Weak Reference
    _clock_init                               - Undefined Weak Reference
    _fp_trap_init                             - Undefined Weak Reference
    _fp_trap_shutdown                         - Undefined Weak Reference
    _get_lc_collate                           - Undefined Weak Reference
    _get_lc_ctype                             - Undefined Weak Reference
    _get_lc_monetary                          - Undefined Weak Reference
    _get_lc_numeric                           - Undefined Weak Reference
    _get_lc_time                              - Undefined Weak Reference
    _getenv_init                              - Undefined Weak Reference
    _handle_redirection                       - Undefined Weak Reference
    _init_alloc                               - Undefined Weak Reference
    _init_user_alloc                          - Undefined Weak Reference
    _initio                                   - Undefined Weak Reference
    _rand_init                                - Undefined Weak Reference
    _signal_finish                            - Undefined Weak Reference
    _signal_init                              - Undefined Weak Reference
    _terminate_alloc                          - Undefined Weak Reference
    _terminate_user_alloc                     - Undefined Weak Reference
    _terminateio                              - Undefined Weak Reference
    __Vectors_Size                           0x000000c0   Number         0  arm_startup_nrf51.o ABSOLUTE
    __Vectors                                0x0003c000   Data           4  arm_startup_nrf51.o(RESET)
    __Vectors_End                            0x0003c0c0   Data           0  arm_startup_nrf51.o(RESET)
    __main                                   0x0003c0c1   Thumb Code     8  __main.o(!!!main)
    __scatterload                            0x0003c0c9   Thumb Code     0  __scatter.o(!!!scatter)
    __scatterload_rt2                        0x0003c0c9   Thumb Code    52  __scatter.o(!!!scatter)
    __scatterload_rt2_thumb_only             0x0003c0c9   Thumb Code     0  __scatter.o(!!!scatter)
    __scatterload_null                       0x0003c0d9   Thumb Code     0  __scatter.o(!!!scatter)
    __scatterload_copy                       0x0003c105   Thumb Code    26  __scatter_copy.o(!!handler_copy)
    __scatterload_zeroinit                   0x0003c121   Thumb Code    28  __scatter_zi.o(!!handler_zi)
    __rt_lib_init                            0x0003c13d   Thumb Code     0  libinit.o(.ARM.Collect$$libinit$$00000000)
    __rt_lib_init_fp_1                       0x0003c13f   Thumb Code     0  libinit2.o(.ARM.Collect$$libinit$$00000001)
    __rt_lib_init_alloca_1                   0x0003c143   Thumb Code     0  libinit2.o(.ARM.Collect$$libinit$$0000002C)
    __rt_lib_init_argv_1                     0x0003c143   Thumb Code     0  libinit2.o(.ARM.Collect$$libinit$$0000002A)
    __rt_lib_init_atexit_1                   0x0003c143   Thumb Code     0  libinit2.o(.ARM.Collect$$libinit$$00000019)
    __rt_lib_init_clock_1                    0x0003c143   Thumb Code     0  libinit2.o(.ARM.Collect$$libinit$$0000001F)
    __rt_lib_init_cpp_1                      0x0003c143   Thumb Code     0  libinit2.o(.ARM.Collect$$libinit$$00000030)
    __rt_lib_init_exceptions_1               0x0003c143   Thumb Code     0  libinit2.o(.ARM.Collect$$libinit$$0000002E)
    __rt_lib_init_fp_trap_1                  0x0003c143   Thumb Code     0  libinit2.o(.ARM.Collect$$libinit$$0000001D)
    __rt_lib_init_getenv_1                   0x0003c143   Thumb Code     0  libinit2.o(.ARM.Collect$$libinit$$00000021)
    __rt_lib_init_heap_1                     0x0003c143   Thumb Code     0  libinit2.o(.ARM.Collect$$libinit$$00000008)
    __rt_lib_init_lc_collate_1               0x0003c143   Thumb Code     0  libinit2.o(.ARM.Collect$$libinit$$0000000F)
    __rt_lib_init_lc_ctype_1                 0x0003c143   Thumb Code     0  libinit2.o(.ARM.Collect$$libinit$$00000011)
    __rt_lib_init_lc_monetary_1              0x0003c143   Thumb Code     0  libinit2.o(.ARM.Collect$$libinit$$00000013)
    __rt_lib_init_lc_numeric_1               0x0003c143   Thumb Code     0  libinit2.o(.ARM.Collect$$libinit$$00000015)
    __rt_lib_init_lc_time_1                  0x0003c143   Thumb Code     0  libinit2.o(.ARM.Collect$$libinit$$00000017)
    __rt_lib_init_rand_1                     0x0003c143   Thumb Code     0  libinit2.o(.ARM.Collect$$libinit$$0000000C)
    __rt_lib_init_return                     0x0003c143   Thumb Code     0  libinit2.o(.ARM.Collect$$libinit$$00000031)
    __rt_lib_init_signal_1                   0x0003c143   Thumb Code     0  libinit2.o(.ARM.Collect$$libinit$$0000001B)
    __rt_lib_init_stdio_1                    0x0003c143   Thumb Code     0  libinit2.o(.ARM.Collect$$libinit$$00000023)
    __rt_lib_init_user_alloc_1               0x0003c143   Thumb Code     0  libinit2.o(.ARM.Collect$$libinit$$0000000A)
    __rt_lib_shutdown                        0x0003c145   Thumb Code     0  libshutdown.o(.ARM.Collect$$libshutdown$$00000000)
    __rt_lib_shutdown_fp_trap_1              0x0003c147   Thumb Code     0  libshutdown2.o(.ARM.Collect$$libshutdown$$00000006)
    __rt_lib_shutdown_heap_1                 0x0003c147   Thumb Code     0  libshutdown2.o(.ARM.Collect$$libshutdown$$0000000E)
    __rt_lib_shutdown_return                 0x0003c147   Thumb Code     0  libshutdown2.o(.ARM.Collect$$libshutdown$$0000000F)
    __rt_lib_shutdown_signal_1               0x0003c147   Thumb Code     0  libshutdown2.o(.ARM.Collect$$libshutdown$$00000009)
    __rt_lib_shutdown_stdio_1                0x0003c147   Thumb Code     0  libshutdown2.o(.ARM.Collect$$libshutdown$$00000003)
    __rt_lib_shutdown_user_alloc_1           0x0003c147   Thumb Code     0  libshutdown2.o(.ARM.Collect$$libshutdown$$0000000B)
    __rt_entry                               0x0003c149   Thumb Code     0  rtentry.o(.ARM.Collect$$rtentry$$00000000)
    __rt_entry_presh_1                       0x0003c149   Thumb Code     0  rtentry2.o(.ARM.Collect$$rtentry$$00000002)
    __rt_entry_sh                            0x0003c149   Thumb Code     0  rtentry4.o(.ARM.Collect$$rtentry$$00000004)
    __rt_entry_li                            0x0003c14f   Thumb Code     0  rtentry2.o(.ARM.Collect$$rtentry$$0000000A)
    __rt_entry_postsh_1                      0x0003c14f   Thumb Code     0  rtentry2.o(.ARM.Collect$$rtentry$$00000009)
    __rt_entry_main                          0x0003c153   Thumb Code     0  rtentry2.o(.ARM.Collect$$rtentry$$0000000D)
    __rt_entry_postli_1                      0x0003c153   Thumb Code     0  rtentry2.o(.ARM.Collect$$rtentry$$0000000C)
    __rt_exit                                0x0003c15b   Thumb Code     0  rtexit.o(.ARM.Collect$$rtexit$$00000000)
    __rt_exit_ls                             0x0003c15d   Thumb Code     0  rtexit2.o(.ARM.Collect$$rtexit$$00000003)
    __rt_exit_prels_1                        0x0003c15d   Thumb Code     0  rtexit2.o(.ARM.Collect$$rtexit$$00000002)
    __rt_exit_exit                           0x0003c161   Thumb Code     0  rtexit2.o(.ARM.Collect$$rtexit$$00000004)
    StartApplication                         0x0003c169   Thumb Code    12  bootloader_util_arm.o(.emb_text)
    __asm___11_app_timer_c_cd27f9c3__nrf_delay_us 0x0003c175   Thumb Code    30  app_timer.o(.emb_text)
    __aeabi_memcpy4                          0x0003c195   Thumb Code    56  rt_memcpy.o(.emb_text)
    __aeabi_memcpy8                          0x0003c195   Thumb Code     0  rt_memcpy.o(.emb_text)
    SystemInit                               0x0003c1cd   Thumb Code    64  system_nrf51.o(.text)
    Reset_Handler                            0x0003c265   Thumb Code    26  arm_startup_nrf51.o(.text)
    NMI_Handler                              0x0003c27f   Thumb Code     2  arm_startup_nrf51.o(.text)
    HardFault_Handler                        0x0003c281   Thumb Code     2  arm_startup_nrf51.o(.text)
    SVC_Handler                              0x0003c283   Thumb Code     2  arm_startup_nrf51.o(.text)
    PendSV_Handler                           0x0003c285   Thumb Code     2  arm_startup_nrf51.o(.text)
    SysTick_Handler                          0x0003c287   Thumb Code     2  arm_startup_nrf51.o(.text)
    ADC_IRQHandler                           0x0003c289   Thumb Code     0  arm_startup_nrf51.o(.text)
    CCM_AAR_IRQHandler                       0x0003c289   Thumb Code     0  arm_startup_nrf51.o(.text)
    ECB_IRQHandler                           0x0003c289   Thumb Code     0  arm_startup_nrf51.o(.text)
    LPCOMP_IRQHandler                        0x0003c289   Thumb Code     0  arm_startup_nrf51.o(.text)
    POWER_CLOCK_IRQHandler                   0x0003c289   Thumb Code     0  arm_startup_nrf51.o(.text)
    QDEC_IRQHandler                          0x0003c289   Thumb Code     0  arm_startup_nrf51.o(.text)
    RADIO_IRQHandler                         0x0003c289   Thumb Code     0  arm_startup_nrf51.o(.text)
    RNG_IRQHandler                           0x0003c289   Thumb Code     0  arm_startup_nrf51.o(.text)
    RTC0_IRQHandler                          0x0003c289   Thumb Code     0  arm_startup_nrf51.o(.text)
    SPI0_TWI0_IRQHandler                     0x0003c289   Thumb Code     0  arm_startup_nrf51.o(.text)
    SPI1_TWI1_IRQHandler                     0x0003c289   Thumb Code     0  arm_startup_nrf51.o(.text)
    SWI1_IRQHandler                          0x0003c289   Thumb Code     0  arm_startup_nrf51.o(.text)
    SWI3_IRQHandler                          0x0003c289   Thumb Code     0  arm_startup_nrf51.o(.text)
    SWI4_IRQHandler                          0x0003c289   Thumb Code     0  arm_startup_nrf51.o(.text)
    SWI5_IRQHandler                          0x0003c289   Thumb Code     0  arm_startup_nrf51.o(.text)
    TEMP_IRQHandler                          0x0003c289   Thumb Code     0  arm_startup_nrf51.o(.text)
    TIMER0_IRQHandler                        0x0003c289   Thumb Code     0  arm_startup_nrf51.o(.text)
    TIMER1_IRQHandler                        0x0003c289   Thumb Code     0  arm_startup_nrf51.o(.text)
    TIMER2_IRQHandler                        0x0003c289   Thumb Code     0  arm_startup_nrf51.o(.text)
    UART0_IRQHandler                         0x0003c289   Thumb Code     0  arm_startup_nrf51.o(.text)
    WDT_IRQHandler                           0x0003c289   Thumb Code     0  arm_startup_nrf51.o(.text)
    __user_initial_stackheap                 0x0003c28d   Thumb Code     0  arm_startup_nrf51.o(.text)
    app_error_handler                        0x0003c2b9   Thumb Code    12  main.o(.text)
    assert_nrf_callback                      0x0003c2c5   Thumb Code    10  main.o(.text)
    main                                     0x0003c2d7   Thumb Code   258  main.o(.text)
    dfu_init                                 0x0003c5f1   Thumb Code   170  dfu_dual_bank.o(.text)
    dfu_register_callback                    0x0003c69b   Thumb Code     6  dfu_dual_bank.o(.text)
    dfu_image_size_set                       0x0003c6a1   Thumb Code    50  dfu_dual_bank.o(.text)
    dfu_data_pkt_handle                      0x0003c6d3   Thumb Code   110  dfu_dual_bank.o(.text)
    dfu_init_pkt_handle                      0x0003c741   Thumb Code    74  dfu_dual_bank.o(.text)
    dfu_image_validate                       0x0003c78b   Thumb Code    76  dfu_dual_bank.o(.text)
    dfu_image_activate                       0x0003c7d7   Thumb Code   100  dfu_dual_bank.o(.text)
    dfu_reset                                0x0003c83b   Thumb Code    10  dfu_dual_bank.o(.text)
    bootloader_app_is_valid                  0x0003c887   Thumb Code    60  bootloader.o(.text)
    bootloader_dfu_update_process            0x0003c8f9   Thumb Code   142  bootloader.o(.text)
    bootloader_dfu_start                     0x0003c987   Thumb Code    88  bootloader.o(.text)
    bootloader_app_start                     0x0003c9df   Thumb Code    86  bootloader.o(.text)
    bootloader_settings_get                  0x0003ca35   Thumb Code    38  bootloader.o(.text)
    bootloader_util_app_start                0x0003ca7d   Thumb Code     8  bootloader_util_arm.o(.text)
    bootloader_util_settings_get             0x0003ca85   Thumb Code     6  bootloader_util_arm.o(.text)
    ble_dfu_response_send                    0x0003ca91   Thumb Code    86  ble_dfu.o(.text)
    ble_dfu_init                             0x0003cbb9   Thumb Code   116  ble_dfu.o(.text)
    ble_dfu_on_ble_evt                       0x0003cc2d   Thumb Code   116  ble_dfu.o(.text)
    ble_dfu_bytes_rcvd_report                0x0003cca1   Thumb Code   110  ble_dfu.o(.text)
    ble_dfu_pkts_rcpt_notify                 0x0003cd0f   Thumb Code   100  ble_dfu.o(.text)
    RTC1_IRQHandler                          0x0003d0b3   Thumb Code    22  app_timer.o(.text)
    SWI0_IRQHandler                          0x0003d0c9   Thumb Code    76  app_timer.o(.text)
    app_timer_init                           0x0003d115   Thumb Code   166  app_timer.o(.text)
    app_timer_create                         0x0003d1bb   Thumb Code    72  app_timer.o(.text)
    app_timer_start                          0x0003d249   Thumb Code   212  app_timer.o(.text)
    app_timer_stop                           0x0003d31d   Thumb Code    80  app_timer.o(.text)
    app_sched_init                           0x0003d5bd   Thumb Code    40  app_scheduler.o(.text)
    app_sched_event_put                      0x0003d5e5   Thumb Code   236  app_scheduler.o(.text)
    app_sched_execute                        0x0003d6d1   Thumb Code    30  app_scheduler.o(.text)
    GPIOTE_IRQHandler                        0x0003d7b5   Thumb Code   128  app_gpiote.o(.text)
    app_gpiote_init                          0x0003d835   Thumb Code    78  app_gpiote.o(.text)
    crc16_compute                            0x0003d8a5   Thumb Code    54  crc16.o(.text)
    softdevice_assertion_handler             0x0003d8e1   Thumb Code    12  softdevice_handler.o(.text)
    intern_softdevice_events_execute         0x0003d8ed   Thumb Code   124  softdevice_handler.o(.text)
    softdevice_handler_init                  0x0003d969   Thumb Code    40  softdevice_handler.o(.text)
    softdevice_ble_evt_handler_set           0x0003d991   Thumb Code    16  softdevice_handler.o(.text)
    softdevice_sys_evt_handler_set           0x0003d9a1   Thumb Code    16  softdevice_handler.o(.text)
    SWI2_IRQHandler                          0x0003d9b1   Thumb Code    34  softdevice_handler.o(.text)
    pstorage_sys_event_handler               0x0003dc9d   Thumb Code   204  pstorage.o(.text)
    pstorage_init                            0x0003dd69   Thumb Code    82  pstorage.o(.text)
    pstorage_register                        0x0003ddbb   Thumb Code   188  pstorage.o(.text)
    pstorage_store                           0x0003de77   Thumb Code   134  pstorage.o(.text)
    pstorage_load                            0x0003defd   Thumb Code   156  pstorage.o(.text)
    pstorage_clear                           0x0003df99   Thumb Code   116  pstorage.o(.text)
    pstorage_raw_register                    0x0003e00d   Thumb Code    56  pstorage.o(.text)
    pstorage_raw_store                       0x0003e045   Thumb Code    96  pstorage.o(.text)
    pstorage_raw_clear                       0x0003e0a5   Thumb Code    60  pstorage.o(.text)
    hci_mem_pool_open                        0x0003e119   Thumb Code    30  hci_mem_pool.o(.text)
    hci_mem_pool_rx_produce                  0x0003e137   Thumb Code    78  hci_mem_pool.o(.text)
    hci_mem_pool_rx_consume                  0x0003e185   Thumb Code   104  hci_mem_pool.o(.text)
    hci_mem_pool_rx_data_size_set            0x0003e1ed   Thumb Code    24  hci_mem_pool.o(.text)
    hci_mem_pool_rx_extract                  0x0003e205   Thumb Code    68  hci_mem_pool.o(.text)
    dfu_transport_close                      0x0003e3df   Thumb Code    86  dfu_transport_ble.o(.text)
    dfu_transport_update_start               0x0003e5d9   Thumb Code   240  dfu_transport_ble.o(.text)
    ble_conn_params_init                     0x0003e8c3   Thumb Code    72  ble_conn_params.o(.text)
    ble_conn_params_stop                     0x0003e90b   Thumb Code    12  ble_conn_params.o(.text)
    ble_conn_params_on_ble_evt               0x0003e96d   Thumb Code   134  ble_conn_params.o(.text)
    ble_advdata_set                          0x0003ec4d   Thumb Code   102  ble_advdata.o(.text)
    __aeabi_memcpy                           0x0003ee89   Thumb Code   130  rt_memcpy.o(.text)
    __rt_memcpy                              0x0003ee89   Thumb Code     0  rt_memcpy.o(.text)
    _memset_w                                0x0003ef0b   Thumb Code    26  rt_memclr.o(.text)
    _memset                                  0x0003ef25   Thumb Code    30  rt_memclr.o(.text)
    __aeabi_memclr                           0x0003ef43   Thumb Code     4  rt_memclr.o(.text)
    __rt_memclr                              0x0003ef43   Thumb Code     0  rt_memclr.o(.text)
    __aeabi_memclr4                          0x0003ef47   Thumb Code     0  rt_memclr.o(.text)
    __aeabi_memclr8                          0x0003ef47   Thumb Code     0  rt_memclr.o(.text)
    __rt_memclr_w                            0x0003ef47   Thumb Code     4  rt_memclr.o(.text)
    __aeabi_uread4                           0x0003ef4b   Thumb Code    34  uread4.o(.text)
    __rt_uread4                              0x0003ef4b   Thumb Code     0  uread4.o(.text)
    __aeabi_uidiv                            0x0003ef6d   Thumb Code     0  aeabi_sdiv.o(.text)
    __aeabi_uidivmod                         0x0003ef6d   Thumb Code    20  aeabi_sdiv.o(.text)
    __aeabi_idiv                             0x0003ef81   Thumb Code     0  aeabi_sdiv.o(.text)
    __aeabi_idivmod                          0x0003ef81   Thumb Code   326  aeabi_sdiv.o(.text)
    __use_two_region_memory                  0x0003f0c7   Thumb Code     2  heapauxi.o(.text)
    __rt_heap_escrow$2region                 0x0003f0c9   Thumb Code     2  heapauxi.o(.text)
    __rt_heap_expand$2region                 0x0003f0cb   Thumb Code     2  heapauxi.o(.text)
    __user_setup_stackheap                   0x0003f0cd   Thumb Code    62  sys_stackheap_outer.o(.text)
    exit                                     0x0003f10b   Thumb Code    12  exit.o(.text)
    __user_libspace                          0x0003f119   Thumb Code     8  libspace.o(.text)
    __user_perproc_libspace                  0x0003f119   Thumb Code     0  libspace.o(.text)
    __user_perthread_libspace                0x0003f119   Thumb Code     0  libspace.o(.text)
    _sys_exit                                0x0003f121   Thumb Code     8  sys_exit.o(.text)
    __I$use$semihosting                      0x0003f12d   Thumb Code     0  use_no_semi.o(.text)
    __use_no_semihosting_swi                 0x0003f12d   Thumb Code     2  use_no_semi.o(.text)
    __ARM_common_switch8                     0x0003f12f   Thumb Code    26  ble_dfu.o(i.__ARM_common_switch8)
    __semihosting_library_function           0x0003f12f   Thumb Code     0  indicate_semi.o(.text)
    Region$$Table$$Base                      0x0003f168   Number         0  anon$$obj.o(Region$$Table)
    Region$$Table$$Limit                     0x0003f188   Number         0  anon$$obj.o(Region$$Table)
    m_boot_settings                          0x0003fc00   Data        1024  bootloader_util_arm.o(.ARM.__AT_0x0003FC00)
    m_uicr_bootloader_start_address          0x10001014   Data           4  bootloader_util_arm.o(.ARM.__AT_0x10001014)
    SystemCoreClock                          0x20002000   Data           4  system_nrf51.o(.data)
    __libspace_start                         0x200027dc   Data          96  libspace.o(.bss)
    __temporary_stack_top$libspace           0x2000283c   Data           0  libspace.o(.bss)



==============================================================================

Memory Map of the image

  Image Entry point : 0x0003c0c1

  Load Region LR_IROM1 (Base: 0x0003c000, Size: 0x00003278, Max: 0x00004000, ABSOLUTE)

    Execution Region ER_IROM1 (Base: 0x0003c000, Size: 0x00003188, Max: 0x00004000, ABSOLUTE)

    Base Addr    Size         Type   Attr      Idx    E Section Name        Object

    0x0003c000   0x000000c0   Data   RO           68    RESET               arm_startup_nrf51.o
    0x0003c0c0   0x00000008   Code   RO          858  * !!!main             c_p.l(__main.o)
    0x0003c0c8   0x0000003c   Code   RO         1024    !!!scatter          c_p.l(__scatter.o)
    0x0003c104   0x0000001a   Code   RO         1026    !!handler_copy      c_p.l(__scatter_copy.o)
    0x0003c11e   0x00000002   PAD
    0x0003c120   0x0000001c   Code   RO         1028    !!handler_zi        c_p.l(__scatter_zi.o)
    0x0003c13c   0x00000002   Code   RO          896    .ARM.Collect$$libinit$$00000000  c_p.l(libinit.o)
    0x0003c13e   0x00000004   Code   RO          909    .ARM.Collect$$libinit$$00000001  c_p.l(libinit2.o)
    0x0003c142   0x00000000   Code   RO          913    .ARM.Collect$$libinit$$00000008  c_p.l(libinit2.o)
    0x0003c142   0x00000000   Code   RO          915    .ARM.Collect$$libinit$$0000000A  c_p.l(libinit2.o)
    0x0003c142   0x00000000   Code   RO          917    .ARM.Collect$$libinit$$0000000C  c_p.l(libinit2.o)
    0x0003c142   0x00000000   Code   RO          920    .ARM.Collect$$libinit$$0000000F  c_p.l(libinit2.o)
    0x0003c142   0x00000000   Code   RO          922    .ARM.Collect$$libinit$$00000011  c_p.l(libinit2.o)
    0x0003c142   0x00000000   Code   RO          924    .ARM.Collect$$libinit$$00000013  c_p.l(libinit2.o)
    0x0003c142   0x00000000   Code   RO          926    .ARM.Collect$$libinit$$00000015  c_p.l(libinit2.o)
    0x0003c142   0x00000000   Code   RO          928    .ARM.Collect$$libinit$$00000017  c_p.l(libinit2.o)
    0x0003c142   0x00000000   Code   RO          930    .ARM.Collect$$libinit$$00000019  c_p.l(libinit2.o)
    0x0003c142   0x00000000   Code   RO          932    .ARM.Collect$$libinit$$0000001B  c_p.l(libinit2.o)
    0x0003c142   0x00000000   Code   RO          934    .ARM.Collect$$libinit$$0000001D  c_p.l(libinit2.o)
    0x0003c142   0x00000000   Code   RO          936    .ARM.Collect$$libinit$$0000001F  c_p.l(libinit2.o)
    0x0003c142   0x00000000   Code   RO          938    .ARM.Collect$$libinit$$00000021  c_p.l(libinit2.o)
    0x0003c142   0x00000000   Code   RO          940    .ARM.Collect$$libinit$$00000023  c_p.l(libinit2.o)
    0x0003c142   0x00000000   Code   RO          944    .ARM.Collect$$libinit$$0000002A  c_p.l(libinit2.o)
    0x0003c142   0x00000000   Code   RO          946    .ARM.Collect$$libinit$$0000002C  c_p.l(libinit2.o)
    0x0003c142   0x00000000   Code   RO          948    .ARM.Collect$$libinit$$0000002E  c_p.l(libinit2.o)
    0x0003c142   0x00000000   Code   RO          950    .ARM.Collect$$libinit$$00000030  c_p.l(libinit2.o)
    0x0003c142   0x00000002   Code   RO          951    .ARM.Collect$$libinit$$00000031  c_p.l(libinit2.o)
    0x0003c144   0x00000002   Code   RO          982    .ARM.Collect$$libshutdown$$00000000  c_p.l(libshutdown.o)
    0x0003c146   0x00000000   Code   RO         1009    .ARM.Collect$$libshutdown$$00000003  c_p.l(libshutdown2.o)
    0x0003c146   0x00000000   Code   RO         1012    .ARM.Collect$$libshutdown$$00000006  c_p.l(libshutdown2.o)
    0x0003c146   0x00000000   Code   RO         1015    .ARM.Collect$$libshutdown$$00000009  c_p.l(libshutdown2.o)
    0x0003c146   0x00000000   Code   RO         1017    .ARM.Collect$$libshutdown$$0000000B  c_p.l(libshutdown2.o)
    0x0003c146   0x00000000   Code   RO         1020    .ARM.Collect$$libshutdown$$0000000E  c_p.l(libshutdown2.o)
    0x0003c146   0x00000002   Code   RO         1021    .ARM.Collect$$libshutdown$$0000000F  c_p.l(libshutdown2.o)
    0x0003c148   0x00000000   Code   RO          860    .ARM.Collect$$rtentry$$00000000  c_p.l(rtentry.o)
    0x0003c148   0x00000000   Code   RO          866    .ARM.Collect$$rtentry$$00000002  c_p.l(rtentry2.o)
    0x0003c148   0x00000006   Code   RO          878    .ARM.Collect$$rtentry$$00000004  c_p.l(rtentry4.o)
    0x0003c14e   0x00000000   Code   RO          868    .ARM.Collect$$rtentry$$00000009  c_p.l(rtentry2.o)
    0x0003c14e   0x00000004   Code   RO          869    .ARM.Collect$$rtentry$$0000000A  c_p.l(rtentry2.o)
    0x0003c152   0x00000000   Code   RO          871    .ARM.Collect$$rtentry$$0000000C  c_p.l(rtentry2.o)
    0x0003c152   0x00000008   Code   RO          872    .ARM.Collect$$rtentry$$0000000D  c_p.l(rtentry2.o)
    0x0003c15a   0x00000002   Code   RO          901    .ARM.Collect$$rtexit$$00000000  c_p.l(rtexit.o)
    0x0003c15c   0x00000000   Code   RO          955    .ARM.Collect$$rtexit$$00000002  c_p.l(rtexit2.o)
    0x0003c15c   0x00000004   Code   RO          956    .ARM.Collect$$rtexit$$00000003  c_p.l(rtexit2.o)
    0x0003c160   0x00000006   Code   RO          957    .ARM.Collect$$rtexit$$00000004  c_p.l(rtexit2.o)
    0x0003c166   0x00000002   PAD
    0x0003c168   0x0000000c   Code   RO          300    .emb_text           bootloader_util_arm.o
    0x0003c174   0x0000001e   Code   RO          379    .emb_text           app_timer.o
    0x0003c192   0x00000002   PAD
    0x0003c194   0x00000038   Code   RO          844    .emb_text           c_p.l(rt_memcpy.o)
    0x0003c1cc   0x00000098   Code   RO            4    .text               system_nrf51.o
    0x0003c264   0x00000054   Code   RO           69    .text               arm_startup_nrf51.o
    0x0003c2b8   0x000002bc   Code   RO           75    .text               main.o
    0x0003c574   0x000002f4   Code   RO          226    .text               dfu_dual_bank.o
    0x0003c868   0x00000214   Code   RO          271    .text               bootloader.o
    0x0003ca7c   0x00000014   Code   RO          301    .text               bootloader_util_arm.o
    0x0003ca90   0x00000404   Code   RO          327    .text               ble_dfu.o
    0x0003ce94   0x00000728   Code   RO          380    .text               app_timer.o
    0x0003d5bc   0x000001b4   Code   RO          457    .text               app_scheduler.o
    0x0003d770   0x00000134   Code   RO          500    .text               app_gpiote.o
    0x0003d8a4   0x0000003c   Code   RO          561    .text               crc16.o
    0x0003d8e0   0x00000134   Code   RO          575    .text               softdevice_handler.o
    0x0003da14   0x00000704   Code   RO          615    .text               pstorage.o
    0x0003e118   0x0000013c   Code   RO          657    .text               hci_mem_pool.o
    0x0003e254   0x00000618   Code   RO          698    .text               dfu_transport_ble.o
    0x0003e86c   0x000001b0   Code   RO          759    .text               ble_conn_params.o
    0x0003ea1c   0x0000046c   Code   RO          789    .text               ble_advdata.o
    0x0003ee88   0x00000082   Code   RO          845    .text               c_p.l(rt_memcpy.o)
    0x0003ef0a   0x00000040   Code   RO          848    .text               c_p.l(rt_memclr.o)
    0x0003ef4a   0x00000022   Code   RO          850    .text               c_p.l(uread4.o)
    0x0003ef6c   0x0000015a   Code   RO          852    .text               c_p.l(aeabi_sdiv.o)
    0x0003f0c6   0x00000006   Code   RO          856    .text               c_p.l(heapauxi.o)
    0x0003f0cc   0x0000003e   Code   RO          882    .text               c_p.l(sys_stackheap_outer.o)
    0x0003f10a   0x0000000c   Code   RO          885    .text               c_p.l(exit.o)
    0x0003f116   0x00000002   PAD
    0x0003f118   0x00000008   Code   RO          897    .text               c_p.l(libspace.o)
    0x0003f120   0x0000000c   Code   RO          952    .text               c_p.l(sys_exit.o)
    0x0003f12c   0x00000002   Code   RO          971    .text               c_p.l(use_no_semi.o)
    0x0003f12e   0x00000000   Code   RO          973    .text               c_p.l(indicate_semi.o)
    0x0003f12e   0x0000001a   Code   RO          339    i.__ARM_common_switch8  ble_dfu.o
    0x0003f148   0x00000010   Data   RO           77    .constdata          main.o
    0x0003f158   0x00000010   Data   RO          328    .constdata          ble_dfu.o
    0x0003f168   0x00000020   Data   RO         1022    Region$$Table       anon$$obj.o


    Execution Region RW_IRAM1 (Base: 0x20002000, Size: 0x00001440, Max: 0x00002000, ABSOLUTE)

    Base Addr    Size         Type   Attr      Idx    E Section Name        Object

    0x20002000   0x00000004   Data   RW            5    .data               system_nrf51.o
    0x20002004   0x0000002c   Data   RW          228    .data               dfu_dual_bank.o
    0x20002030   0x0000000c   Data   RW          273    .data               bootloader.o
    0x2000203c   0x00000008   Data   RW          329    .data               ble_dfu.o
    0x20002044   0x00000024   Data   RW          384    .data               app_timer.o
    0x20002068   0x00000010   Data   RW          458    .data               app_scheduler.o
    0x20002078   0x0000000c   Data   RW          506    .data               app_gpiote.o
    0x20002084   0x00000014   Data   RW          577    .data               softdevice_handler.o
    0x20002098   0x0000001c   Data   RW          620    .data               pstorage.o
    0x200020b4   0x00000005   Data   RW          662    .data               hci_mem_pool.o
    0x200020b9   0x00000003   PAD
    0x200020bc   0x0000001a   Data   RW          700    .data               dfu_transport_ble.o
    0x200020d6   0x00000002   PAD
    0x200020d8   0x00000018   Data   RW          762    .data               ble_conn_params.o
    0x200020f0   0x000003f4   Zero   RW           76    .bss                main.o
    0x200024e4   0x0000004c   Zero   RW          227    .bss                dfu_dual_bank.o
    0x20002530   0x00000010   Zero   RW          272    .bss                bootloader.o
    0x20002540   0x00000108   Zero   RW          619    .bss                pstorage.o
    0x20002648   0x0000013c   Zero   RW          661    .bss                hci_mem_pool.o
    0x20002784   0x0000003c   Zero   RW          699    .bss                dfu_transport_ble.o
    0x200027c0   0x0000001c   Zero   RW          761    .bss                ble_conn_params.o
    0x200027dc   0x00000060   Zero   RW          898    .bss                c_p.l(libspace.o)
    0x2000283c   0x00000004   PAD
    0x20002840   0x00000400   Zero   RW           67    HEAP                arm_startup_nrf51.o
    0x20002c40   0x00000800   Zero   RW           66    STACK               arm_startup_nrf51.o



  Load Region LR$$.ARM.__AT_0x0003FC00 (Base: 0x0003fc00, Size: 0x00000000, Max: 0x00000400, ABSOLUTE)

    Execution Region ER$$.ARM.__AT_0x0003FC00 (Base: 0x0003fc00, Size: 0x00000400, Max: 0x00000400, ABSOLUTE, UNINIT)

    Base Addr    Size         Type   Attr      Idx    E Section Name        Object

    0x0003fc00   0x00000400   Zero   RW          302    .ARM.__AT_0x0003FC00  bootloader_util_arm.o



  Load Region LR$$.ARM.__AT_0x10001014 (Base: 0x10001014, Size: 0x00000004, Max: 0x00000004, ABSOLUTE)

    Execution Region ER$$.ARM.__AT_0x10001014 (Base: 0x10001014, Size: 0x00000004, Max: 0x00000004, ABSOLUTE, UNINIT)

    Base Addr    Size         Type   Attr      Idx    E Section Name        Object

    0x10001014   0x00000004   Data   RW          303    .ARM.__AT_0x10001014  bootloader_util_arm.o


==============================================================================

Image component sizes


      Code (inc. data)   RO Data    RW Data    ZI Data      Debug   Object Name

       308         34          0         12          0       9388   app_gpiote.o
       436         68          0         16          0      11635   app_scheduler.o
      1862        112          0         36          0      21977   app_timer.o
        84         36        192          0       3072        624   arm_startup_nrf51.o
      1132          6          0          0          0       8334   ble_advdata.o
       432         16          0         24         28       6419   ble_conn_params.o
      1054         28         16          8          0      41467   ble_dfu.o
       532         34          0         12         16       9562   bootloader.o
        32          8          0          4       1024       1863   bootloader_util_arm.o
        60          6          0          0          0       1024   crc16.o
       756         36          0         44         76       7864   dfu_dual_bank.o
      1560        120          0         26         60      21625   dfu_transport_ble.o
       316         12          0          5        316       3510   hci_mem_pool.o
       700        178         16          0       1012      47383   main.o
      1796         28          0         28        264       9933   pstorage.o
       308         66          0         20          0       6730   softdevice_handler.o
       152         22          0          4          0      21707   system_nrf51.o

    ----------------------------------------------------------------------
     11522        810        256        244       5868     231045   Object Totals
         0          0         32          0          0          0   (incl. Generated)
         2          0          0          5          0          0   (incl. Padding)

    ----------------------------------------------------------------------

      Code (inc. data)   RO Data    RW Data    ZI Data      Debug   Library Member Name

         8          0          0          0          0         68   __main.o
        60          8          0          0          0          0   __scatter.o
        26          0          0          0          0          0   __scatter_copy.o
        28          0          0          0          0          0   __scatter_zi.o
       346          0          0          0          0         92   aeabi_sdiv.o
        12          0          0          0          0         64   exit.o
         6          0          0          0          0        136   heapauxi.o
         0          0          0          0          0          0   indicate_semi.o
         2          0          0          0          0          0   libinit.o
         6          0          0          0          0          0   libinit2.o
         2          0          0          0          0          0   libshutdown.o
         2          0          0          0          0          0   libshutdown2.o
         8          4          0          0         96         68   libspace.o
        64          0          0          0          0        108   rt_memclr.o
       186          0          0          0          0        144   rt_memcpy.o
         0          0          0          0          0          0   rtentry.o
        12          0          0          0          0          0   rtentry2.o
         6          0          0          0          0          0   rtentry4.o
         2          0          0          0          0          0   rtexit.o
        10          0          0          0          0          0   rtexit2.o
        12          4          0          0          0         60   sys_exit.o
        62          0          0          0          0         80   sys_stackheap_outer.o
        34          0          0          0          0         60   uread4.o
         2          0          0          0          0         68   use_no_semi.o

    ----------------------------------------------------------------------
       902         16          0          0        100        948   Library Totals
         6          0          0          0          4          0   (incl. Padding)

    ----------------------------------------------------------------------

      Code (inc. data)   RO Data    RW Data    ZI Data      Debug   Library Name

       896         16          0          0         96        948   c_p.l

    ----------------------------------------------------------------------
       902         16          0          0        100        948   Library Totals

    ----------------------------------------------------------------------

==============================================================================


      Code (inc. data)   RO Data    RW Data    ZI Data      Debug   

     12424        826        256        244       5968     230433   Grand Totals
     12424        826        256        244       5968     230433   ELF Image Totals
     12424        826        256        244          0          0   ROM Totals

==============================================================================

    Total RO  Size (Code + RO Data)                12680 (  12.38kB)
    Total RW  Size (RW Data + ZI Data)              6212 (   6.07kB)
    Total ROM Size (Code + RO Data + RW Data)      12924 (  12.62kB)

==============================================================================

